[    0.2s] scSmallEvSmall monitors=5 ceiling=200 hold=0s deadline=300s
[    0.2s] scSmallEvSmall SAMPLE idle         CONN_CNT=0.0 REFUSED=0.0 FD_CNT=5.0 FD_MAX=1000.0 MEM_USED=43278336.0
[    0.3s] scSmallEvSmall UP n=  1 total=  6 total_s= 0.040 connect= 0.000 search= 0.024 create= 0.006 read= 0.009
[    0.3s] scSmallEvSmall UP n=  2 total=  7 total_s= 0.036 connect= 0.000 search= 0.027 create= 0.004 read= 0.004
[    0.3s] scSmallEvSmall UP n=  3 total=  8 total_s= 0.033 connect= 0.000 search= 0.024 create= 0.004 read= 0.004
[    0.4s] scSmallEvSmall UP n=  4 total=  9 total_s= 0.036 connect= 0.000 search= 0.027 create= 0.004 read= 0.004
[    0.4s] scSmallEvSmall UP n=  5 total= 10 total_s= 0.034 connect= 0.000 search= 0.026 create= 0.004 read= 0.004
[    0.4s] scSmallEvSmall UP n=  6 total= 11 total_s= 0.034 connect= 0.000 search= 0.025 create= 0.004 read= 0.004
[    0.5s] scSmallEvSmall UP n=  7 total= 12 total_s= 0.033 connect= 0.000 search= 0.024 create= 0.004 read= 0.004
[    0.5s] scSmallEvSmall UP n=  8 total= 13 total_s= 0.035 connect= 0.000 search= 0.026 create= 0.005 read= 0.004
[    0.5s] scSmallEvSmall UP n=  9 total= 14 total_s= 0.033 connect= 0.000 search= 0.024 create= 0.005 read= 0.004
[    0.6s] scSmallEvSmall UP n= 10 total= 15 total_s= 0.036 connect= 0.000 search= 0.027 create= 0.005 read= 0.004
[    0.6s] scSmallEvSmall UP n= 11 total= 16 total_s= 0.034 connect= 0.000 search= 0.025 create= 0.005 read= 0.004
[    0.6s] scSmallEvSmall UP n= 12 total= 17 total_s= 0.034 connect= 0.000 search= 0.026 create= 0.004 read= 0.004
[    0.7s] scSmallEvSmall UP n= 13 total= 18 total_s= 0.033 connect= 0.000 search= 0.024 create= 0.005 read= 0.004
[    0.7s] scSmallEvSmall UP n= 14 total= 19 total_s= 0.036 connect= 0.000 search= 0.028 create= 0.004 read= 0.004
[    0.7s] scSmallEvSmall UP n= 15 total= 20 total_s= 0.036 connect= 0.000 search= 0.028 create= 0.004 read= 0.004
[    0.8s] scSmallEvSmall UP n= 16 total= 21 total_s= 0.036 connect= 0.000 search= 0.027 create= 0.004 read= 0.004
[    0.8s] scSmallEvSmall UP n= 17 total= 22 total_s= 0.034 connect= 0.000 search= 0.025 create= 0.004 read= 0.004
[    0.9s] scSmallEvSmall UP n= 18 total= 23 total_s= 0.035 connect= 0.000 search= 0.026 create= 0.004 read= 0.004
[    0.9s] scSmallEvSmall UP n= 19 total= 24 total_s= 0.034 connect= 0.000 search= 0.024 create= 0.004 read= 0.005
[    0.9s] scSmallEvSmall UP n= 20 total= 25 total_s= 0.034 connect= 0.000 search= 0.025 create= 0.004 read= 0.004
[    1.0s] scSmallEvSmall UP n= 21 total= 26 total_s= 0.035 connect= 0.000 search= 0.025 create= 0.004 read= 0.006
[    1.0s] scSmallEvSmall UP n= 22 total= 27 total_s= 0.036 connect= 0.000 search= 0.026 create= 0.006 read= 0.004
[    1.0s] scSmallEvSmall UP n= 23 total= 28 total_s= 0.033 connect= 0.000 search= 0.025 create= 0.005 read= 0.004
[    1.1s] scSmallEvSmall UP n= 24 total= 29 total_s= 0.034 connect= 0.000 search= 0.026 create= 0.005 read= 0.004
[    1.1s] scSmallEvSmall UP n= 25 total= 30 total_s= 0.072 connect= 0.000 search= 0.064 create= 0.004 read= 0.003
[    1.2s] scSmallEvSmall UP n= 26 total= 31 total_s= 0.035 connect= 0.000 search= 0.028 create= 0.004 read= 0.003
[    1.2s] scSmallEvSmall UP n= 27 total= 32 total_s= 0.033 connect= 0.000 search= 0.026 create= 0.004 read= 0.003
[    1.2s] scSmallEvSmall UP n= 28 total= 33 total_s= 0.033 connect= 0.000 search= 0.026 create= 0.004 read= 0.003
[    1.3s] scSmallEvSmall UP n= 29 total= 34 total_s= 0.107 connect= 0.000 search= 0.098 create= 0.005 read= 0.004
[    1.4s] scSmallEvSmall UP n= 30 total= 35 total_s= 0.035 connect= 0.000 search= 0.027 create= 0.004 read= 0.004
[    1.4s] scSmallEvSmall UP n= 31 total= 36 total_s= 0.035 connect= 0.000 search= 0.027 create= 0.005 read= 0.004
[    1.4s] scSmallEvSmall UP n= 32 total= 37 total_s= 0.033 connect= 0.000 search= 0.024 create= 0.005 read= 0.004
[    1.5s] scSmallEvSmall UP n= 33 total= 38 total_s= 0.073 connect= 0.000 search= 0.065 create= 0.004 read= 0.004
[    1.5s] scSmallEvSmall UP n= 34 total= 39 total_s= 0.034 connect= 0.000 search= 0.026 create= 0.004 read= 0.004
[    1.6s] scSmallEvSmall UP n= 35 total= 40 total_s= 0.035 connect= 0.000 search= 0.027 create= 0.004 read= 0.004
[    1.6s] scSmallEvSmall UP n= 36 total= 41 total_s= 0.034 connect= 0.000 search= 0.026 create= 0.004 read= 0.003
[    1.7s] scSmallEvSmall UP n= 37 total= 42 total_s= 0.034 connect= 0.000 search= 0.026 create= 0.004 read= 0.004
[    1.7s] scSmallEvSmall UP n= 38 total= 43 total_s= 0.032 connect= 0.000 search= 0.024 create= 0.004 read= 0.004
[    1.7s] scSmallEvSmall UP n= 39 total= 44 total_s= 0.034 connect= 0.000 search= 0.026 create= 0.004 read= 0.004
[    1.8s] scSmallEvSmall UP n= 40 total= 45 total_s= 0.035 connect= 0.000 search= 0.025 create= 0.004 read= 0.005
[    1.8s] scSmallEvSmall UP n= 41 total= 46 total_s= 0.072 connect= 0.000 search= 0.064 create= 0.004 read= 0.004
[    1.9s] scSmallEvSmall UP n= 42 total= 47 total_s= 0.034 connect= 0.000 search= 0.026 create= 0.004 read= 0.004
[    1.9s] scSmallEvSmall UP n= 43 total= 48 total_s= 0.033 connect= 0.000 search= 0.024 create= 0.005 read= 0.003
[    2.0s] scSmallEvSmall UP n= 44 total= 49 total_s= 0.055 connect= 0.000 search= 0.047 create= 0.004 read= 0.004
[    2.0s] scSmallEvSmall UP n= 45 total= 50 total_s= 0.035 connect= 0.000 search= 0.027 create= 0.004 read= 0.004
[    2.0s] scSmallEvSmall UP n= 46 total= 51 total_s= 0.036 connect= 0.000 search= 0.028 create= 0.004 read= 0.004
[    2.1s] scSmallEvSmall UP n= 47 total= 52 total_s= 0.033 connect= 0.000 search= 0.025 create= 0.004 read= 0.004
[    2.1s] scSmallEvSmall UP n= 48 total= 53 total_s= 0.035 connect= 0.000 search= 0.026 create= 0.004 read= 0.005
[    2.2s] scSmallEvSmall UP n= 49 total= 54 total_s= 0.109 connect= 0.000 search= 0.100 create= 0.004 read= 0.004
[    2.2s] scSmallEvSmall UP n= 50 total= 55 total_s= 0.034 connect= 0.000 search= 0.026 create= 0.004 read= 0.004
[    2.3s] scSmallEvSmall UP n= 51 total= 56 total_s= 0.036 connect= 0.000 search= 0.028 create= 0.004 read= 0.004
[    2.3s] scSmallEvSmall UP n= 52 total= 57 total_s= 0.037 connect= 0.000 search= 0.029 create= 0.004 read= 0.004
[    2.3s] scSmallEvSmall UP n= 53 total= 58 total_s= 0.033 connect= 0.000 search= 0.024 create= 0.004 read= 0.004
[    2.4s] scSmallEvSmall UP n= 54 total= 59 total_s= 0.035 connect= 0.000 search= 0.027 create= 0.005 read= 0.004
[    2.4s] scSmallEvSmall UP n= 55 total= 60 total_s= 0.035 connect= 0.000 search= 0.026 create= 0.006 read= 0.004
[    2.4s] scSmallEvSmall UP n= 56 total= 61 total_s= 0.034 connect= 0.000 search= 0.025 create= 0.005 read= 0.004
[    2.5s] scSmallEvSmall UP n= 57 total= 62 total_s= 0.032 connect= 0.000 search= 0.024 create= 0.005 read= 0.004
[    2.5s] scSmallEvSmall UP n= 58 total= 63 total_s= 0.034 connect= 0.000 search= 0.026 create= 0.005 read= 0.004
[    2.6s] scSmallEvSmall UP n= 59 total= 64 total_s= 0.107 connect= 0.000 search= 0.099 create= 0.004 read= 0.004
[    2.7s] scSmallEvSmall UP n= 60 total= 65 total_s= 0.035 connect= 0.000 search= 0.027 create= 0.004 read= 0.004
[    2.7s] scSmallEvSmall UP n= 61 total= 66 total_s= 0.033 connect= 0.000 search= 0.024 create= 0.004 read= 0.004
[    2.7s] scSmallEvSmall UP n= 62 total= 67 total_s= 0.035 connect= 0.000 search= 0.026 create= 0.004 read= 0.004
[    2.8s] scSmallEvSmall UP n= 63 total= 68 total_s= 0.034 connect= 0.000 search= 0.025 create= 0.004 read= 0.004
[    2.9s] scSmallEvSmall UP n= 64 total= 69 total_s= 0.118 connect= 0.000 search= 0.109 create= 0.004 read= 0.004
[    2.9s] scSmallEvSmall UP n= 65 total= 70 total_s= 0.031 connect= 0.000 search= 0.022 create= 0.004 read= 0.004
[    2.9s] scSmallEvSmall UP n= 66 total= 71 total_s= 0.036 connect= 0.000 search= 0.026 create= 0.004 read= 0.005
[    3.0s] scSmallEvSmall UP n= 67 total= 72 total_s= 0.036 connect= 0.000 search= 0.025 create= 0.004 read= 0.007
[    3.0s] scSmallEvSmall UP n= 68 total= 73 total_s= 0.034 connect= 0.000 search= 0.026 create= 0.005 read= 0.004
[    3.0s] scSmallEvSmall UP n= 69 total= 74 total_s= 0.033 connect= 0.000 search= 0.024 create= 0.006 read= 0.004
[    3.1s] scSmallEvSmall UP n= 70 total= 75 total_s= 0.034 connect= 0.000 search= 0.026 create= 0.005 read= 0.004
[    3.1s] scSmallEvSmall UP n= 71 total= 76 total_s= 0.037 connect= 0.000 search= 0.028 create= 0.004 read= 0.004
[    3.1s] scSmallEvSmall UP n= 72 total= 77 total_s= 0.035 connect= 0.000 search= 0.027 create= 0.004 read= 0.004
[    3.2s] scSmallEvSmall UP n= 73 total= 78 total_s= 0.042 connect= 0.000 search= 0.032 create= 0.004 read= 0.005
[    3.2s] scSmallEvSmall UP n= 74 total= 79 total_s= 0.035 connect= 0.000 search= 0.026 create= 0.005 read= 0.004
[    3.3s] scSmallEvSmall UP n= 75 total= 80 total_s= 0.035 connect= 0.000 search= 0.027 create= 0.005 read= 0.004
[   23.3s] scSmallEvSmall FAIL attempt=76 held=75 total=80 elapsed=20.02s OTHER(TimeoutError: timed out)
[   23.3s] scSmallEvSmall FAIL attempt=76 held=75 total=80 elapsed=0.01s ACCEPTED_THEN_EOF
[   23.3s] scSmallEvSmall FAIL attempt=76 held=75 total=80 elapsed=0.02s REFUSED_BY_SERVER(CA_PROTO_ERROR:CAS: no resources for a new client (resource unavailable try again (os error 11))|hex=000b006800000000ffffffff00000030000000000000000000000000000000004341533a206e6f207265736f757263657320666f722061206e657720636c69656e7420287265736f7572636520756e617661696c61626c652074727920616761696e20286f73206572726f72203131292900000000000000)
[   23.3s] scSmallEvSmall FAIL attempt=76 held=75 total=80 elapsed=0.02s REFUSED_BY_SERVER(CA_PROTO_ERROR:CAS: no resources for a new client (resource unavailable try again (os error 11))|hex=000b006800000000ffffffff00000030000000000000000000000000000000004341533a206e6f207265736f757263657320666f722061206e657720636c69656e7420287265736f7572636520756e617661696c61626c652074727920616761696e20286f73206572726f72203131292900000000000000)
[   23.3s] scSmallEvSmall === TOP ===
[   23.3s] scSmallEvSmall D1 client-side served = 75 ramp + 5 monitor = 80
[   23.3s] scSmallEvSmall deadline_hit=False consecutive_failures=4 ceiling_hit=False
[   23.3s] scSmallEvSmall SAMPLE top          CONN_CNT=80.0 REFUSED=0.0 FD_CNT=85.0 FD_MAX=1000.0 MEM_USED=103976960.0
[   23.3s] scSmallEvSmall D2 server-side RTEMS:CA_CONN_CNT = 80.0
[   23.3s] scSmallEvSmall first failure at ramp attempt 76, t=23.3s
[   23.3s] scSmallEvSmall first failure verbatim: OTHER(TimeoutError: timed out)
[   23.3s] scSmallEvSmall phaseramp done
