[    0.2s] scSmall monitors=5 ceiling=200 hold=0s deadline=300s
[    0.3s] scSmall SAMPLE idle         CONN_CNT=0.0 REFUSED=0.0 FD_CNT=5.0 FD_MAX=1000.0 MEM_USED=43278336.0
[    0.3s] scSmall UP n=  1 total=  6 total_s= 0.044 connect= 0.000 search= 0.028 create= 0.006 read= 0.010
[    0.3s] scSmall UP n=  2 total=  7 total_s= 0.035 connect= 0.000 search= 0.026 create= 0.004 read= 0.004
[    0.4s] scSmall UP n=  3 total=  8 total_s= 0.037 connect= 0.000 search= 0.029 create= 0.004 read= 0.004
[    0.4s] scSmall UP n=  4 total=  9 total_s= 0.039 connect= 0.000 search= 0.031 create= 0.004 read= 0.004
[    0.4s] scSmall UP n=  5 total= 10 total_s= 0.039 connect= 0.000 search= 0.031 create= 0.004 read= 0.004
[    0.5s] scSmall UP n=  6 total= 11 total_s= 0.034 connect= 0.000 search= 0.027 create= 0.004 read= 0.004
[    0.5s] scSmall UP n=  7 total= 12 total_s= 0.037 connect= 0.000 search= 0.029 create= 0.004 read= 0.004
[    0.6s] scSmall UP n=  8 total= 13 total_s= 0.036 connect= 0.000 search= 0.028 create= 0.004 read= 0.004
[    0.6s] scSmall UP n=  9 total= 14 total_s= 0.036 connect= 0.000 search= 0.028 create= 0.004 read= 0.004
[    0.6s] scSmall UP n= 10 total= 15 total_s= 0.037 connect= 0.000 search= 0.029 create= 0.004 read= 0.004
[    0.7s] scSmall UP n= 11 total= 16 total_s= 0.038 connect= 0.000 search= 0.030 create= 0.004 read= 0.004
[    0.7s] scSmall UP n= 12 total= 17 total_s= 0.036 connect= 0.000 search= 0.028 create= 0.004 read= 0.004
[    0.7s] scSmall UP n= 13 total= 18 total_s= 0.037 connect= 0.000 search= 0.028 create= 0.005 read= 0.004
[    0.8s] scSmall UP n= 14 total= 19 total_s= 0.035 connect= 0.000 search= 0.027 create= 0.004 read= 0.004
[    0.8s] scSmall UP n= 15 total= 20 total_s= 0.037 connect= 0.000 search= 0.028 create= 0.004 read= 0.004
[    0.9s] scSmall UP n= 16 total= 21 total_s= 0.039 connect= 0.000 search= 0.031 create= 0.004 read= 0.004
[    0.9s] scSmall UP n= 17 total= 22 total_s= 0.036 connect= 0.000 search= 0.027 create= 0.005 read= 0.004
[    0.9s] scSmall UP n= 18 total= 23 total_s= 0.035 connect= 0.000 search= 0.026 create= 0.005 read= 0.004
[    1.0s] scSmall UP n= 19 total= 24 total_s= 0.036 connect= 0.000 search= 0.028 create= 0.004 read= 0.004
[    1.0s] scSmall UP n= 20 total= 25 total_s= 0.036 connect= 0.000 search= 0.028 create= 0.004 read= 0.004
[    1.0s] scSmall UP n= 21 total= 26 total_s= 0.038 connect= 0.000 search= 0.030 create= 0.004 read= 0.004
[    1.1s] scSmall UP n= 22 total= 27 total_s= 0.036 connect= 0.000 search= 0.028 create= 0.004 read= 0.004
[    1.1s] scSmall UP n= 23 total= 28 total_s= 0.037 connect= 0.000 search= 0.028 create= 0.005 read= 0.004
[    1.1s] scSmall UP n= 24 total= 29 total_s= 0.036 connect= 0.000 search= 0.028 create= 0.005 read= 0.004
[    1.2s] scSmall UP n= 25 total= 30 total_s= 0.080 connect= 0.000 search= 0.069 create= 0.004 read= 0.006
[    1.3s] scSmall UP n= 26 total= 31 total_s= 0.039 connect= 0.000 search= 0.031 create= 0.004 read= 0.004
[    1.3s] scSmall UP n= 27 total= 32 total_s= 0.035 connect= 0.000 search= 0.027 create= 0.004 read= 0.004
[    1.4s] scSmall UP n= 28 total= 33 total_s= 0.114 connect= 0.000 search= 0.105 create= 0.005 read= 0.004
[    1.5s] scSmall UP n= 29 total= 34 total_s= 0.042 connect= 0.000 search= 0.034 create= 0.005 read= 0.004
[    1.5s] scSmall UP n= 30 total= 35 total_s= 0.038 connect= 0.000 search= 0.029 create= 0.005 read= 0.004
[    1.5s] scSmall UP n= 31 total= 36 total_s= 0.039 connect= 0.000 search= 0.030 create= 0.004 read= 0.004
[    1.6s] scSmall UP n= 32 total= 37 total_s= 0.035 connect= 0.000 search= 0.027 create= 0.004 read= 0.003
[    1.6s] scSmall UP n= 33 total= 38 total_s= 0.081 connect= 0.000 search= 0.073 create= 0.005 read= 0.004
[    1.7s] scSmall UP n= 34 total= 39 total_s= 0.038 connect= 0.000 search= 0.030 create= 0.004 read= 0.004
[    1.7s] scSmall UP n= 35 total= 40 total_s= 0.036 connect= 0.000 search= 0.027 create= 0.004 read= 0.004
[    1.8s] scSmall UP n= 36 total= 41 total_s= 0.037 connect= 0.000 search= 0.028 create= 0.005 read= 0.003
[    1.8s] scSmall UP n= 37 total= 42 total_s= 0.035 connect= 0.000 search= 0.026 create= 0.005 read= 0.004
[    1.8s] scSmall UP n= 38 total= 43 total_s= 0.037 connect= 0.000 search= 0.029 create= 0.004 read= 0.004
[    1.9s] scSmall UP n= 39 total= 44 total_s= 0.036 connect= 0.000 search= 0.028 create= 0.004 read= 0.004
[    1.9s] scSmall UP n= 40 total= 45 total_s= 0.036 connect= 0.000 search= 0.027 create= 0.004 read= 0.004
[    2.0s] scSmall UP n= 41 total= 46 total_s= 0.078 connect= 0.000 search= 0.070 create= 0.004 read= 0.004
[    2.0s] scSmall UP n= 42 total= 47 total_s= 0.036 connect= 0.000 search= 0.028 create= 0.004 read= 0.004
[    2.1s] scSmall UP n= 43 total= 48 total_s= 0.041 connect= 0.000 search= 0.032 create= 0.005 read= 0.004
[    2.1s] scSmall UP n= 44 total= 49 total_s= 0.060 connect= 0.000 search= 0.052 create= 0.004 read= 0.004
[    2.2s] scSmall UP n= 45 total= 50 total_s= 0.038 connect= 0.000 search= 0.029 create= 0.004 read= 0.004
[    2.2s] scSmall UP n= 46 total= 51 total_s= 0.035 connect= 0.000 search= 0.026 create= 0.005 read= 0.004
[    2.2s] scSmall UP n= 47 total= 52 total_s= 0.037 connect= 0.000 search= 0.027 create= 0.006 read= 0.004
[    2.3s] scSmall UP n= 48 total= 53 total_s= 0.037 connect= 0.000 search= 0.029 create= 0.004 read= 0.004
[    2.4s] scSmall UP n= 49 total= 54 total_s= 0.115 connect= 0.000 search= 0.107 create= 0.004 read= 0.004
[    2.4s] scSmall UP n= 50 total= 55 total_s= 0.036 connect= 0.000 search= 0.028 create= 0.004 read= 0.004
[    2.5s] scSmall UP n= 51 total= 56 total_s= 0.039 connect= 0.000 search= 0.031 create= 0.004 read= 0.004
[    2.5s] scSmall UP n= 52 total= 57 total_s= 0.039 connect= 0.000 search= 0.030 create= 0.005 read= 0.004
[    2.5s] scSmall UP n= 53 total= 58 total_s= 0.036 connect= 0.000 search= 0.028 create= 0.004 read= 0.004
[    2.6s] scSmall UP n= 54 total= 59 total_s= 0.037 connect= 0.000 search= 0.029 create= 0.004 read= 0.003
[    2.6s] scSmall UP n= 55 total= 60 total_s= 0.037 connect= 0.000 search= 0.028 create= 0.004 read= 0.004
[    2.6s] scSmall UP n= 56 total= 61 total_s= 0.040 connect= 0.000 search= 0.029 create= 0.006 read= 0.004
[    2.7s] scSmall UP n= 57 total= 62 total_s= 0.037 connect= 0.000 search= 0.029 create= 0.004 read= 0.004
[    2.7s] scSmall UP n= 58 total= 63 total_s= 0.036 connect= 0.000 search= 0.028 create= 0.004 read= 0.004
[    2.8s] scSmall UP n= 59 total= 64 total_s= 0.115 connect= 0.000 search= 0.104 create= 0.007 read= 0.004
[    2.9s] scSmall UP n= 60 total= 65 total_s= 0.038 connect= 0.000 search= 0.030 create= 0.004 read= 0.004
[    2.9s] scSmall UP n= 61 total= 66 total_s= 0.035 connect= 0.000 search= 0.027 create= 0.004 read= 0.004
[    2.9s] scSmall UP n= 62 total= 67 total_s= 0.036 connect= 0.000 search= 0.026 create= 0.004 read= 0.006
[    3.0s] scSmall FAIL attempt=63 held=62 total=67 elapsed=0.02s REFUSED_BY_SERVER(CA_PROTO_ERROR:CAS: no resources for a new client (resource unavailable try again (os error 11))|hex=000b006800000000ffffffff00000030000000000000000000000000000000004341533a206e6f207265736f757263657320666f722061206e657720636c69656e7420287265736f7572636520756e617661696c61626c652074727920616761696e20286f73206572726f72203131292900000000000000)
[    3.0s] scSmall FAIL attempt=63 held=62 total=67 elapsed=0.02s REFUSED_BY_SERVER(CA_PROTO_ERROR:CAS: no resources for a new client (resource unavailable try again (os error 11))|hex=000b006800000000ffffffff00000030000000000000000000000000000000004341533a206e6f207265736f757263657320666f722061206e657720636c69656e7420287265736f7572636520756e617661696c61626c652074727920616761696e20286f73206572726f72203131292900000000000000)
[    3.0s] scSmall FAIL attempt=63 held=62 total=67 elapsed=0.02s REFUSED_BY_SERVER(CA_PROTO_ERROR:CAS: no resources for a new client (resource unavailable try again (os error 11))|hex=000b006800000000ffffffff00000030000000000000000000000000000000004341533a206e6f207265736f757263657320666f722061206e657720636c69656e7420287265736f7572636520756e617661696c61626c652074727920616761696e20286f73206572726f72203131292900000000000000)
[    3.0s] scSmall FAIL attempt=63 held=62 total=67 elapsed=0.02s REFUSED_BY_SERVER(CA_PROTO_ERROR:CAS: no resources for a new client (resource unavailable try again (os error 11))|hex=000b006800000000ffffffff00000030000000000000000000000000000000004341533a206e6f207265736f757263657320666f722061206e657720636c69656e7420287265736f7572636520756e617661696c61626c652074727920616761696e20286f73206572726f72203131292900000000000000)
[    3.0s] scSmall === TOP ===
[    3.0s] scSmall D1 client-side served = 62 ramp + 5 monitor = 67
[    3.0s] scSmall deadline_hit=False consecutive_failures=4 ceiling_hit=False
[    3.0s] scSmall SAMPLE top          CONN_CNT=0.0 REFUSED=0.0 FD_CNT=5.0 FD_MAX=1000.0 MEM_USED=43278336.0
[    3.0s] scSmall D2 server-side RTEMS:CA_CONN_CNT = 0.0
[    3.0s] scSmall first failure at ramp attempt 63, t=3.0s
[    3.0s] scSmall first failure verbatim: REFUSED_BY_SERVER(CA_PROTO_ERROR:CAS: no resources for a new client (resource unavailable try again (os error 11))|hex=000b006800000000ffffffff00000030000000000000000000000000000000004341533a206e6f207265736f757263657320666f722061206e657720636c69656e7420287265736f7572636520756e617661696c61626c652074727920616761696e20286f73206572726f72203131292900000000000000)
[    3.0s] scSmall phaseramp done
