[    0.2s] scSmall1152 monitors=5 ceiling=200 hold=0s deadline=300s
[    0.2s] scSmall1152 SAMPLE idle         CONN_CNT=0.0 REFUSED=0.0 FD_CNT=5.0 FD_MAX=1000.0 MEM_USED=43278336.0
[    0.3s] scSmall1152 UP n=  1 total=  6 total_s= 0.042 connect= 0.000 search= 0.026 create= 0.007 read= 0.010
[    0.3s] scSmall1152 UP n=  2 total=  7 total_s= 0.033 connect= 0.000 search= 0.025 create= 0.004 read= 0.004
[    0.3s] scSmall1152 UP n=  3 total=  8 total_s= 0.035 connect= 0.000 search= 0.027 create= 0.004 read= 0.004
[    0.4s] scSmall1152 UP n=  4 total=  9 total_s= 0.037 connect= 0.000 search= 0.029 create= 0.004 read= 0.004
[    0.4s] scSmall1152 UP n=  5 total= 10 total_s= 0.035 connect= 0.000 search= 0.026 create= 0.006 read= 0.004
[    0.4s] scSmall1152 UP n=  6 total= 11 total_s= 0.033 connect= 0.000 search= 0.025 create= 0.005 read= 0.004
[    0.5s] scSmall1152 UP n=  7 total= 12 total_s= 0.037 connect= 0.000 search= 0.025 create= 0.008 read= 0.004
[    0.5s] scSmall1152 UP n=  8 total= 13 total_s= 0.034 connect= 0.000 search= 0.026 create= 0.004 read= 0.004
[    0.6s] scSmall1152 UP n=  9 total= 14 total_s= 0.033 connect= 0.000 search= 0.025 create= 0.004 read= 0.003
[    0.6s] scSmall1152 UP n= 10 total= 15 total_s= 0.034 connect= 0.000 search= 0.026 create= 0.004 read= 0.003
[    0.6s] scSmall1152 UP n= 11 total= 16 total_s= 0.034 connect= 0.000 search= 0.026 create= 0.004 read= 0.003
[    0.7s] scSmall1152 UP n= 12 total= 17 total_s= 0.033 connect= 0.000 search= 0.025 create= 0.004 read= 0.003
[    0.7s] scSmall1152 UP n= 13 total= 18 total_s= 0.033 connect= 0.000 search= 0.025 create= 0.004 read= 0.003
[    0.7s] scSmall1152 UP n= 14 total= 19 total_s= 0.034 connect= 0.000 search= 0.026 create= 0.004 read= 0.003
[    0.8s] scSmall1152 UP n= 15 total= 20 total_s= 0.033 connect= 0.000 search= 0.025 create= 0.004 read= 0.003
[    0.8s] scSmall1152 UP n= 16 total= 21 total_s= 0.035 connect= 0.000 search= 0.028 create= 0.004 read= 0.003
[    0.8s] scSmall1152 UP n= 17 total= 22 total_s= 0.034 connect= 0.000 search= 0.026 create= 0.004 read= 0.003
[    0.9s] scSmall1152 UP n= 18 total= 23 total_s= 0.033 connect= 0.000 search= 0.025 create= 0.004 read= 0.003
[    0.9s] scSmall1152 UP n= 19 total= 24 total_s= 0.033 connect= 0.000 search= 0.025 create= 0.004 read= 0.003
[    0.9s] scSmall1152 UP n= 20 total= 25 total_s= 0.034 connect= 0.000 search= 0.026 create= 0.004 read= 0.003
[    1.0s] scSmall1152 UP n= 21 total= 26 total_s= 0.034 connect= 0.000 search= 0.026 create= 0.004 read= 0.003
[    1.0s] scSmall1152 UP n= 22 total= 27 total_s= 0.035 connect= 0.000 search= 0.027 create= 0.004 read= 0.003
[    1.0s] scSmall1152 UP n= 23 total= 28 total_s= 0.035 connect= 0.000 search= 0.027 create= 0.004 read= 0.004
[    1.1s] scSmall1152 UP n= 24 total= 29 total_s= 0.032 connect= 0.000 search= 0.025 create= 0.004 read= 0.003
[    1.1s] scSmall1152 UP n= 25 total= 30 total_s= 0.072 connect= 0.000 search= 0.064 create= 0.005 read= 0.003
[    1.2s] scSmall1152 UP n= 26 total= 31 total_s= 0.036 connect= 0.000 search= 0.026 create= 0.007 read= 0.003
[    1.2s] scSmall1152 UP n= 27 total= 32 total_s= 0.032 connect= 0.000 search= 0.024 create= 0.004 read= 0.004
[    1.2s] scSmall1152 UP n= 28 total= 33 total_s= 0.035 connect= 0.000 search= 0.027 create= 0.004 read= 0.003
[    1.3s] scSmall1152 UP n= 29 total= 34 total_s= 0.104 connect= 0.000 search= 0.096 create= 0.004 read= 0.003
[    1.4s] scSmall1152 UP n= 30 total= 35 total_s= 0.035 connect= 0.000 search= 0.028 create= 0.004 read= 0.003
[    1.4s] scSmall1152 UP n= 31 total= 36 total_s= 0.034 connect= 0.000 search= 0.026 create= 0.004 read= 0.003
[    1.4s] scSmall1152 UP n= 32 total= 37 total_s= 0.033 connect= 0.000 search= 0.025 create= 0.004 read= 0.003
[    1.5s] scSmall1152 UP n= 33 total= 38 total_s= 0.073 connect= 0.000 search= 0.063 create= 0.004 read= 0.005
[    1.5s] scSmall1152 UP n= 34 total= 39 total_s= 0.034 connect= 0.000 search= 0.026 create= 0.004 read= 0.003
[    1.6s] scSmall1152 UP n= 35 total= 40 total_s= 0.036 connect= 0.000 search= 0.028 create= 0.005 read= 0.004
[    1.6s] scSmall1152 UP n= 36 total= 41 total_s= 0.035 connect= 0.000 search= 0.026 create= 0.005 read= 0.004
[    1.7s] scSmall1152 UP n= 37 total= 42 total_s= 0.033 connect= 0.000 search= 0.025 create= 0.004 read= 0.003
[    1.7s] scSmall1152 UP n= 38 total= 43 total_s= 0.033 connect= 0.000 search= 0.025 create= 0.004 read= 0.003
[    1.7s] scSmall1152 UP n= 39 total= 44 total_s= 0.034 connect= 0.000 search= 0.025 create= 0.005 read= 0.003
[    1.8s] scSmall1152 UP n= 40 total= 45 total_s= 0.033 connect= 0.000 search= 0.026 create= 0.004 read= 0.003
[    1.8s] scSmall1152 UP n= 41 total= 46 total_s= 0.075 connect= 0.000 search= 0.067 create= 0.004 read= 0.003
[    1.9s] scSmall1152 UP n= 42 total= 47 total_s= 0.033 connect= 0.000 search= 0.025 create= 0.004 read= 0.003
[    1.9s] scSmall1152 UP n= 43 total= 48 total_s= 0.033 connect= 0.000 search= 0.025 create= 0.004 read= 0.003
[    1.9s] scSmall1152 UP n= 44 total= 49 total_s= 0.055 connect= 0.000 search= 0.047 create= 0.004 read= 0.004
[    2.0s] scSmall1152 UP n= 45 total= 50 total_s= 0.036 connect= 0.000 search= 0.028 create= 0.004 read= 0.004
[    2.0s] scSmall1152 UP n= 46 total= 51 total_s= 0.035 connect= 0.000 search= 0.026 create= 0.006 read= 0.004
[    2.1s] scSmall1152 UP n= 47 total= 52 total_s= 0.034 connect= 0.000 search= 0.026 create= 0.004 read= 0.003
[    2.1s] scSmall1152 UP n= 48 total= 53 total_s= 0.034 connect= 0.000 search= 0.026 create= 0.004 read= 0.004
[    2.2s] scSmall1152 UP n= 49 total= 54 total_s= 0.111 connect= 0.000 search= 0.103 create= 0.004 read= 0.004
[    2.2s] scSmall1152 UP n= 50 total= 55 total_s= 0.035 connect= 0.000 search= 0.026 create= 0.005 read= 0.004
[    2.3s] scSmall1152 UP n= 51 total= 56 total_s= 0.038 connect= 0.000 search= 0.026 create= 0.008 read= 0.004
[    2.3s] scSmall1152 UP n= 52 total= 57 total_s= 0.035 connect= 0.000 search= 0.027 create= 0.004 read= 0.004
[    2.3s] scSmall1152 UP n= 53 total= 58 total_s= 0.036 connect= 0.000 search= 0.028 create= 0.004 read= 0.003
[    2.4s] scSmall1152 UP n= 54 total= 59 total_s= 0.036 connect= 0.000 search= 0.028 create= 0.004 read= 0.004
[    2.4s] scSmall1152 UP n= 55 total= 60 total_s= 0.033 connect= 0.000 search= 0.025 create= 0.004 read= 0.004
[    2.4s] scSmall1152 UP n= 56 total= 61 total_s= 0.035 connect= 0.000 search= 0.026 create= 0.004 read= 0.004
[    2.5s] scSmall1152 UP n= 57 total= 62 total_s= 0.034 connect= 0.000 search= 0.025 create= 0.004 read= 0.004
[    2.5s] scSmall1152 UP n= 58 total= 63 total_s= 0.034 connect= 0.000 search= 0.024 create= 0.004 read= 0.006
[    2.6s] scSmall1152 UP n= 59 total= 64 total_s= 0.109 connect= 0.000 search= 0.101 create= 0.004 read= 0.003
[    2.7s] scSmall1152 UP n= 60 total= 65 total_s= 0.035 connect= 0.000 search= 0.027 create= 0.004 read= 0.003
[    2.7s] scSmall1152 UP n= 61 total= 66 total_s= 0.035 connect= 0.000 search= 0.027 create= 0.004 read= 0.004
[    2.7s] scSmall1152 UP n= 62 total= 67 total_s= 0.036 connect= 0.000 search= 0.028 create= 0.004 read= 0.004
[    2.8s] scSmall1152 UP n= 63 total= 68 total_s= 0.036 connect= 0.000 search= 0.026 create= 0.004 read= 0.006
[    2.8s] scSmall1152 UP n= 64 total= 69 total_s= 0.034 connect= 0.000 search= 0.026 create= 0.004 read= 0.003
[    2.9s] scSmall1152 UP n= 65 total= 70 total_s= 0.108 connect= 0.000 search= 0.100 create= 0.004 read= 0.004
[    2.9s] scSmall1152 UP n= 66 total= 71 total_s= 0.035 connect= 0.000 search= 0.027 create= 0.004 read= 0.004
[    3.0s] scSmall1152 UP n= 67 total= 72 total_s= 0.037 connect= 0.000 search= 0.028 create= 0.004 read= 0.004
[    3.0s] scSmall1152 UP n= 68 total= 73 total_s= 0.036 connect= 0.000 search= 0.027 create= 0.004 read= 0.005
[    3.0s] scSmall1152 UP n= 69 total= 74 total_s= 0.033 connect= 0.000 search= 0.025 create= 0.004 read= 0.004
[    3.1s] scSmall1152 UP n= 70 total= 75 total_s= 0.033 connect= 0.000 search= 0.025 create= 0.004 read= 0.003
[    3.1s] scSmall1152 UP n= 71 total= 76 total_s= 0.034 connect= 0.000 search= 0.025 create= 0.004 read= 0.005
[    3.2s] scSmall1152 UP n= 72 total= 77 total_s= 0.033 connect= 0.000 search= 0.025 create= 0.004 read= 0.003
[    3.3s] scSmall1152 UP n= 73 total= 78 total_s= 0.107 connect= 0.000 search= 0.099 create= 0.004 read= 0.004
[    3.3s] scSmall1152 UP n= 74 total= 79 total_s= 0.035 connect= 0.000 search= 0.027 create= 0.004 read= 0.004
[    3.3s] scSmall1152 UP n= 75 total= 80 total_s= 0.037 connect= 0.000 search= 0.028 create= 0.004 read= 0.004
[    3.4s] scSmall1152 UP n= 76 total= 81 total_s= 0.037 connect= 0.000 search= 0.026 create= 0.004 read= 0.007
[    3.4s] scSmall1152 UP n= 77 total= 82 total_s= 0.034 connect= 0.000 search= 0.026 create= 0.004 read= 0.003
[    3.4s] scSmall1152 UP n= 78 total= 83 total_s= 0.036 connect= 0.000 search= 0.028 create= 0.005 read= 0.003
[    3.5s] scSmall1152 UP n= 79 total= 84 total_s= 0.035 connect= 0.000 search= 0.028 create= 0.004 read= 0.003
[    3.5s] scSmall1152 UP n= 80 total= 85 total_s= 0.033 connect= 0.000 search= 0.025 create= 0.004 read= 0.004
[    3.6s] scSmall1152 UP n= 81 total= 86 total_s= 0.117 connect= 0.000 search= 0.107 create= 0.006 read= 0.004
[    3.7s] scSmall1152 UP n= 82 total= 87 total_s= 0.035 connect= 0.000 search= 0.027 create= 0.004 read= 0.004
[    5.7s] scSmall1152 UP n= 83 total= 88 total_s= 2.055 connect= 0.000 search= 2.047 create= 0.004 read= 0.004
[    5.7s] scSmall1152 UP n= 84 total= 89 total_s= 0.033 connect= 0.000 search= 0.025 create= 0.004 read= 0.004
[    5.8s] scSmall1152 UP n= 85 total= 90 total_s= 0.036 connect= 0.000 search= 0.028 create= 0.004 read= 0.004
[    5.8s] scSmall1152 UP n= 86 total= 91 total_s= 0.035 connect= 0.000 search= 0.026 create= 0.004 read= 0.004
[    5.9s] scSmall1152 UP n= 87 total= 92 total_s= 0.034 connect= 0.000 search= 0.026 create= 0.004 read= 0.004
[    6.0s] scSmall1152 UP n= 88 total= 93 total_s= 0.111 connect= 0.000 search= 0.103 create= 0.004 read= 0.004
[    6.0s] scSmall1152 UP n= 89 total= 94 total_s= 0.037 connect= 0.000 search= 0.029 create= 0.004 read= 0.004
[    6.0s] scSmall1152 UP n= 90 total= 95 total_s= 0.035 connect= 0.000 search= 0.026 create= 0.004 read= 0.004
[    6.1s] scSmall1152 UP n= 91 total= 96 total_s= 0.034 connect= 0.000 search= 0.026 create= 0.004 read= 0.004
[    6.1s] scSmall1152 UP n= 92 total= 97 total_s= 0.033 connect= 0.000 search= 0.024 create= 0.004 read= 0.004
[    6.1s] scSmall1152 UP n= 93 total= 98 total_s= 0.035 connect= 0.000 search= 0.026 create= 0.005 read= 0.004
[    6.2s] scSmall1152 UP n= 94 total= 99 total_s= 0.035 connect= 0.000 search= 0.024 create= 0.007 read= 0.003
[    6.2s] scSmall1152 UP n= 95 total=100 total_s= 0.034 connect= 0.000 search= 0.026 create= 0.005 read= 0.004
[    6.2s] scSmall1152 UP n= 96 total=101 total_s= 0.034 connect= 0.000 search= 0.026 create= 0.004 read= 0.004
[    6.3s] scSmall1152 UP n= 97 total=102 total_s= 0.098 connect= 0.000 search= 0.090 create= 0.005 read= 0.003
[    6.4s] scSmall1152 UP n= 98 total=103 total_s= 0.084 connect= 0.000 search= 0.075 create= 0.005 read= 0.004
[    6.5s] scSmall1152 UP n= 99 total=104 total_s= 0.067 connect= 0.000 search= 0.059 create= 0.004 read= 0.004
[    6.5s] scSmall1152 UP n=100 total=105 total_s= 0.059 connect= 0.000 search= 0.051 create= 0.004 read= 0.004
[   26.6s] scSmall1152 FAIL attempt=101 held=100 total=105 elapsed=20.02s OTHER(TimeoutError: timed out)
[   46.6s] scSmall1152 FAIL attempt=101 held=100 total=105 elapsed=20.02s OTHER(TimeoutError: timed out)
[   66.6s] scSmall1152 FAIL attempt=101 held=100 total=105 elapsed=20.01s OTHER(TimeoutError: timed out)
[   86.6s] scSmall1152 FAIL attempt=101 held=100 total=105 elapsed=20.02s OTHER(TimeoutError: timed out)
[   86.6s] scSmall1152 === TOP ===
[   86.6s] scSmall1152 D1 client-side served = 100 ramp + 5 monitor = 105
[   86.6s] scSmall1152 deadline_hit=False consecutive_failures=4 ceiling_hit=False
[   86.6s] scSmall1152 SAMPLE top          CONN_CNT=105.0 REFUSED=0.0 FD_CNT=111.0 FD_MAX=1000.0 MEM_USED=126087168.0
[   86.6s] scSmall1152 D2 server-side RTEMS:CA_CONN_CNT = 105.0
[   86.6s] scSmall1152 first failure at ramp attempt 101, t=26.6s
[   86.6s] scSmall1152 first failure verbatim: OTHER(TimeoutError: timed out)
[   86.6s] scSmall1152 phaseramp done
