[    0.2s] scMedEvBig monitors=5 ceiling=200 hold=0s deadline=300s
[    0.2s] scMedEvBig SAMPLE idle         CONN_CNT=0.0 REFUSED=0.0 FD_CNT=5.0 FD_MAX=1000.0 MEM_USED=43278336.0
[    0.3s] scMedEvBig UP n=  1 total=  6 total_s= 0.045 connect= 0.000 search= 0.028 create= 0.006 read= 0.010
[    0.3s] scMedEvBig UP n=  2 total=  7 total_s= 0.036 connect= 0.000 search= 0.028 create= 0.004 read= 0.004
[    0.4s] scMedEvBig UP n=  3 total=  8 total_s= 0.035 connect= 0.000 search= 0.027 create= 0.004 read= 0.003
[    0.4s] scMedEvBig UP n=  4 total=  9 total_s= 0.037 connect= 0.000 search= 0.029 create= 0.004 read= 0.003
[    0.4s] scMedEvBig UP n=  5 total= 10 total_s= 0.035 connect= 0.000 search= 0.026 create= 0.004 read= 0.004
[    0.5s] scMedEvBig UP n=  6 total= 11 total_s= 0.037 connect= 0.000 search= 0.028 create= 0.004 read= 0.005
[    0.5s] scMedEvBig UP n=  7 total= 12 total_s= 0.035 connect= 0.000 search= 0.026 create= 0.004 read= 0.004
[    0.5s] scMedEvBig UP n=  8 total= 13 total_s= 0.036 connect= 0.000 search= 0.028 create= 0.004 read= 0.003
[    0.6s] scMedEvBig UP n=  9 total= 14 total_s= 0.034 connect= 0.000 search= 0.026 create= 0.004 read= 0.004
[    0.6s] scMedEvBig UP n= 10 total= 15 total_s= 0.036 connect= 0.000 search= 0.028 create= 0.004 read= 0.003
[    0.6s] scMedEvBig UP n= 11 total= 16 total_s= 0.035 connect= 0.000 search= 0.027 create= 0.004 read= 0.003
[    0.7s] scMedEvBig UP n= 12 total= 17 total_s= 0.038 connect= 0.000 search= 0.030 create= 0.004 read= 0.004
[    0.7s] scMedEvBig UP n= 13 total= 18 total_s= 0.035 connect= 0.000 search= 0.026 create= 0.005 read= 0.003
[    0.7s] scMedEvBig UP n= 14 total= 19 total_s= 0.036 connect= 0.000 search= 0.028 create= 0.005 read= 0.004
[    0.8s] scMedEvBig UP n= 15 total= 20 total_s= 0.035 connect= 0.000 search= 0.027 create= 0.004 read= 0.003
[    0.8s] scMedEvBig UP n= 16 total= 21 total_s= 0.036 connect= 0.000 search= 0.028 create= 0.004 read= 0.003
[    0.9s] scMedEvBig UP n= 17 total= 22 total_s= 0.034 connect= 0.000 search= 0.026 create= 0.004 read= 0.003
[    0.9s] scMedEvBig UP n= 18 total= 23 total_s= 0.038 connect= 0.000 search= 0.030 create= 0.004 read= 0.004
[    0.9s] scMedEvBig UP n= 19 total= 24 total_s= 0.036 connect= 0.000 search= 0.028 create= 0.004 read= 0.004
[    1.0s] scMedEvBig UP n= 20 total= 25 total_s= 0.039 connect= 0.000 search= 0.028 create= 0.008 read= 0.004
[    1.0s] scMedEvBig UP n= 21 total= 26 total_s= 0.036 connect= 0.000 search= 0.029 create= 0.004 read= 0.003
[    1.0s] scMedEvBig UP n= 22 total= 27 total_s= 0.036 connect= 0.000 search= 0.028 create= 0.004 read= 0.003
[    1.1s] scMedEvBig UP n= 23 total= 28 total_s= 0.038 connect= 0.000 search= 0.029 create= 0.004 read= 0.004
[    1.1s] scMedEvBig UP n= 24 total= 29 total_s= 0.036 connect= 0.000 search= 0.027 create= 0.005 read= 0.003
[    1.2s] scMedEvBig UP n= 25 total= 30 total_s= 0.074 connect= 0.000 search= 0.066 create= 0.004 read= 0.003
[    1.2s] scMedEvBig UP n= 26 total= 31 total_s= 0.036 connect= 0.000 search= 0.028 create= 0.004 read= 0.004
[    1.3s] scMedEvBig UP n= 27 total= 32 total_s= 0.039 connect= 0.000 search= 0.029 create= 0.004 read= 0.005
[    1.3s] scMedEvBig UP n= 28 total= 33 total_s= 0.037 connect= 0.000 search= 0.029 create= 0.004 read= 0.003
[    1.4s] scMedEvBig UP n= 29 total= 34 total_s= 0.109 connect= 0.000 search= 0.101 create= 0.004 read= 0.003
[    1.4s] scMedEvBig UP n= 30 total= 35 total_s= 0.037 connect= 0.000 search= 0.028 create= 0.004 read= 0.004
[    1.5s] scMedEvBig UP n= 31 total= 36 total_s= 0.039 connect= 0.000 search= 0.030 create= 0.005 read= 0.004
[    1.5s] scMedEvBig UP n= 32 total= 37 total_s= 0.037 connect= 0.000 search= 0.029 create= 0.004 read= 0.004
[    1.6s] scMedEvBig UP n= 33 total= 38 total_s= 0.074 connect= 0.000 search= 0.066 create= 0.004 read= 0.004
[    1.6s] scMedEvBig UP n= 34 total= 39 total_s= 0.036 connect= 0.000 search= 0.027 create= 0.005 read= 0.004
[    1.7s] scMedEvBig UP n= 35 total= 40 total_s= 0.039 connect= 0.000 search= 0.031 create= 0.004 read= 0.004
[    1.7s] scMedEvBig UP n= 36 total= 41 total_s= 0.035 connect= 0.000 search= 0.027 create= 0.004 read= 0.004
[    1.7s] scMedEvBig UP n= 37 total= 42 total_s= 0.037 connect= 0.000 search= 0.029 create= 0.004 read= 0.004
[    1.8s] scMedEvBig UP n= 38 total= 43 total_s= 0.036 connect= 0.000 search= 0.027 create= 0.004 read= 0.004
[    1.8s] scMedEvBig UP n= 39 total= 44 total_s= 0.038 connect= 0.000 search= 0.029 create= 0.005 read= 0.003
[    1.9s] scMedEvBig UP n= 40 total= 45 total_s= 0.038 connect= 0.000 search= 0.030 create= 0.004 read= 0.004
[    1.9s] scMedEvBig UP n= 41 total= 46 total_s= 0.079 connect= 0.000 search= 0.070 create= 0.005 read= 0.003
[    2.0s] scMedEvBig UP n= 42 total= 47 total_s= 0.036 connect= 0.000 search= 0.028 create= 0.004 read= 0.004
[    2.0s] scMedEvBig UP n= 43 total= 48 total_s= 0.037 connect= 0.000 search= 0.029 create= 0.004 read= 0.004
[    2.0s] scMedEvBig UP n= 44 total= 49 total_s= 0.038 connect= 0.000 search= 0.030 create= 0.004 read= 0.004
[    2.1s] scMedEvBig FAIL attempt=45 held=44 total=49 elapsed=0.02s REFUSED_BY_SERVER(CA_PROTO_ERROR:CAS: no resources for a new client (resource unavailable try again (os error 11))|hex=000b006800000000ffffffff00000030000000000000000000000000000000004341533a206e6f207265736f757263657320666f722061206e657720636c69656e7420287265736f7572636520756e617661696c61626c652074727920616761696e20286f73206572726f72203131292900000000000000)
[    2.1s] scMedEvBig FAIL attempt=45 held=44 total=49 elapsed=0.02s REFUSED_BY_SERVER(CA_PROTO_ERROR:CAS: no resources for a new client (resource unavailable try again (os error 11))|hex=000b006800000000ffffffff00000030000000000000000000000000000000004341533a206e6f207265736f757263657320666f722061206e657720636c69656e7420287265736f7572636520756e617661696c61626c652074727920616761696e20286f73206572726f72203131292900000000000000)
[    2.1s] scMedEvBig FAIL attempt=45 held=44 total=49 elapsed=0.02s REFUSED_BY_SERVER(CA_PROTO_ERROR:CAS: no resources for a new client (resource unavailable try again (os error 11))|hex=000b006800000000ffffffff00000030000000000000000000000000000000004341533a206e6f207265736f757263657320666f722061206e657720636c69656e7420287265736f7572636520756e617661696c61626c652074727920616761696e20286f73206572726f72203131292900000000000000)
[    2.1s] scMedEvBig FAIL attempt=45 held=44 total=49 elapsed=0.02s REFUSED_BY_SERVER(CA_PROTO_ERROR:CAS: no resources for a new client (resource unavailable try again (os error 11))|hex=000b006800000000ffffffff00000030000000000000000000000000000000004341533a206e6f207265736f757263657320666f722061206e657720636c69656e7420287265736f7572636520756e617661696c61626c652074727920616761696e20286f73206572726f72203131292900000000000000)
[    2.1s] scMedEvBig === TOP ===
[    2.1s] scMedEvBig D1 client-side served = 44 ramp + 5 monitor = 49
[    2.1s] scMedEvBig deadline_hit=False consecutive_failures=4 ceiling_hit=False
[    2.1s] scMedEvBig SAMPLE top          CONN_CNT=0.0 REFUSED=0.0 FD_CNT=5.0 FD_MAX=1000.0 MEM_USED=43278336.0
[    2.1s] scMedEvBig D2 server-side RTEMS:CA_CONN_CNT = 0.0
[    2.1s] scMedEvBig first failure at ramp attempt 45, t=2.1s
[    2.1s] scMedEvBig first failure verbatim: REFUSED_BY_SERVER(CA_PROTO_ERROR:CAS: no resources for a new client (resource unavailable try again (os error 11))|hex=000b006800000000ffffffff00000030000000000000000000000000000000004341533a206e6f207265736f757263657320666f722061206e657720636c69656e7420287265736f7572636520756e617661696c61626c652074727920616761696e20286f73206572726f72203131292900000000000000)
[    2.2s] scMedEvBig phaseramp done
