[    0.2s] scMedium monitors=5 ceiling=200 hold=0s deadline=300s
[    0.2s] scMedium SAMPLE idle         CONN_CNT=0.0 REFUSED=0.0 FD_CNT=5.0 FD_MAX=1000.0 MEM_USED=43278336.0
[    0.3s] scMedium UP n=  1 total=  6 total_s= 0.041 connect= 0.000 search= 0.025 create= 0.006 read= 0.009
[    0.3s] scMedium UP n=  2 total=  7 total_s= 0.035 connect= 0.000 search= 0.026 create= 0.005 read= 0.004
[    0.3s] scMedium UP n=  3 total=  8 total_s= 0.037 connect= 0.000 search= 0.028 create= 0.004 read= 0.004
[    0.4s] scMedium UP n=  4 total=  9 total_s= 0.037 connect= 0.000 search= 0.029 create= 0.005 read= 0.003
[    0.4s] scMedium UP n=  5 total= 10 total_s= 0.034 connect= 0.000 search= 0.026 create= 0.005 read= 0.003
[    0.4s] scMedium UP n=  6 total= 11 total_s= 0.034 connect= 0.000 search= 0.026 create= 0.004 read= 0.003
[    0.5s] scMedium UP n=  7 total= 12 total_s= 0.035 connect= 0.000 search= 0.027 create= 0.004 read= 0.003
[    0.5s] scMedium UP n=  8 total= 13 total_s= 0.037 connect= 0.000 search= 0.029 create= 0.004 read= 0.004
[    0.6s] scMedium UP n=  9 total= 14 total_s= 0.035 connect= 0.000 search= 0.027 create= 0.004 read= 0.004
[    0.6s] scMedium UP n= 10 total= 15 total_s= 0.040 connect= 0.000 search= 0.032 create= 0.005 read= 0.004
[    0.6s] scMedium UP n= 11 total= 16 total_s= 0.036 connect= 0.000 search= 0.028 create= 0.005 read= 0.004
[    0.7s] scMedium UP n= 12 total= 17 total_s= 0.035 connect= 0.000 search= 0.027 create= 0.004 read= 0.003
[    0.7s] scMedium UP n= 13 total= 18 total_s= 0.036 connect= 0.000 search= 0.028 create= 0.004 read= 0.004
[    0.7s] scMedium UP n= 14 total= 19 total_s= 0.037 connect= 0.000 search= 0.028 create= 0.004 read= 0.004
[    0.8s] scMedium UP n= 15 total= 20 total_s= 0.039 connect= 0.000 search= 0.030 create= 0.004 read= 0.004
[    0.8s] scMedium UP n= 16 total= 21 total_s= 0.037 connect= 0.000 search= 0.028 create= 0.005 read= 0.004
[    0.8s] scMedium UP n= 17 total= 22 total_s= 0.035 connect= 0.000 search= 0.027 create= 0.004 read= 0.004
[    0.9s] scMedium UP n= 18 total= 23 total_s= 0.036 connect= 0.000 search= 0.028 create= 0.004 read= 0.004
[    0.9s] scMedium UP n= 19 total= 24 total_s= 0.037 connect= 0.000 search= 0.029 create= 0.004 read= 0.004
[    1.0s] scMedium UP n= 20 total= 25 total_s= 0.039 connect= 0.000 search= 0.029 create= 0.004 read= 0.006
[    1.0s] scMedium UP n= 21 total= 26 total_s= 0.035 connect= 0.000 search= 0.027 create= 0.005 read= 0.003
[    1.0s] scMedium UP n= 22 total= 27 total_s= 0.035 connect= 0.000 search= 0.027 create= 0.005 read= 0.004
[    1.1s] scMedium UP n= 23 total= 28 total_s= 0.035 connect= 0.000 search= 0.027 create= 0.004 read= 0.003
[    1.1s] scMedium UP n= 24 total= 29 total_s= 0.035 connect= 0.000 search= 0.027 create= 0.004 read= 0.004
[    1.2s] scMedium UP n= 25 total= 30 total_s= 0.080 connect= 0.000 search= 0.069 create= 0.008 read= 0.004
[    1.2s] scMedium UP n= 26 total= 31 total_s= 0.036 connect= 0.000 search= 0.028 create= 0.004 read= 0.004
[    1.3s] scMedium UP n= 27 total= 32 total_s= 0.035 connect= 0.000 search= 0.027 create= 0.004 read= 0.004
[    1.3s] scMedium UP n= 28 total= 33 total_s= 0.035 connect= 0.000 search= 0.027 create= 0.004 read= 0.004
[    1.4s] scMedium UP n= 29 total= 34 total_s= 0.117 connect= 0.000 search= 0.109 create= 0.004 read= 0.004
[    1.4s] scMedium UP n= 30 total= 35 total_s= 0.038 connect= 0.000 search= 0.029 create= 0.004 read= 0.004
[    1.5s] scMedium UP n= 31 total= 36 total_s= 0.038 connect= 0.000 search= 0.029 create= 0.005 read= 0.004
[    1.5s] scMedium UP n= 32 total= 37 total_s= 0.037 connect= 0.000 search= 0.029 create= 0.004 read= 0.004
[    1.6s] scMedium UP n= 33 total= 38 total_s= 0.079 connect= 0.000 search= 0.071 create= 0.005 read= 0.004
[    1.6s] scMedium UP n= 34 total= 39 total_s= 0.037 connect= 0.000 search= 0.029 create= 0.004 read= 0.004
[    1.7s] scMedium UP n= 35 total= 40 total_s= 0.040 connect= 0.000 search= 0.031 create= 0.004 read= 0.004
[    1.7s] scMedium UP n= 36 total= 41 total_s= 0.035 connect= 0.000 search= 0.027 create= 0.004 read= 0.004
[    1.7s] scMedium UP n= 37 total= 42 total_s= 0.036 connect= 0.000 search= 0.028 create= 0.005 read= 0.004
[    1.8s] scMedium UP n= 38 total= 43 total_s= 0.043 connect= 0.000 search= 0.035 create= 0.004 read= 0.004
[    1.8s] scMedium UP n= 39 total= 44 total_s= 0.038 connect= 0.000 search= 0.030 create= 0.004 read= 0.004
[    1.9s] scMedium UP n= 40 total= 45 total_s= 0.036 connect= 0.000 search= 0.028 create= 0.004 read= 0.003
[    1.9s] scMedium UP n= 41 total= 46 total_s= 0.079 connect= 0.000 search= 0.069 create= 0.004 read= 0.005
[    2.0s] scMedium UP n= 42 total= 47 total_s= 0.040 connect= 0.000 search= 0.028 create= 0.008 read= 0.004
[    2.0s] scMedium UP n= 43 total= 48 total_s= 0.036 connect= 0.000 search= 0.028 create= 0.004 read= 0.003
[    2.1s] scMedium UP n= 44 total= 49 total_s= 0.061 connect= 0.000 search= 0.051 create= 0.005 read= 0.004
[    2.1s] scMedium UP n= 45 total= 50 total_s= 0.036 connect= 0.000 search= 0.027 create= 0.005 read= 0.004
[    2.2s] scMedium UP n= 46 total= 51 total_s= 0.037 connect= 0.000 search= 0.029 create= 0.004 read= 0.004
[    2.2s] scMedium UP n= 47 total= 52 total_s= 0.039 connect= 0.000 search= 0.031 create= 0.004 read= 0.004
[    2.2s] scMedium UP n= 48 total= 53 total_s= 0.036 connect= 0.000 search= 0.028 create= 0.004 read= 0.004
[    2.3s] scMedium UP n= 49 total= 54 total_s= 0.116 connect= 0.000 search= 0.108 create= 0.004 read= 0.004
[    2.4s] scMedium UP n= 50 total= 55 total_s= 0.039 connect= 0.000 search= 0.028 create= 0.007 read= 0.004
[    2.4s] scMedium UP n= 51 total= 56 total_s= 0.037 connect= 0.000 search= 0.029 create= 0.004 read= 0.004
[    2.5s] scMedium UP n= 52 total= 57 total_s= 0.036 connect= 0.000 search= 0.028 create= 0.004 read= 0.004
[    2.5s] scMedium UP n= 53 total= 58 total_s= 0.036 connect= 0.000 search= 0.027 create= 0.004 read= 0.004
[    2.5s] scMedium FAIL attempt=54 held=53 total=58 elapsed=0.05s REFUSED_BY_SERVER(CA_PROTO_ERROR:CAS: no resources for a new client (resource unavailable try again (os error 11))|hex=000b006800000000ffffffff00000030000000000000000000000000000000004341533a206e6f207265736f757263657320666f722061206e657720636c69656e7420287265736f7572636520756e617661696c61626c652074727920616761696e20286f73206572726f72203131292900000000000000)
[    2.6s] scMedium FAIL attempt=54 held=53 total=58 elapsed=0.03s REFUSED_BY_SERVER(CA_PROTO_ERROR:CAS: no resources for a new client (resource unavailable try again (os error 11))|hex=000b006800000000ffffffff00000030000000000000000000000000000000004341533a206e6f207265736f757263657320666f722061206e657720636c69656e7420287265736f7572636520756e617661696c61626c652074727920616761696e20286f73206572726f72203131292900000000000000)
[    2.6s] scMedium FAIL attempt=54 held=53 total=58 elapsed=0.03s REFUSED_BY_SERVER(CA_PROTO_ERROR:CAS: no resources for a new client (resource unavailable try again (os error 11))|hex=000b006800000000ffffffff00000030000000000000000000000000000000004341533a206e6f207265736f757263657320666f722061206e657720636c69656e7420287265736f7572636520756e617661696c61626c652074727920616761696e20286f73206572726f72203131292900000000000000)
[    2.6s] scMedium FAIL attempt=54 held=53 total=58 elapsed=0.03s REFUSED_BY_SERVER(CA_PROTO_ERROR:CAS: no resources for a new client (resource unavailable try again (os error 11))|hex=000b006800000000ffffffff00000030000000000000000000000000000000004341533a206e6f207265736f757263657320666f722061206e657720636c69656e7420287265736f7572636520756e617661696c61626c652074727920616761696e20286f73206572726f72203131292900000000000000)
[    2.6s] scMedium === TOP ===
[    2.6s] scMedium D1 client-side served = 53 ramp + 5 monitor = 58
[    2.6s] scMedium deadline_hit=False consecutive_failures=4 ceiling_hit=False
[    2.7s] scMedium SAMPLE top          CONN_CNT=0.0 REFUSED=0.0 FD_CNT=5.0 FD_MAX=1000.0 MEM_USED=43278336.0
[    2.7s] scMedium D2 server-side RTEMS:CA_CONN_CNT = 0.0
[    2.7s] scMedium first failure at ramp attempt 54, t=2.5s
[    2.7s] scMedium first failure verbatim: REFUSED_BY_SERVER(CA_PROTO_ERROR:CAS: no resources for a new client (resource unavailable try again (os error 11))|hex=000b006800000000ffffffff00000030000000000000000000000000000000004341533a206e6f207265736f757263657320666f722061206e657720636c69656e7420287265736f7572636520756e617661696c61626c652074727920616761696e20286f73206572726f72203131292900000000000000)
[    2.7s] scMedium phaseramp done
