[    0.2s] scBigEvSmall monitors=5 ceiling=200 hold=0s deadline=300s
[    0.2s] scBigEvSmall SAMPLE idle         CONN_CNT=0.0 REFUSED=0.0 FD_CNT=5.0 FD_MAX=1000.0 MEM_USED=43278336.0
[    0.3s] scBigEvSmall UP n=  1 total=  6 total_s= 0.043 connect= 0.000 search= 0.027 create= 0.006 read= 0.009
[    0.3s] scBigEvSmall UP n=  2 total=  7 total_s= 0.036 connect= 0.000 search= 0.028 create= 0.004 read= 0.004
[    0.3s] scBigEvSmall UP n=  3 total=  8 total_s= 0.036 connect= 0.000 search= 0.028 create= 0.004 read= 0.004
[    0.4s] scBigEvSmall UP n=  4 total=  9 total_s= 0.036 connect= 0.000 search= 0.028 create= 0.005 read= 0.004
[    0.4s] scBigEvSmall UP n=  5 total= 10 total_s= 0.040 connect= 0.000 search= 0.031 create= 0.004 read= 0.004
[    0.5s] scBigEvSmall UP n=  6 total= 11 total_s= 0.038 connect= 0.000 search= 0.029 create= 0.004 read= 0.004
[    0.5s] scBigEvSmall UP n=  7 total= 12 total_s= 0.046 connect= 0.000 search= 0.038 create= 0.004 read= 0.004
[    0.5s] scBigEvSmall UP n=  8 total= 13 total_s= 0.036 connect= 0.000 search= 0.028 create= 0.004 read= 0.004
[    0.6s] scBigEvSmall UP n=  9 total= 14 total_s= 0.037 connect= 0.000 search= 0.029 create= 0.004 read= 0.004
[    0.6s] scBigEvSmall UP n= 10 total= 15 total_s= 0.036 connect= 0.000 search= 0.028 create= 0.005 read= 0.004
[    0.6s] scBigEvSmall UP n= 11 total= 16 total_s= 0.036 connect= 0.000 search= 0.027 create= 0.005 read= 0.004
[    0.7s] scBigEvSmall UP n= 12 total= 17 total_s= 0.036 connect= 0.000 search= 0.028 create= 0.004 read= 0.004
[    0.7s] scBigEvSmall UP n= 13 total= 18 total_s= 0.039 connect= 0.000 search= 0.030 create= 0.004 read= 0.004
[    0.8s] scBigEvSmall UP n= 14 total= 19 total_s= 0.036 connect= 0.000 search= 0.028 create= 0.004 read= 0.004
[    0.8s] scBigEvSmall UP n= 15 total= 20 total_s= 0.039 connect= 0.000 search= 0.029 create= 0.006 read= 0.004
[    0.8s] scBigEvSmall UP n= 16 total= 21 total_s= 0.036 connect= 0.000 search= 0.028 create= 0.004 read= 0.004
[    0.9s] scBigEvSmall UP n= 17 total= 22 total_s= 0.037 connect= 0.000 search= 0.029 create= 0.004 read= 0.004
[    0.9s] scBigEvSmall UP n= 18 total= 23 total_s= 0.038 connect= 0.000 search= 0.030 create= 0.004 read= 0.004
[    0.9s] scBigEvSmall UP n= 19 total= 24 total_s= 0.038 connect= 0.000 search= 0.028 create= 0.006 read= 0.004
[    1.0s] scBigEvSmall UP n= 20 total= 25 total_s= 0.037 connect= 0.000 search= 0.028 create= 0.004 read= 0.004
[    1.0s] scBigEvSmall UP n= 21 total= 26 total_s= 0.039 connect= 0.000 search= 0.030 create= 0.005 read= 0.004
[    1.1s] scBigEvSmall UP n= 22 total= 27 total_s= 0.039 connect= 0.000 search= 0.030 create= 0.005 read= 0.004
[    1.1s] scBigEvSmall UP n= 23 total= 28 total_s= 0.038 connect= 0.000 search= 0.027 create= 0.007 read= 0.004
[    1.1s] scBigEvSmall UP n= 24 total= 29 total_s= 0.036 connect= 0.000 search= 0.028 create= 0.004 read= 0.004
[    1.2s] scBigEvSmall UP n= 25 total= 30 total_s= 0.077 connect= 0.000 search= 0.068 create= 0.005 read= 0.004
[    1.3s] scBigEvSmall UP n= 26 total= 31 total_s= 0.037 connect= 0.000 search= 0.029 create= 0.004 read= 0.004
[    1.3s] scBigEvSmall UP n= 27 total= 32 total_s= 0.035 connect= 0.000 search= 0.027 create= 0.004 read= 0.004
[    1.3s] scBigEvSmall UP n= 28 total= 33 total_s= 0.040 connect= 0.000 search= 0.031 create= 0.004 read= 0.004
[    1.4s] scBigEvSmall UP n= 29 total= 34 total_s= 0.110 connect= 0.000 search= 0.102 create= 0.004 read= 0.004
[    1.5s] scBigEvSmall UP n= 30 total= 35 total_s= 0.037 connect= 0.000 search= 0.029 create= 0.004 read= 0.004
[    1.5s] scBigEvSmall UP n= 31 total= 36 total_s= 0.041 connect= 0.000 search= 0.032 create= 0.005 read= 0.004
[    1.6s] scBigEvSmall UP n= 32 total= 37 total_s= 0.038 connect= 0.000 search= 0.030 create= 0.004 read= 0.004
[    1.6s] scBigEvSmall UP n= 33 total= 38 total_s= 0.078 connect= 0.000 search= 0.069 create= 0.005 read= 0.004
[    1.7s] scBigEvSmall UP n= 34 total= 39 total_s= 0.039 connect= 0.000 search= 0.030 create= 0.004 read= 0.004
[    1.7s] scBigEvSmall UP n= 35 total= 40 total_s= 0.042 connect= 0.000 search= 0.033 create= 0.004 read= 0.004
[    1.8s] scBigEvSmall UP n= 36 total= 41 total_s= 0.040 connect= 0.000 search= 0.032 create= 0.004 read= 0.004
[    1.8s] scBigEvSmall UP n= 37 total= 42 total_s= 0.038 connect= 0.000 search= 0.030 create= 0.004 read= 0.004
[    1.8s] scBigEvSmall UP n= 38 total= 43 total_s= 0.038 connect= 0.000 search= 0.030 create= 0.004 read= 0.004
[    1.9s] scBigEvSmall UP n= 39 total= 44 total_s= 0.037 connect= 0.000 search= 0.028 create= 0.005 read= 0.004
[    1.9s] scBigEvSmall UP n= 40 total= 45 total_s= 0.039 connect= 0.000 search= 0.031 create= 0.004 read= 0.004
[    2.0s] scBigEvSmall UP n= 41 total= 46 total_s= 0.077 connect= 0.000 search= 0.069 create= 0.005 read= 0.004
[    2.0s] scBigEvSmall UP n= 42 total= 47 total_s= 0.039 connect= 0.000 search= 0.031 create= 0.004 read= 0.004
[    2.1s] scBigEvSmall UP n= 43 total= 48 total_s= 0.037 connect= 0.000 search= 0.029 create= 0.004 read= 0.004
[    2.1s] scBigEvSmall UP n= 44 total= 49 total_s= 0.061 connect= 0.000 search= 0.053 create= 0.004 read= 0.004
[    2.2s] scBigEvSmall UP n= 45 total= 50 total_s= 0.043 connect= 0.000 search= 0.034 create= 0.004 read= 0.004
[    2.2s] scBigEvSmall UP n= 46 total= 51 total_s= 0.039 connect= 0.000 search= 0.030 create= 0.005 read= 0.004
[    2.2s] scBigEvSmall UP n= 47 total= 52 total_s= 0.038 connect= 0.000 search= 0.030 create= 0.004 read= 0.004
[    2.3s] scBigEvSmall UP n= 48 total= 53 total_s= 0.039 connect= 0.000 search= 0.030 create= 0.004 read= 0.005
[    3.1s] scBigEvSmall FAIL attempt=49 held=48 total=53 elapsed=0.83s ACCEPTED_THEN_EOF
[    3.1s] scBigEvSmall FAIL attempt=49 held=48 total=53 elapsed=0.00s CONNECT_FAIL(errno=104 ECONNRESET)
[    3.1s] scBigEvSmall FAIL attempt=49 held=48 total=53 elapsed=0.00s CONNECT_FAIL(errno=104 ECONNRESET)
[    3.1s] scBigEvSmall FAIL attempt=49 held=48 total=53 elapsed=0.00s CONNECT_FAIL(errno=104 ECONNRESET)
[    3.1s] scBigEvSmall === TOP ===
[    3.1s] scBigEvSmall D1 client-side served = 48 ramp + 5 monitor = 53
[    3.1s] scBigEvSmall deadline_hit=False consecutive_failures=4 ceiling_hit=False
[    3.1s] scBigEvSmall SAMPLE top          CONN_CNT=ERR:OTHER(RuntimeError: EOF) REFUSED=ERR:OTHER(RuntimeError: EOF) FD_CNT=ERR:OTHER(RuntimeError: EOF) FD_MAX=ERR:OTHER(RuntimeError: EOF) MEM_USED=ERR:OTHER(RuntimeError: EOF)
[    3.1s] scBigEvSmall D2 server-side RTEMS:CA_CONN_CNT = ERR:OTHER(RuntimeError: EOF)
[    3.1s] scBigEvSmall first failure at ramp attempt 49, t=3.1s
[    3.1s] scBigEvSmall first failure verbatim: ACCEPTED_THEN_EOF
[    3.1s] scBigEvSmall phaseramp done
