KEYDTOR-BEGIN platform=linux-glibc probe=setorder
KEYDTOR-VARIANT variant=Afirst-setAB created=A,B set_order=A,B kA=0 kB=1
KEYDTOR-THREAD variant=Afirst-setAB set_order=A,B set_A_rc=0 set_B_rc=0 back_A=0xa5a5a5a5 back_B=0xb0b0b0b0
KEYDTOR-R1-A=(nil) variant=Afirst-setAB B_arg=0xb0b0b0b0 A_expected=0xa5a5a5a5 A_live=NO
KEYDTOR-R1-REARM variant=Afirst-setAB rc=0
KEYDTOR-R2-A=(nil) variant=Afirst-setAB B_arg=0xb1b1b1b1 A_expected=0xa5a5a5a5 A_live=NO
KEYDTOR-VARIANT-END variant=Afirst-setAB rounds=2 expected_rounds=2
KEYDTOR-VARIANT variant=Afirst-setBA created=A,B set_order=B,A kA=0 kB=1
KEYDTOR-THREAD variant=Afirst-setBA set_order=B,A set_A_rc=0 set_B_rc=0 back_A=0xa5a5a5a5 back_B=0xb0b0b0b0
KEYDTOR-R1-A=(nil) variant=Afirst-setBA B_arg=0xb0b0b0b0 A_expected=0xa5a5a5a5 A_live=NO
KEYDTOR-R1-REARM variant=Afirst-setBA rc=0
KEYDTOR-R2-A=(nil) variant=Afirst-setBA B_arg=0xb1b1b1b1 A_expected=0xa5a5a5a5 A_live=NO
KEYDTOR-VARIANT-END variant=Afirst-setBA rounds=2 expected_rounds=2
KEYDTOR-VARIANT variant=Bfirst-setAB created=B,A set_order=A,B kA=1 kB=0
KEYDTOR-THREAD variant=Bfirst-setAB set_order=A,B set_A_rc=0 set_B_rc=0 back_A=0xa5a5a5a5 back_B=0xb0b0b0b0
KEYDTOR-R1-A=0xa5a5a5a5 variant=Bfirst-setAB B_arg=0xb0b0b0b0 A_expected=0xa5a5a5a5 A_live=yes
KEYDTOR-R1-REARM variant=Bfirst-setAB rc=0
KEYDTOR-R2-A=(nil) variant=Bfirst-setAB B_arg=0xb1b1b1b1 A_expected=0xa5a5a5a5 A_live=NO
KEYDTOR-VARIANT-END variant=Bfirst-setAB rounds=2 expected_rounds=2
KEYDTOR-VARIANT variant=Bfirst-setBA created=B,A set_order=B,A kA=1 kB=0
KEYDTOR-THREAD variant=Bfirst-setBA set_order=B,A set_A_rc=0 set_B_rc=0 back_A=0xa5a5a5a5 back_B=0xb0b0b0b0
KEYDTOR-R1-A=0xa5a5a5a5 variant=Bfirst-setBA B_arg=0xb0b0b0b0 A_expected=0xa5a5a5a5 A_live=yes
KEYDTOR-R1-REARM variant=Bfirst-setBA rc=0
KEYDTOR-R2-A=(nil) variant=Bfirst-setBA B_arg=0xb1b1b1b1 A_expected=0xa5a5a5a5 A_live=NO
KEYDTOR-VARIANT-END variant=Bfirst-setBA rounds=2 expected_rounds=2
KEYDTOR-DONE
