A local port 38838, IOC pid 3998006
phase 0: 978 events in 10.0s (97.8/s)
baseline VmRSS = 9860 kB
A: flooded 221000 READ_NOTIFY (~8632 KB of replies), reading nothing
t+  10s  VmRSS=9980 kB  delta=+120 kB  server Recv-Q=45184 Send-Q=1357152
t+  20s  VmRSS=9980 kB  delta=+120 kB  server Recv-Q=45184 Send-Q=1357152
t+  30s  VmRSS=9980 kB  delta=+120 kB  server Recv-Q=45184 Send-Q=1357152
t+  40s  VmRSS=9980 kB  delta=+120 kB  server Recv-Q=45184 Send-Q=1357152
t+  50s  VmRSS=9980 kB  delta=+120 kB  server Recv-Q=45184 Send-Q=1357152
t+  60s  VmRSS=9980 kB  delta=+120 kB  server Recv-Q=45184 Send-Q=1357152
t+  70s  VmRSS=9980 kB  delta=+120 kB  server Recv-Q=45184 Send-Q=1357152
t+  80s  VmRSS=9980 kB  delta=+120 kB  server Recv-Q=45184 Send-Q=1357152
t+  90s  VmRSS=9980 kB  delta=+120 kB  server Recv-Q=45184 Send-Q=1357152
t+ 100s  VmRSS=9980 kB  delta=+120 kB  server Recv-Q=45184 Send-Q=1357152
t+ 110s  VmRSS=9980 kB  delta=+120 kB  server Recv-Q=45184 Send-Q=1357152
t+ 120s  VmRSS=9980 kB  delta=+120 kB  server Recv-Q=45184 Send-Q=1357152
t+ 130s  VmRSS=9980 kB  delta=+120 kB  server Recv-Q=45184 Send-Q=1357152
t+ 140s  VmRSS=9980 kB  delta=+120 kB  server Recv-Q=45184 Send-Q=1357152
t+ 150s  VmRSS=9980 kB  delta=+120 kB  server Recv-Q=45184 Send-Q=1357152
t+ 160s  VmRSS=9980 kB  delta=+120 kB  server Recv-Q=45184 Send-Q=1357152
t+ 170s  VmRSS=9980 kB  delta=+120 kB  server Recv-Q=45184 Send-Q=1357152
t+ 180s  VmRSS=9980 kB  delta=+120 kB  server Recv-Q=45184 Send-Q=1357152
t+ 190s  VmRSS=9980 kB  delta=+120 kB  server Recv-Q=45184 Send-Q=1357152
t+ 200s  VmRSS=9980 kB  delta=+120 kB  server Recv-Q=45184 Send-Q=1357152
t+ 210s  VmRSS=9980 kB  delta=+120 kB  server Recv-Q=45184 Send-Q=1357152
t+ 220s  VmRSS=9980 kB  delta=+120 kB  server Recv-Q=45184 Send-Q=1357152
t+ 230s  VmRSS=9980 kB  delta=+120 kB  server Recv-Q=45184 Send-Q=1357152
t+ 240s  VmRSS=9980 kB  delta=+120 kB  server Recv-Q=45184 Send-Q=1357152
t+ 250s  VmRSS=9980 kB  delta=+120 kB  server Recv-Q=45184 Send-Q=1357152
t+ 260s  VmRSS=9980 kB  delta=+120 kB  server Recv-Q=45184 Send-Q=1357152
t+ 270s  VmRSS=9980 kB  delta=+120 kB  server Recv-Q=45184 Send-Q=1357152
t+ 280s  VmRSS=9980 kB  delta=+120 kB  server Recv-Q=45184 Send-Q=1357152
t+ 290s  VmRSS=9980 kB  delta=+120 kB  server Recv-Q=45184 Send-Q=1357152
t+ 300s  VmRSS=9980 kB  delta=+120 kB  server Recv-Q=45184 Send-Q=1357152
t+ 310s  VmRSS=9980 kB  delta=+120 kB  server Recv-Q=45184 Send-Q=1357152
t+ 320s  VmRSS=9980 kB  delta=+120 kB  server Recv-Q=45184 Send-Q=1357152
t+ 331s  VmRSS=9980 kB  delta=+120 kB  server Recv-Q=45184 Send-Q=1357152
t+ 341s  VmRSS=9980 kB  delta=+120 kB  server Recv-Q=45184 Send-Q=1357152
t+ 351s  VmRSS=9980 kB  delta=+120 kB  server Recv-Q=45184 Send-Q=1357152
t+ 361s  VmRSS=9980 kB  delta=+120 kB  server Recv-Q=45184 Send-Q=1357152
t+ 371s  VmRSS=9980 kB  delta=+120 kB  server Recv-Q=45184 Send-Q=1357152
t+ 381s  VmRSS=9980 kB  delta=+120 kB  server Recv-Q=45184 Send-Q=1357152
t+ 391s  VmRSS=9980 kB  delta=+120 kB  server Recv-Q=45184 Send-Q=1357152
t+ 401s  VmRSS=9980 kB  delta=+120 kB  server Recv-Q=45184 Send-Q=1357152
t+ 411s  VmRSS=9980 kB  delta=+120 kB  server Recv-Q=45184 Send-Q=1357152
t+ 421s  VmRSS=9980 kB  delta=+120 kB  server Recv-Q=45184 Send-Q=1357152
t+ 431s  VmRSS=9980 kB  delta=+120 kB  server Recv-Q=45184 Send-Q=1357152
t+ 441s  VmRSS=9980 kB  delta=+120 kB  server Recv-Q=45184 Send-Q=1357152
t+ 451s  VmRSS=9980 kB  delta=+120 kB  server Recv-Q=45184 Send-Q=1357152
t+ 461s  VmRSS=9980 kB  delta=+120 kB  server Recv-Q=45184 Send-Q=1357152
t+ 471s  VmRSS=9980 kB  delta=+120 kB  server Recv-Q=45184 Send-Q=1357152
t+ 481s  VmRSS=9980 kB  delta=+120 kB  server Recv-Q=45184 Send-Q=1357152
t+ 491s  VmRSS=9980 kB  delta=+120 kB  server Recv-Q=45184 Send-Q=1357152
t+ 501s  VmRSS=9980 kB  delta=+120 kB  server Recv-Q=45184 Send-Q=1357152
t+ 511s  VmRSS=9980 kB  delta=+120 kB  server Recv-Q=45184 Send-Q=1357152
t+ 521s  VmRSS=9980 kB  delta=+120 kB  server Recv-Q=45184 Send-Q=1357152
t+ 531s  VmRSS=9980 kB  delta=+120 kB  server Recv-Q=45184 Send-Q=1357152
t+ 541s  VmRSS=9980 kB  delta=+120 kB  server Recv-Q=45184 Send-Q=1357152
t+ 551s  VmRSS=9980 kB  delta=+120 kB  server Recv-Q=45184 Send-Q=1357152
t+ 561s  VmRSS=9980 kB  delta=+120 kB  server Recv-Q=45184 Send-Q=1357152
t+ 571s  VmRSS=9980 kB  delta=+120 kB  server Recv-Q=45184 Send-Q=1357152
t+ 581s  VmRSS=9980 kB  delta=+120 kB  server Recv-Q=45184 Send-Q=1357152
t+ 591s  VmRSS=9980 kB  delta=+120 kB  server Recv-Q=45184 Send-Q=1357152
t+ 601s  VmRSS=9980 kB  delta=+120 kB  server Recv-Q=45184 Send-Q=1357152
