A local port 56376, IOC pid 3829890
phase 0: 982 events in 10.0s (98.2/s)
baseline VmRSS = 10064 kB
A: flooded 221000 READ_NOTIFY (~8632 KB of replies), reading nothing
t+  10s  VmRSS=10712 kB  delta=+648 kB  server Recv-Q=45184 Send-Q=1357200
t+  20s  VmRSS=10812 kB  delta=+748 kB  server Recv-Q=45184 Send-Q=1357200
t+  30s  VmRSS=10904 kB  delta=+840 kB  server Recv-Q=45184 Send-Q=1357200
t+  40s  VmRSS=10996 kB  delta=+932 kB  server Recv-Q=45184 Send-Q=1357200
t+  50s  VmRSS=11092 kB  delta=+1028 kB  server Recv-Q=45184 Send-Q=1357200
t+  60s  VmRSS=11184 kB  delta=+1120 kB  server Recv-Q=45184 Send-Q=1357200
t+  70s  VmRSS=11272 kB  delta=+1208 kB  server Recv-Q=45184 Send-Q=1357200
t+  80s  VmRSS=11372 kB  delta=+1308 kB  server Recv-Q=45184 Send-Q=1357200
t+  90s  VmRSS=11464 kB  delta=+1400 kB  server Recv-Q=45184 Send-Q=1357200
t+ 100s  VmRSS=11556 kB  delta=+1492 kB  server Recv-Q=45184 Send-Q=1357200
t+ 110s  VmRSS=11652 kB  delta=+1588 kB  server Recv-Q=45184 Send-Q=1357200
t+ 120s  VmRSS=11748 kB  delta=+1684 kB  server Recv-Q=45184 Send-Q=1357200
t+ 130s  VmRSS=11836 kB  delta=+1772 kB  server Recv-Q=45184 Send-Q=1357200
t+ 140s  VmRSS=11932 kB  delta=+1868 kB  server Recv-Q=45184 Send-Q=1357200
t+ 150s  VmRSS=12028 kB  delta=+1964 kB  server Recv-Q=45184 Send-Q=1357200
t+ 160s  VmRSS=12120 kB  delta=+2056 kB  server Recv-Q=45184 Send-Q=1357200
t+ 170s  VmRSS=12216 kB  delta=+2152 kB  server Recv-Q=45184 Send-Q=1357200
t+ 180s  VmRSS=12304 kB  delta=+2240 kB  server Recv-Q=45184 Send-Q=1357200
t+ 190s  VmRSS=12400 kB  delta=+2336 kB  server Recv-Q=45184 Send-Q=1357200
t+ 200s  VmRSS=12492 kB  delta=+2428 kB  server Recv-Q=45184 Send-Q=1357200
t+ 210s  VmRSS=12588 kB  delta=+2524 kB  server Recv-Q=45184 Send-Q=1357200
t+ 220s  VmRSS=12680 kB  delta=+2616 kB  server Recv-Q=45184 Send-Q=1357200
t+ 230s  VmRSS=12772 kB  delta=+2708 kB  server Recv-Q=45184 Send-Q=1357200
t+ 240s  VmRSS=12868 kB  delta=+2804 kB  server Recv-Q=45184 Send-Q=1357200
t+ 250s  VmRSS=12960 kB  delta=+2896 kB  server Recv-Q=45184 Send-Q=1357200
t+ 260s  VmRSS=13052 kB  delta=+2988 kB  server Recv-Q=45184 Send-Q=1357200
t+ 270s  VmRSS=13148 kB  delta=+3084 kB  server Recv-Q=45184 Send-Q=1357200
t+ 280s  VmRSS=13240 kB  delta=+3176 kB  server Recv-Q=45184 Send-Q=1357200
t+ 290s  VmRSS=13332 kB  delta=+3268 kB  server Recv-Q=45184 Send-Q=1357200
t+ 300s  VmRSS=13428 kB  delta=+3364 kB  server Recv-Q=45184 Send-Q=1357200
t+ 310s  VmRSS=13524 kB  delta=+3460 kB  server Recv-Q=45184 Send-Q=1357200
t+ 320s  VmRSS=13616 kB  delta=+3552 kB  server Recv-Q=45184 Send-Q=1357200
t+ 330s  VmRSS=13708 kB  delta=+3644 kB  server Recv-Q=45184 Send-Q=1357200
t+ 341s  VmRSS=13804 kB  delta=+3740 kB  server Recv-Q=45184 Send-Q=1357200
t+ 351s  VmRSS=13896 kB  delta=+3832 kB  server Recv-Q=45184 Send-Q=1357200
t+ 361s  VmRSS=13992 kB  delta=+3928 kB  server Recv-Q=45184 Send-Q=1357200
t+ 371s  VmRSS=14080 kB  delta=+4016 kB  server Recv-Q=45184 Send-Q=1357200
t+ 381s  VmRSS=14176 kB  delta=+4112 kB  server Recv-Q=45184 Send-Q=1357200
t+ 391s  VmRSS=14268 kB  delta=+4204 kB  server Recv-Q=45184 Send-Q=1357200
t+ 401s  VmRSS=14360 kB  delta=+4296 kB  server Recv-Q=45184 Send-Q=1357200
t+ 411s  VmRSS=14460 kB  delta=+4396 kB  server Recv-Q=45184 Send-Q=1357200
t+ 421s  VmRSS=14548 kB  delta=+4484 kB  server Recv-Q=45184 Send-Q=1357200
t+ 431s  VmRSS=14648 kB  delta=+4584 kB  server Recv-Q=45184 Send-Q=1357200
t+ 441s  VmRSS=14736 kB  delta=+4672 kB  server Recv-Q=45184 Send-Q=1357200
t+ 451s  VmRSS=14832 kB  delta=+4768 kB  server Recv-Q=45184 Send-Q=1357200
t+ 461s  VmRSS=14924 kB  delta=+4860 kB  server Recv-Q=45184 Send-Q=1357200
t+ 471s  VmRSS=15016 kB  delta=+4952 kB  server Recv-Q=45184 Send-Q=1357200
t+ 481s  VmRSS=15112 kB  delta=+5048 kB  server Recv-Q=45184 Send-Q=1357200
t+ 491s  VmRSS=15204 kB  delta=+5140 kB  server Recv-Q=45184 Send-Q=1357200
t+ 501s  VmRSS=15296 kB  delta=+5232 kB  server Recv-Q=45184 Send-Q=1357200
t+ 511s  VmRSS=15392 kB  delta=+5328 kB  server Recv-Q=45184 Send-Q=1357200
t+ 521s  VmRSS=15488 kB  delta=+5424 kB  server Recv-Q=45184 Send-Q=1357200
t+ 531s  VmRSS=15576 kB  delta=+5512 kB  server Recv-Q=45184 Send-Q=1357200
t+ 541s  VmRSS=15668 kB  delta=+5604 kB  server Recv-Q=45184 Send-Q=1357200
t+ 551s  VmRSS=15764 kB  delta=+5700 kB  server Recv-Q=45184 Send-Q=1357200
t+ 561s  VmRSS=15860 kB  delta=+5796 kB  server Recv-Q=45184 Send-Q=1357200
t+ 571s  VmRSS=15952 kB  delta=+5888 kB  server Recv-Q=45184 Send-Q=1357200
t+ 581s  VmRSS=16048 kB  delta=+5984 kB  server Recv-Q=45184 Send-Q=1357200
t+ 591s  VmRSS=16136 kB  delta=+6072 kB  server Recv-Q=45184 Send-Q=1357200
t+ 601s  VmRSS=16232 kB  delta=+6168 kB  server Recv-Q=45184 Send-Q=1357200
