phase 0: subscription delivered 22 events in 20s (1.10/s)
baseline MEM_FREE = 225910536.0
A: subscribed at 1.10 events/s, now reading nothing
t+  30s  A=connected             MEM_FREE=225899872.0  delta=-10664.0
t+  60s  A=connected             MEM_FREE=225899872.0  delta=-10664.0
t+  90s  A=connected             MEM_FREE=225899872.0  delta=-10664.0
t+ 120s  A=connected             MEM_FREE=225899872.0  delta=-10664.0
t+ 150s  A=connected             MEM_FREE=225899872.0  delta=-10664.0
t+ 180s  A=connected             MEM_FREE=225899872.0  delta=-10664.0
t+ 210s  A=connected             MEM_FREE=225899872.0  delta=-10664.0
t+ 240s  A=connected             MEM_FREE=225899872.0  delta=-10664.0
t+ 270s  A=connected             MEM_FREE=225899872.0  delta=-10664.0
t+ 300s  A=connected             MEM_FREE=225899872.0  delta=-10664.0
t+ 330s  A=connected             MEM_FREE=225899872.0  delta=-10664.0
t+ 360s  A=connected             MEM_FREE=225899872.0  delta=-10664.0
t+ 390s  A=connected             MEM_FREE=225899872.0  delta=-10664.0
t+ 420s  A=connected             MEM_FREE=225899656.0  delta=-10880.0
t+ 450s  A=connected             MEM_FREE=225899656.0  delta=-10880.0
t+ 480s  A=connected             MEM_FREE=225899656.0  delta=-10880.0
t+ 510s  A=connected             MEM_FREE=225899656.0  delta=-10880.0
t+ 540s  A=connected             MEM_FREE=225899656.0  delta=-10880.0
t+ 570s  A=connected             MEM_FREE=225899656.0  delta=-10880.0
t+ 600s  A=connected             MEM_FREE=225899656.0  delta=-10880.0
t+ 630s  A=connected             MEM_FREE=225899656.0  delta=-10880.0
t+ 660s  A=connected             MEM_FREE=225899656.0  delta=-10880.0
t+ 690s  A=connected             MEM_FREE=225899656.0  delta=-10880.0
t+ 720s  A=connected             MEM_FREE=225899656.0  delta=-10880.0
t+ 750s  A=connected             MEM_FREE=225899656.0  delta=-10880.0
t+ 780s  A=connected             MEM_FREE=225899656.0  delta=-10880.0
t+ 810s  A=connected             MEM_FREE=225899656.0  delta=-10880.0
t+ 840s  A=connected             MEM_FREE=225899656.0  delta=-10880.0
t+ 870s  A=connected             MEM_FREE=225899656.0  delta=-10880.0
t+ 900s  A=connected             MEM_FREE=225899656.0  delta=-10880.0
t+ 930s  A=connected             MEM_FREE=225899656.0  delta=-10880.0
t+ 960s  A=connected             MEM_FREE=225899656.0  delta=-10880.0
t+ 990s  A=connected             MEM_FREE=225899656.0  delta=-10880.0
t+1020s  A=connected             MEM_FREE=225899656.0  delta=-10880.0
t+1050s  A=connected             MEM_FREE=225899656.0  delta=-10880.0
t+1080s  A=connected             MEM_FREE=225899656.0  delta=-10880.0
t+1110s  A=connected             MEM_FREE=225899656.0  delta=-10880.0
t+1140s  A=connected             MEM_FREE=225899656.0  delta=-10880.0
t+1170s  A=connected             MEM_FREE=225899656.0  delta=-10880.0
t+1200s  A=connected             MEM_FREE=225899656.0  delta=-10880.0

final: A=connected
after closing A, MEM_FREE=225912440.0 (baseline 225910536.0)
