A: channel up, sid=1 native dtype=6 count=1
A: issued 50000 READ_NOTIFY requests, now reading nothing
t+  30s  A=connected                 B=FAILED (TimeoutError: timed out) in 15.02s
t+  75s  A=connected                 B=FAILED (TimeoutError: no CREATE_CHAN reply) in 10.33s
t+ 115s  A=connected                 B=SERVED in 0.02s
t+ 145s  A=connected                 B=SERVED in 0.02s
t+ 175s  A=connected                 B=SERVED in 0.02s
t+ 205s  A=connected                 B=SERVED in 0.02s
t+ 235s  A=connected                 B=SERVED in 0.02s
t+ 265s  A=connected                 B=SERVED in 0.02s
t+ 295s  A=connected                 B=SERVED in 0.02s
t+ 325s  A=connected                 B=SERVED in 0.02s
t+ 355s  A=connected                 B=SERVED in 0.02s
t+ 385s  A=connected                 B=SERVED in 0.02s
t+ 415s  A=connected                 B=SERVED in 0.02s
t+ 445s  A=connected                 B=SERVED in 0.02s
t+ 475s  A=connected                 B=SERVED in 0.02s
t+ 505s  A=connected                 B=SERVED in 0.02s
t+ 535s  A=connected                 B=SERVED in 0.02s
t+ 565s  A=connected                 B=SERVED in 0.02s
t+ 595s  A=connected                 B=SERVED in 0.02s
t+ 625s  A=connected                 B=SERVED in 0.02s
t+ 655s  A=connected                 B=SERVED in 0.02s
t+ 685s  A=connected                 B=SERVED in 0.02s
t+ 715s  A=connected                 B=SERVED in 0.02s
t+ 745s  A=connected                 B=SERVED in 0.02s
t+ 775s  A=connected                 B=SERVED in 0.02s
t+ 805s  A=connected                 B=SERVED in 0.02s
t+ 835s  A=connected                 B=SERVED in 0.02s
t+ 865s  A=connected                 B=SERVED in 0.02s
t+ 895s  A=connected                 B=SERVED in 0.02s
t+ 925s  A=connected                 B=SERVED in 0.02s
t+ 955s  A=connected                 B=SERVED in 0.02s
t+ 985s  A=connected                 B=SERVED in 0.02s
t+1015s  A=connected                 B=SERVED in 0.02s
t+1045s  A=connected                 B=SERVED in 0.02s
t+1075s  A=connected                 B=SERVED in 0.02s
t+1105s  A=connected                 B=SERVED in 0.02s
t+1135s  A=connected                 B=SERVED in 0.02s
t+1165s  A=connected                 B=SERVED in 0.02s
t+1196s  A=connected                 B=SERVED in 0.02s
t+1226s  A=connected                 B=SERVED in 0.02s
t+1256s  A=connected                 B=SERVED in 0.02s
t+1286s  A=connected                 B=SERVED in 0.02s
t+1316s  A=connected                 B=SERVED in 0.02s
t+1346s  A=connected                 B=SERVED in 0.02s
t+1376s  A=connected                 B=SERVED in 0.02s
t+1406s  A=connected                 B=SERVED in 0.02s
t+1436s  A=connected                 B=SERVED in 0.02s
t+1466s  A=connected                 B=SERVED in 0.02s
t+1496s  A=connected                 B=SERVED in 0.02s
t+1526s  A=connected                 B=SERVED in 0.02s
t+1556s  A=connected                 B=SERVED in 0.02s
t+1586s  A=connected                 B=SERVED in 0.02s
t+1616s  A=connected                 B=SERVED in 0.02s
t+1646s  A=connected                 B=SERVED in 0.02s
t+1676s  A=connected                 B=SERVED in 0.02s
t+1706s  A=connected                 B=SERVED in 0.02s
t+1736s  A=connected                 B=SERVED in 0.02s
t+1766s  A=connected                 B=SERVED in 0.02s
t+1796s  A=connected                 B=SERVED in 0.02s
t+1826s  A=connected                 B=SERVED in 0.02s

final: A=connected after 1800s of reading nothing
A closed; the server may now reap it.
