qemu-system-arm: warning: nic cadence_gem.1 has no peer

rtems-boot: POSIX_Init entered (RTEMS rtems-6.0.0 (ARM/ARMv4/xilinx_zynq_a9_qemu))
rtems-boot: initializing libbsd
nexus0: <RTEMS Nexus device>
cgem0: <Cadence CGEM Gigabit Ethernet Interface> on nexus0
miibus0: <MII bus> on cgem0
e1000phy0: <Marvell 88E1111 Gigabit PHY> PHY 7 on miibus0
e1000phy0:  none, 10baseT, 10baseT-FDX, 100baseTX, 100baseTX-FDX, 1000baseT-FDX, 1000baseT-FDX-master, auto
info: cgem0: Ethernet address: 52:54:00:12:34:70
arasan_sdhci1: <Arasan SDIO> on nexus0
arasan_sdhci1-slot0: Hardware doesn't specify base clock frequency, using 50MHz as default.
arasan_sdhci1-slot0: Hardware doesn't specify timeout clock frequency, setting BROKEN_TIMEOUT quirk.
arasan_sdhci0: <Arasan SDIO> on nexus0
arasan_sdhci0-slot0: Hardware doesn't specify base clock frequency, using 50MHz as default.
arasan_sdhci0-slot0: Hardware doesn't specify timeout clock frequency, setting BROKEN_TIMEOUT quirk.
zy7_slcr0: <Zynq-7000 slcr block> on nexus0
info: lo0: link state changed to UP
info: version 6.2.1 starting
cgem0: cgem_mediachange: could not set ref clk0 to 25000000.
info: cgem0: link state changed to UP
debug: cgem0: executing `epics-rs boot' PREINIT
rtems-boot: dhcpcd --> interface=cgem0
rtems-boot: dhcpcd --> reason=PREINIT
rtems-boot: dhcpcd --> pid=1
rtems-boot: dhcpcd --> ifmetric=201
rtems-boot: dhcpcd --> ifwireless=0
rtems-boot: dhcpcd --> ifflags=4294936643
rtems-boot: dhcpcd --> ifmtu=1500
rtems-boot: dhcpcd --> interface_order=cgem0
rtems-boot: dhcpcd --> if_up=false
rtems-boot: dhcpcd --> if_down=true
debug: cgem0: executing `epics-rs boot' CARRIER
rtems-boot: dhcpcd --> interface=cgem0
rtems-boot: dhcpcd --> reason=CARRIER
rtems-boot: dhcpcd --> pid=1
rtems-boot: dhcpcd --> ifmetric=201
rtems-boot: dhcpcd --> ifwireless=0
rtems-boot: dhcpcd --> ifflags=4294936643
rtems-boot: dhcpcd --> ifmtu=1500
rtems-boot: dhcpcd --> interface_order=cgem0
rtems-boot: dhcpcd --> if_up=false
rtems-boot: dhcpcd --> if_down=true
debug: cgem0: using hwaddr 52:54:00:12:34:70
info: cgem0: soliciting a DHCP lease
debug: cgem0: sending DISCOVER (xid 0x16ffe6a3), next in %0.1f seconds
info: cgem0: offered 10.0.2.15 from 10.0.2.2
debug: cgem0: sending REQUEST (xid 0x16ffe6a3), next in %0.1f seconds
debug: cgem0: acknowledged 10.0.2.15 from 10.0.2.2
debug: cgem0: checking for 10.0.2.15
debug: cgem0: sending ARP probe (1 of 3), next in %0.1f seconds
info: cgem0: carrier lost
debug: cgem0: executing `epics-rs boot' NOCARRIER
rtems-boot: dhcpcd --> interface=cgem0
rtems-boot: dhcpcd --> reason=NOCARRIER
rtems-boot: dhcpcd --> pid=1
rtems-boot: dhcpcd --> ifmetric=201
rtems-boot: dhcpcd --> ifwireless=0
rtems-boot: dhcpcd --> ifflags=34818
rtems-boot: dhcpcd --> ifmtu=1500
rtems-boot: dhcpcd --> interface_order=cgem0
rtems-boot: dhcpcd --> if_up=false
rtems-boot: dhcpcd --> if_down=true
info: cgem0: carrier acquired
debug: cgem0: executing `epics-rs boot' CARRIER
rtems-boot: dhcpcd --> interface=cgem0
rtems-boot: dhcpcd --> reason=CARRIER
rtems-boot: dhcpcd --> pid=1
rtems-boot: dhcpcd --> ifmetric=201
rtems-boot: dhcpcd --> ifwireless=0
rtems-boot: dhcpcd --> ifflags=4294936643
rtems-boot: dhcpcd --> ifmtu=1500
rtems-boot: dhcpcd --> interface_order=cgem0
rtems-boot: dhcpcd --> if_up=false
rtems-boot: dhcpcd --> if_down=true
debug: cgem0: using hwaddr 52:54:00:12:34:70
info: cgem0: soliciting a DHCP lease
debug: cgem0: sending DISCOVER (xid 0x645f1949), next in %0.1f seconds
info: cgem0: offered 10.0.2.15 from 10.0.2.2
debug: cgem0: sending REQUEST (xid 0x645f1949), next in %0.1f seconds
debug: cgem0: acknowledged 10.0.2.15 from 10.0.2.2
debug: cgem0: checking for 10.0.2.15
debug: cgem0: sending ARP probe (1 of 3), next in %0.1f seconds
debug: cgem0: sending ARP probe (2 of 3), next in %0.1f seconds
debug: cgem0: sending ARP probe (3 of 3), next in %0.1f seconds
info: cgem0: leased 10.0.2.15 for 86400 seconds
debug: cgem0: renew in 43200 seconds, rebind in 75600 seconds
debug: cgem0: adding IP address 10.0.2.15/24
info: cgem0: adding host route to 10.0.2.15 via 127.0.0.1
err: cgem0: ipv4_addroute: File exists
info: cgem0: adding route to 10.0.2.0/24
err: cgem0: ipv4_addroute: File exists
info: cgem0: adding default route via 10.0.2.2
debug: cgem0: writing lease `/var/db/dhcpcd-cgem0.lease'
debug: cgem0: executing `epics-rs boot' BOUND
rtems-boot: dhcpcd --> interface=cgem0
rtems-boot: dhcpcd --> reason=BOUND
rtems-boot: dhcpcd --> pid=1
rtems-boot: dhcpcd --> ifmetric=201
rtems-boot: dhcpcd --> ifwireless=0
rtems-boot: dhcpcd --> ifflags=4294936643
rtems-boot: dhcpcd --> ifmtu=1500
rtems-boot: dhcpcd --> interface_order=cgem0
rtems-boot: dhcpcd --> if_up=true
rtems-boot: dhcpcd --> if_down=false
rtems-boot: dhcpcd --> new_ip_address=10.0.2.15
rtems-boot: dhcpcd --> new_subnet_cidr=24
rtems-boot: dhcpcd --> new_broadcast_address=10.0.2.255
rtems-boot: dhcpcd --> new_network_number=10.0.2.0
rtems-boot: dhcpcd --> new_subnet_mask=255.255.255.0
rtems-boot: dhcpcd --> new_routers=10.0.2.2
rtems-boot: dhcpcd --> new_domain_name_servers=10.0.2.3
rtems-boot: dhcpcd --> new_dhcp_lease_time=86400
rtems-boot: dhcpcd --> new_dhcp_message_type=5
rtems-boot: dhcpcd --> new_dhcp_server_identifier=10.0.2.2
rtems-boot: dhcp BOUND
debug: cgem0: sending ARP announce (1 of 2), next in 2.0 seconds
rtems-boot: -------- ifconfig --------
cgem0: flags=8843<UP,BROADCAST,RUNNING,SIMPLEX,MULTICAST> metric 0 mtu 1500
        options=80008<VLAN_MTU,LINKSTATE>
        ether 52:54:00:12:34:70
        inet6 fe80::5054:ff:fe12:3470%cgem0 prefixlen 64 scopeid 0x1
        inet 10.0.2.15 netmask 0xffffff00 broadcast 10.0.2.255
        nd6 options=21<PERFORMNUD,AUTO_LINKLOCAL>
        media: Ethernet autoselect (100baseTX <full-duplex>)
        status: active
lo0: flags=8049<UP,LOOPBACK,RUNNING,MULTICAST> metric 0 mtu 16384
        options=680003<RXCSUM,TXCSUM,LINKSTATE,RXCSUM_IPV6,TXCSUM_IPV6>
        inet 127.0.0.1 netmask 0xffffff00
        inet6 ::1 prefixlen 128
        inet6 fe80::1%lo0 prefixlen 64 scopeid 0x2
        nd6 options=21<PERFORMNUD,AUTO_LINKLOCAL>
        groups: lo
rtems-boot: -------- netstat -rn --------
Routing tables

Internet:
Destination        Gateway            Flags     Netif Expire
default            10.0.2.2           UGS       cgem0
10.0.2.0/24        link#1             U         cgem0
10.0.2.15          link#1             UHS         lo0
127.0.0.1          link#2             UH          lo0

Internet6:
Destination                       Gateway                       Flags     Netif Expire
::1                               link#2                        UH          lo0
fe80::%cgem0/64                   link#1                        U         cgem0
fe80::5054:ff:fe12:3470%cgem0     link#1                        UHS         lo0
fe80::%lo0/64                     link#2                        U           lo0
fe80::1%lo0                       link#2                        UHS         lo0
rtems-boot: main() reached
epics-rs: lock protocol: PI is enabled, RT scheduling AllowRealtime
rtems-ca-ioc: serving 3 records on CA port 5064 (TCP + UDP search), RTEMS execution model, no tokio runtime
rtems-ca-ioc: calink resolver installed — 0/0 ca:// record links registered (none declared); ` CA`-modified and ca://... INP/OUT resolve over EPICS_CA_NAME_SERVERS (TCP name servers; UDP search is compiled out on this target)
rtems-ca-ioc: RTEMS:AO
rtems-ca-ioc: RTEMS:LO
rtems-ca-ioc: RTEMS:MSG
debug: cgem0: sending ARP announce (2 of 2)
err: timed out
warning: allowing 8 seconds for IPv4LL timeout
err: timed out
qemu-system-arm: terminating on signal 15 from pid 3040457 (timeout)
