qemu-system-arm: warning: nic cadence_gem.1 has no peer

rtems-boot: POSIX_Init entered (RTEMS rtems-6.0.0 (ARM/ARMv4/xilinx_zynq_a9_qemu))
rtems-boot: initializing libbsd
nexus0: <RTEMS Nexus device>
cgem0: <Cadence CGEM Gigabit Ethernet Interface> on nexus0
miibus0: <MII bus> on cgem0
e1000phy0: <Marvell 88E1111 Gigabit PHY> PHY 7 on miibus0
e1000phy0:  none, 10baseT, 10baseT-FDX, 100baseTX, 100baseTX-FDX, 1000baseT-FDX, 1000baseT-FDX-master, auto
info: cgem0: Ethernet address: 52:54:00:12:34:80
arasan_sdhci1: <Arasan SDIO> on nexus0
arasan_sdhci1-slot0: Hardware doesn't specify base clock frequency, using 50MHz as default.
arasan_sdhci1-slot0: Hardware doesn't specify timeout clock frequency, setting BROKEN_TIMEOUT quirk.
arasan_sdhci0: <Arasan SDIO> on nexus0
arasan_sdhci0-slot0: Hardware doesn't specify base clock frequency, using 50MHz as default.
arasan_sdhci0-slot0: Hardware doesn't specify timeout clock frequency, setting BROKEN_TIMEOUT quirk.
zy7_slcr0: <Zynq-7000 slcr block> on nexus0
info: lo0: link state changed to UP
info: version 6.2.1 starting
cgem0: cgem_mediachange: could not set ref clk0 to 25000000.
info: cgem0: link state changed to UP
debug: cgem0: executing `epics-rs boot' PREINIT
rtems-boot: dhcpcd --> interface=cgem0
rtems-boot: dhcpcd --> reason=PREINIT
rtems-boot: dhcpcd --> pid=1
rtems-boot: dhcpcd --> ifmetric=201
rtems-boot: dhcpcd --> ifwireless=0
rtems-boot: dhcpcd --> ifflags=4294936643
rtems-boot: dhcpcd --> ifmtu=1500
rtems-boot: dhcpcd --> interface_order=cgem0
rtems-boot: dhcpcd --> if_up=false
rtems-boot: dhcpcd --> if_down=true
debug: cgem0: executing `epics-rs boot' CARRIER
rtems-boot: dhcpcd --> interface=cgem0
rtems-boot: dhcpcd --> reason=CARRIER
rtems-boot: dhcpcd --> pid=1
rtems-boot: dhcpcd --> ifmetric=201
rtems-boot: dhcpcd --> ifwireless=0
rtems-boot: dhcpcd --> ifflags=4294936643
rtems-boot: dhcpcd --> ifmtu=1500
rtems-boot: dhcpcd --> interface_order=cgem0
rtems-boot: dhcpcd --> if_up=false
rtems-boot: dhcpcd --> if_down=true
debug: cgem0: using hwaddr 52:54:00:12:34:80
info: cgem0: soliciting a DHCP lease
debug: cgem0: sending DISCOVER (xid 0x35e9898a), next in %0.1f seconds
info: cgem0: offered 10.0.2.15 from 10.0.2.2
debug: cgem0: sending REQUEST (xid 0x35e9898a), next in %0.1f seconds
debug: cgem0: acknowledged 10.0.2.15 from 10.0.2.2
debug: cgem0: checking for 10.0.2.15
debug: cgem0: sending ARP probe (1 of 3), next in %0.1f seconds
info: cgem0: carrier lost
debug: cgem0: executing `epics-rs boot' NOCARRIER
rtems-boot: dhcpcd --> interface=cgem0
rtems-boot: dhcpcd --> reason=NOCARRIER
rtems-boot: dhcpcd --> pid=1
rtems-boot: dhcpcd --> ifmetric=201
rtems-boot: dhcpcd --> ifwireless=0
rtems-boot: dhcpcd --> ifflags=34818
rtems-boot: dhcpcd --> ifmtu=1500
rtems-boot: dhcpcd --> interface_order=cgem0
rtems-boot: dhcpcd --> if_up=false
rtems-boot: dhcpcd --> if_down=true
info: cgem0: carrier acquired
debug: cgem0: executing `epics-rs boot' CARRIER
rtems-boot: dhcpcd --> interface=cgem0
rtems-boot: dhcpcd --> reason=CARRIER
rtems-boot: dhcpcd --> pid=1
rtems-boot: dhcpcd --> ifmetric=201
rtems-boot: dhcpcd --> ifwireless=0
rtems-boot: dhcpcd --> ifflags=4294936643
rtems-boot: dhcpcd --> ifmtu=1500
rtems-boot: dhcpcd --> interface_order=cgem0
rtems-boot: dhcpcd --> if_up=false
rtems-boot: dhcpcd --> if_down=true
debug: cgem0: using hwaddr 52:54:00:12:34:80
info: cgem0: soliciting a DHCP lease
debug: cgem0: sending DISCOVER (xid 0x5c7322e8), next in %0.1f seconds
info: cgem0: offered 10.0.2.15 from 10.0.2.2
debug: cgem0: sending REQUEST (xid 0x5c7322e8), next in %0.1f seconds
debug: cgem0: acknowledged 10.0.2.15 from 10.0.2.2
debug: cgem0: checking for 10.0.2.15
debug: cgem0: sending ARP probe (1 of 3), next in %0.1f seconds
debug: cgem0: sending ARP probe (2 of 3), next in %0.1f seconds
debug: cgem0: sending ARP probe (3 of 3), next in %0.1f seconds
info: cgem0: leased 10.0.2.15 for 86400 seconds
debug: cgem0: renew in 43200 seconds, rebind in 75600 seconds
debug: cgem0: adding IP address 10.0.2.15/24
info: cgem0: adding host route to 10.0.2.15 via 127.0.0.1
err: cgem0: ipv4_addroute: File exists
info: cgem0: adding route to 10.0.2.0/24
err: cgem0: ipv4_addroute: File exists
info: cgem0: adding default route via 10.0.2.2
debug: cgem0: writing lease `/var/db/dhcpcd-cgem0.lease'
debug: cgem0: executing `epics-rs boot' BOUND
rtems-boot: dhcpcd --> interface=cgem0
rtems-boot: dhcpcd --> reason=BOUND
rtems-boot: dhcpcd --> pid=1
rtems-boot: dhcpcd --> ifmetric=201
rtems-boot: dhcpcd --> ifwireless=0
rtems-boot: dhcpcd --> ifflags=4294936643
rtems-boot: dhcpcd --> ifmtu=1500
rtems-boot: dhcpcd --> interface_order=cgem0
rtems-boot: dhcpcd --> if_up=true
rtems-boot: dhcpcd --> if_down=false
rtems-boot: dhcpcd --> new_ip_address=10.0.2.15
rtems-boot: dhcpcd --> new_subnet_cidr=24
rtems-boot: dhcpcd --> new_broadcast_address=10.0.2.255
rtems-boot: dhcpcd --> new_network_number=10.0.2.0
rtems-boot: dhcpcd --> new_subnet_mask=255.255.255.0
rtems-boot: dhcpcd --> new_routers=10.0.2.2
rtems-boot: dhcpcd --> new_domain_name_servers=10.0.2.3
rtems-boot: dhcpcd --> new_dhcp_lease_time=86400
rtems-boot: dhcpcd --> new_dhcp_message_type=5
rtems-boot: dhcpcd --> new_dhcp_server_identifier=10.0.2.2
rtems-boot: dhcp BOUND
debug: cgem0: sending ARP announce (1 of 2), next in 2.0 seconds
rtems-boot: -------- ifconfig --------
cgem0: flags=8843<UP,BROADCAST,RUNNING,SIMPLEX,MULTICAST> metric 0 mtu 1500
        options=80008<VLAN_MTU,LINKSTATE>
        ether 52:54:00:12:34:80
        inet6 fe80::5054:ff:fe12:3480%cgem0 prefixlen 64 scopeid 0x1
        inet 10.0.2.15 netmask 0xffffff00 broadcast 10.0.2.255
        nd6 options=21<PERFORMNUD,AUTO_LINKLOCAL>
        media: Ethernet autoselect (100baseTX <full-duplex>)
        status: active
lo0: flags=8049<UP,LOOPBACK,RUNNING,MULTICAST> metric 0 mtu 16384
        options=680003<RXCSUM,TXCSUM,LINKSTATE,RXCSUM_IPV6,TXCSUM_IPV6>
        inet 127.0.0.1 netmask 0xffffff00
        inet6 ::1 prefixlen 128
        inet6 fe80::1%lo0 prefixlen 64 scopeid 0x2
        nd6 options=21<PERFORMNUD,AUTO_LINKLOCAL>
        groups: lo
rtems-boot: -------- netstat -rn --------
Routing tables

Internet:
Destination        Gateway            Flags     Netif Expire
default            10.0.2.2           UGS       cgem0
10.0.2.0/24        link#1             U         cgem0
10.0.2.15          link#1             UHS         lo0
127.0.0.1          link#2             UH          lo0

Internet6:
Destination                       Gateway                       Flags     Netif Expire
::1                               link#2                        UH          lo0
fe80::%cgem0/64                   link#1                        U         cgem0
fe80::5054:ff:fe12:3480%cgem0     link#1                        UHS         lo0
fe80::%lo0/64                     link#2                        U           lo0
fe80::1%lo0                       link#2                        UHS         lo0
rtems-boot: main() reached
epics-rs: lock protocol: PI is enabled, RT scheduling AllowRealtime
iocInit: 1 non-local DB link(s) made external
iocInit: 4 external CP link subscriptions (3 PVs warmed)
iocInit: 1 external link opens staged
rtems-ca-ioc: serving 17 records on CA port 5064 (TCP + UDP search), RTEMS execution model, no tokio runtime
DIALPROBE submit n=1 target=10.0.2.2:15076 workers=1 queued=1 dialing=0
DIALPROBE resolve n=1 target=10.0.2.2:15076 elapsed_ms=48 outcome=error:Connection refused (os error 111)
WARN  epics_ca_rs::client::transport: TCP connect failed server=10.0.2.2:15076 error=Connection refused (os error 111)
rtems-ca-ioc: calink resolver installed — 4/4 ca:// record links registered (UPSTREAM:AI, UPSTREAM:AO, UPSTREAM:FAST, UPSTREAM:OTHER); ` CA`-modified and ca://... INP/OUT resolve over EPICS_CA_NAME_SERVERS (TCP name servers; UDP search is compiled out on this target)
rtems-ca-ioc: RTEMS:AO
rtems-ca-ioc: RTEMS:CA:C1
rtems-ca-ioc: RTEMS:CA:C2
rtems-ca-ioc: RTEMS:CA:C3
rtems-ca-ioc: RTEMS:CA:C4
rtems-ca-ioc: RTEMS:CA:C5
rtems-ca-ioc: RTEMS:CA:C6
rtems-ca-ioc: RTEMS:CA:C7
rtems-ca-ioc: RTEMS:CA:C8
rtems-ca-ioc: RTEMS:CA:DOWN
rtems-ca-ioc: RTEMS:CA:DOWN2
rtems-ca-ioc: RTEMS:CA:FAST
rtems-ca-ioc: RTEMS:CA:OTHER
rtems-ca-ioc: RTEMS:CA:TICK
rtems-ca-ioc: RTEMS:CA:UPLNK
rtems-ca-ioc: RTEMS:LO
rtems-ca-ioc: RTEMS:MSG
C6 probe: tick task on the callback band writing RTEMS:CA:TICK every 200 ms
C6 probe: EPICS_CA_NAME_SERVERS=10.0.2.2:15076 (compiled in), EPICS_CA_ADDR_LIST empty, EPICS_CA_AUTO_ADDR_LIST=NO; reporting every 10 s
debug: cgem0: sending ARP announce (2 of 2)
FDPROBE seq=1 FD_CNT=8 FD_MAX=150 CA_CONN_CNT=0
C6 seq=1 links=4 circuits=Some(0)
C6 seq=1 dialpool workers=1 attempts=1 queued=0 dialing=0 MEM_FREE=231292848 MEM_USED=28463728
C6 seq=1 link pv=UPSTREAM:AI connected=false
C6 seq=1 link pv=UPSTREAM:AO connected=false
C6 seq=1 link pv=UPSTREAM:FAST connected=false
C6 seq=1 link pv=UPSTREAM:OTHER connected=false
C6 seq=1 record RTEMS:CA:DOWN VAL=Ok("0") SEVR=Ok("3") STAT=Ok("17")
C6 seq=1 record RTEMS:CA:DOWN2 VAL=Ok("0") SEVR=Ok("3") STAT=Ok("17")
C6 seq=1 record RTEMS:CA:UPLNK VAL=Ok("0") SEVR=Ok("3") STAT=Ok("17")
C6 seq=1 record RTEMS:CA:FAST VAL=Ok("0") SEVR=Ok("3") STAT=Ok("17")
C6 seq=1 record RTEMS:CA:C8 VAL=Ok("0") SEVR=Ok("3") STAT=Ok("17")
C6 seq=1 record RTEMS:CA:OTHER VAL=Ok("0") SEVR=Ok("3") STAT=Ok("17")
FDPROBE seq=2 FD_CNT=8 FD_MAX=150 CA_CONN_CNT=0
C6 seq=2 links=4 circuits=Some(0)
C6 seq=2 dialpool workers=1 attempts=1 queued=0 dialing=0 MEM_FREE=231291528 MEM_USED=28465048
C6 seq=2 link pv=UPSTREAM:AI connected=false
C6 seq=2 link pv=UPSTREAM:AO connected=false
C6 seq=2 link pv=UPSTREAM:FAST connected=false
C6 seq=2 link pv=UPSTREAM:OTHER connected=false
C6 seq=2 record RTEMS:CA:DOWN VAL=Ok("0") SEVR=Ok("3") STAT=Ok("17")
C6 seq=2 record RTEMS:CA:DOWN2 VAL=Ok("0") SEVR=Ok("3") STAT=Ok("17")
C6 seq=2 record RTEMS:CA:UPLNK VAL=Ok("0") SEVR=Ok("3") STAT=Ok("17")
C6 seq=2 record RTEMS:CA:FAST VAL=Ok("0") SEVR=Ok("3") STAT=Ok("17")
C6 seq=2 record RTEMS:CA:C8 VAL=Ok("0") SEVR=Ok("3") STAT=Ok("17")
C6 seq=2 record RTEMS:CA:OTHER VAL=Ok("0") SEVR=Ok("3") STAT=Ok("17")
err: timed out
warning: allowing 8 seconds for IPv4LL timeout
DIALPROBE submit n=2 target=10.0.2.2:15076 workers=1 queued=1 dialing=0
DIALPROBE resolve n=2 target=10.0.2.2:15076 elapsed_ms=5 outcome=error:Connection refused (os error 111)
WARN  epics_ca_rs::client::transport: TCP connect failed server=10.0.2.2:15076 error=Connection refused (os error 111)
FDPROBE seq=3 FD_CNT=8 FD_MAX=150 CA_CONN_CNT=0
C6 seq=3 links=4 circuits=Some(0)
C6 seq=3 dialpool workers=1 attempts=2 queued=0 dialing=0 MEM_FREE=231291240 MEM_USED=28465336
C6 seq=3 link pv=UPSTREAM:AI connected=false
C6 seq=3 link pv=UPSTREAM:AO connected=false
C6 seq=3 link pv=UPSTREAM:FAST connected=false
C6 seq=3 link pv=UPSTREAM:OTHER connected=false
C6 seq=3 record RTEMS:CA:DOWN VAL=Ok("0") SEVR=Ok("3") STAT=Ok("17")
C6 seq=3 record RTEMS:CA:DOWN2 VAL=Ok("0") SEVR=Ok("3") STAT=Ok("17")
C6 seq=3 record RTEMS:CA:UPLNK VAL=Ok("0") SEVR=Ok("3") STAT=Ok("17")
C6 seq=3 record RTEMS:CA:FAST VAL=Ok("0") SEVR=Ok("3") STAT=Ok("17")
C6 seq=3 record RTEMS:CA:C8 VAL=Ok("0") SEVR=Ok("3") STAT=Ok("17")
C6 seq=3 record RTEMS:CA:OTHER VAL=Ok("0") SEVR=Ok("3") STAT=Ok("17")
err: timed out
FDPROBE seq=4 FD_CNT=8 FD_MAX=150 CA_CONN_CNT=0
C6 seq=4 links=4 circuits=Some(0)
C6 seq=4 dialpool workers=1 attempts=2 queued=0 dialing=0 MEM_FREE=231290784 MEM_USED=28465792
C6 seq=4 link pv=UPSTREAM:AI connected=false
C6 seq=4 link pv=UPSTREAM:AO connected=false
C6 seq=4 link pv=UPSTREAM:FAST connected=false
C6 seq=4 link pv=UPSTREAM:OTHER connected=false
C6 seq=4 record RTEMS:CA:DOWN VAL=Ok("0") SEVR=Ok("3") STAT=Ok("17")
C6 seq=4 record RTEMS:CA:DOWN2 VAL=Ok("0") SEVR=Ok("3") STAT=Ok("17")
C6 seq=4 record RTEMS:CA:UPLNK VAL=Ok("0") SEVR=Ok("3") STAT=Ok("17")
C6 seq=4 record RTEMS:CA:FAST VAL=Ok("0") SEVR=Ok("3") STAT=Ok("17")
C6 seq=4 record RTEMS:CA:C8 VAL=Ok("0") SEVR=Ok("3") STAT=Ok("17")
C6 seq=4 record RTEMS:CA:OTHER VAL=Ok("0") SEVR=Ok("3") STAT=Ok("17")
FDPROBE seq=5 FD_CNT=8 FD_MAX=150 CA_CONN_CNT=0
C6 seq=5 links=4 circuits=Some(0)
C6 seq=5 dialpool workers=1 attempts=2 queued=0 dialing=0 MEM_FREE=231290512 MEM_USED=28466064
C6 seq=5 link pv=UPSTREAM:AI connected=false
C6 seq=5 link pv=UPSTREAM:AO connected=false
C6 seq=5 link pv=UPSTREAM:FAST connected=false
C6 seq=5 link pv=UPSTREAM:OTHER connected=false
C6 seq=5 record RTEMS:CA:DOWN VAL=Ok("0") SEVR=Ok("3") STAT=Ok("17")
C6 seq=5 record RTEMS:CA:DOWN2 VAL=Ok("0") SEVR=Ok("3") STAT=Ok("17")
C6 seq=5 record RTEMS:CA:UPLNK VAL=Ok("0") SEVR=Ok("3") STAT=Ok("17")
C6 seq=5 record RTEMS:CA:FAST VAL=Ok("0") SEVR=Ok("3") STAT=Ok("17")
C6 seq=5 record RTEMS:CA:C8 VAL=Ok("0") SEVR=Ok("3") STAT=Ok("17")
C6 seq=5 record RTEMS:CA:OTHER VAL=Ok("0") SEVR=Ok("3") STAT=Ok("17")
DIALPROBE submit n=3 target=10.0.2.2:15076 workers=1 queued=1 dialing=0
DIALPROBE resolve n=3 target=10.0.2.2:15076 elapsed_ms=4 outcome=error:Connection refused (os error 111)
WARN  epics_ca_rs::client::transport: TCP connect failed server=10.0.2.2:15076 error=Connection refused (os error 111)
FDPROBE seq=6 FD_CNT=8 FD_MAX=150 CA_CONN_CNT=0
C6 seq=6 links=4 circuits=Some(0)
C6 seq=6 dialpool workers=1 attempts=3 queued=0 dialing=0 MEM_FREE=231291296 MEM_USED=28465280
C6 seq=6 link pv=UPSTREAM:AI connected=false
C6 seq=6 link pv=UPSTREAM:AO connected=false
C6 seq=6 link pv=UPSTREAM:FAST connected=false
C6 seq=6 link pv=UPSTREAM:OTHER connected=false
C6 seq=6 record RTEMS:CA:DOWN VAL=Ok("0") SEVR=Ok("3") STAT=Ok("17")
C6 seq=6 record RTEMS:CA:DOWN2 VAL=Ok("0") SEVR=Ok("3") STAT=Ok("17")
C6 seq=6 record RTEMS:CA:UPLNK VAL=Ok("0") SEVR=Ok("3") STAT=Ok("17")
C6 seq=6 record RTEMS:CA:FAST VAL=Ok("0") SEVR=Ok("3") STAT=Ok("17")
C6 seq=6 record RTEMS:CA:C8 VAL=Ok("0") SEVR=Ok("3") STAT=Ok("17")
C6 seq=6 record RTEMS:CA:OTHER VAL=Ok("0") SEVR=Ok("3") STAT=Ok("17")
FDCENSUS begin tag=c6-6
FDCENSUS tag=c6-6 fd=0 kind=chardev mode=020755 rdev=0
FDCENSUS tag=c6-6 fd=1 kind=chardev mode=020755 rdev=0
FDCENSUS tag=c6-6 fd=2 kind=chardev mode=020755 rdev=0
FDCENSUS tag=c6-6 fd=14 kind=udp so_type=2 listening=0 local=0.0.0.0:0 peer=none(errno=128) mode=0140666
FDCENSUS tag=c6-6 fd=15 kind=socket so_type=3 listening=0 local=- peer=none(errno=128) mode=0140666
FDCENSUS tag=c6-6 fd=16 kind=socket so_type=3 listening=0 local=- peer=none(errno=128) mode=0140666
FDCENSUS tag=c6-6 fd=44 kind=tcp so_type=1 listening=2 local=0.0.0.0:5064 peer=none(errno=128) mode=0140000
FDCENSUS tag=c6-6 fd=45 kind=udp so_type=2 listening=0 local=0.0.0.0:5064 peer=none(errno=128) mode=0140666
FDCENSUS end tag=c6-6 open=8 max=150
TASKDUMP begin tag=c6-6 count=35 scheduler_sc=0
TASKDUMP id=0x09010001 core=255 posix=   0 sc=0 obj=IDLE   thread=IDLE
TASKDUMP id=0x0a010001 core= 98 posix= 157 sc=0 obj=TIME   thread=TIME
TASKDUMP id=0x0a010002 core= 96 posix= 159 sc=0 obj=IRQS   thread=IRQS
TASKDUMP id=0x0a010003 core=100 posix= 155 sc=0 obj=_BSD   thread=swi6: Giant tas
TASKDUMP id=0x0a010004 core=100 posix= 155 sc=0 obj=_BSD   thread=kqueue_ctx task
TASKDUMP id=0x0a010005 core=100 posix= 155 sc=0 obj=_BSD   thread=config_0
TASKDUMP id=0x0a010006 core=100 posix= 155 sc=0 obj=_BSD   thread=swi6: task queu
TASKDUMP id=0x0a010007 core=100 posix= 155 sc=0 obj=_BSD   thread=swi5: fast task
TASKDUMP id=0x0a010008 core=100 posix= 155 sc=0 obj=_BSD   thread=thread taskq
TASKDUMP id=0x0a010009 core=100 posix= 155 sc=0 obj=_BSD   thread=swi1: netisr 0
TASKDUMP id=0x0a01000a core=100 posix= 155 sc=0 obj=_BSD   thread=bufdaemon
TASKDUMP id=0x0a01000b core=100 posix= 155 sc=0 obj=_BSD   thread=vnlru
TASKDUMP id=0x0a01000c core=100 posix= 155 sc=0 obj=_BSD   thread=syncer
TASKDUMP id=0x0a01000d core=100 posix= 155 sc=0 obj=_BSD   thread=softirq_0
TASKDUMP id=0x0a01000e core=100 posix= 155 sc=0 obj=_BSD   thread=bufspacedaemon-
TASKDUMP id=0x0a01000f core=254 posix=   1 sc=0 obj=DHCP   thread=DHCP
TASKDUMP id=0x0b010001 core=254 posix=   1 sc=0 obj=       thread=<empty>
TASKDUMP id=0x0b010002 core=140 posix= 115 sc=0 obj=       thread=cbLow
TASKDUMP id=0x0b010003 core=135 posix= 120 sc=0 obj=       thread=cbMedium
TASKDUMP id=0x0b010004 core=128 posix= 127 sc=0 obj=       thread=cbHigh
TASKDUMP id=0x0b010005 core=129 posix= 126 sc=0 obj=       thread=cbTimer
TASKDUMP id=0x0b010006 core=132 posix= 123 sc=0 obj=       thread=scanOnce
TASKDUMP id=0x0b010007 core=189 posix=  66 sc=0 obj=       thread=scan-owner
TASKDUMP id=0x0b010008 core=189 posix=  66 sc=0 obj=       thread=status-pv
TASKDUMP id=0x0b010009 core=181 posix=  74 sc=0 obj=       thread=CAS-TCP
TASKDUMP id=0x0b01000a core=183 posix=  72 sc=0 obj=       thread=CAS-UDP
TASKDUMP id=0x0b01000b core=150 posix= 105 sc=0 obj=       thread=CAC-dial 0
TASKDUMP id=0x0b01000c core=139 posix= 116 sc=0 obj=       thread=scan-10
TASKDUMP id=0x0b01000d core=138 posix= 117 sc=0 obj=       thread=scan-5
TASKDUMP id=0x0b01000e core=137 posix= 118 sc=0 obj=       thread=scan-2
TASKDUMP id=0x0b01000f core=136 posix= 119 sc=0 obj=       thread=scan-1
TASKDUMP id=0x0b010010 core=135 posix= 120 sc=0 obj=       thread=scan-0.5
TASKDUMP id=0x0b010011 core=134 posix= 121 sc=0 obj=       thread=scan-0.2
TASKDUMP id=0x0b010012 core=133 posix= 122 sc=0 obj=       thread=scan-0.1
TASKDUMP id=0x0b010013 core=189 posix=  66 sc=0 obj=       thread=c6-probe
TASKDUMP end tag=c6-6
STACKUSE begin tag=c6-6
                             STACK USAGE BY THREAD
ID         NAME                  LOW        HIGH       CURRENT     AVAIL   USED
0x09010001 IDLE                  0x00746df0 0x00747ddf 0x00747cb8   4080    320
0x0a010001 TIME                  0x007599d0 0x007619bf 0x00761920  32752   1312
0x0a010002 IRQS                  0x00762278 0x0076a267 0x0076a1c8  32752   1084
0x0a010003 swi6: Giant tas       0x0077e070 0x0078605f 0x00785f88  32752    256
0x0a010004 kqueue_ctx task       0x00786a10 0x0078e9ff 0x0078e928  32752    448
0x0a010005 config_0              0x0078f3b0 0x0079739f 0x007972c8  32752    256
0x0a010006 swi6: task queu       0x00797e38 0x0079fe27 0x0079fd50  32752   1320
0x0a010007 swi5: fast task       0x007a08c0 0x007a88af 0x007a87d8  32752    256
0x0a010008 thread taskq          0x007a9260 0x007b124f 0x007b1178  32752    256
0x0a010009 swi1: netisr 0        0x007b1c60 0x007b9c4f 0x007b9b78  32752    600
0x0a01000a bufdaemon             0x007dacd8 0x007e2cc7 0x007e2bb8  32752    736
0x0a01000b vnlru                 0x007e35e0 0x007eb5cf 0x007eb478  32752    424
0x0a01000c syncer                0x007ebee8 0x007f3ed7 0x007f3d90  32752    408
0x0a01000d softirq_0             0x007f4888 0x007fc877 0x007fc7a0  32752    256
0x0a01000e bufspacedaemon-       0x007fd190 0x0080517f 0x00805090  32752    320
0x0a01000f DHCP                  0x00809598 0x0080b587 0x0080b0c0   8176   2552
0x0b010001                       0x007488c0 0x007588af 0x00757e80  65520   8848
0x0b010002 cbLow                 0x008301e8 0x009301d7 0x00930038 1048560    640
0x0b010003 cbMedium              0x00930a90 0x00a30a7f 0x00a308e0 1048560 266320
0x0b010004 cbHigh                0x00a31338 0x00b31327 0x00b31188 1048560    640
0x0b010005 cbTimer               0x00b31be0 0x00bb1bcf 0x00bb19d0 524272    760
0x0b010006 scanOnce              0x00bb2488 0x00cb2477 0x00cb22e0 1048560    632
0x0b010007 scan-owner            0x00cbba90 0x00d3ba7f 0x00d3b6d0 524272   2008
0x0b010008 status-pv             0x00d3cf50 0x00d7cf3f 0x00d7cd68 262128   1984
0x0b010009 CAS-TCP               0x00d7d7f8 0x00dfd7e7 0x00dfd278 524272   1432
0x0b01000a CAS-UDP               0x00dfe0a0 0x00e7e08f 0x00e7da88 524272   1624
0x0b01000b CAC-dial 0            0x00e9c080 0x00edc06f 0x00edbec8 262128   2240
0x0b01000c scan-10               0x00eddf60 0x00fddf4f 0x00fddd30 1048560   1072
0x0b01000d scan-5                0x00fde908 0x010de8f7 0x010de6d8 1048560   1072
0x0b01000e scan-2                0x010df2c0 0x011df2af 0x011df090 1048560   1072
0x0b01000f scan-1                0x011dfc78 0x012dfc67 0x012dfa48 1048560   1072
0x0b010010 scan-0.5              0x012e0638 0x013e0627 0x013e0408 1048560   1072
0x0b010011 scan-0.2              0x013e0ff8 0x014e0fe7 0x014e0dc8 1048560   1072
0x0b010012 scan-0.1              0x014e19b8 0x015e19a7 0x015e15d0 1048560   1072
0x0b010013 c6-probe              0x015f27b8 0x016727a7 0x01672480 524272   1792
0x00000000 Interrupt Stack       0x007390d0 0x0073a0bf 0x00000000   4080    288
STACKUSE end tag=c6-6
FDPROBE seq=7 FD_CNT=8 FD_MAX=150 CA_CONN_CNT=0
C6 seq=7 links=4 circuits=Some(0)
C6 seq=7 dialpool workers=1 attempts=3 queued=0 dialing=0 MEM_FREE=231291072 MEM_USED=28465504
C6 seq=7 link pv=UPSTREAM:AI connected=false
C6 seq=7 link pv=UPSTREAM:AO connected=false
C6 seq=7 link pv=UPSTREAM:FAST connected=false
C6 seq=7 link pv=UPSTREAM:OTHER connected=false
C6 seq=7 record RTEMS:CA:DOWN VAL=Ok("0") SEVR=Ok("3") STAT=Ok("17")
C6 seq=7 record RTEMS:CA:DOWN2 VAL=Ok("0") SEVR=Ok("3") STAT=Ok("17")
C6 seq=7 record RTEMS:CA:UPLNK VAL=Ok("0") SEVR=Ok("3") STAT=Ok("17")
C6 seq=7 record RTEMS:CA:FAST VAL=Ok("0") SEVR=Ok("3") STAT=Ok("17")
C6 seq=7 record RTEMS:CA:C8 VAL=Ok("0") SEVR=Ok("3") STAT=Ok("17")
C6 seq=7 record RTEMS:CA:OTHER VAL=Ok("0") SEVR=Ok("3") STAT=Ok("17")
FDPROBE seq=8 FD_CNT=8 FD_MAX=150 CA_CONN_CNT=0
C6 seq=8 links=4 circuits=Some(0)
C6 seq=8 dialpool workers=1 attempts=3 queued=0 dialing=0 MEM_FREE=231290784 MEM_USED=28465792
C6 seq=8 link pv=UPSTREAM:AI connected=false
C6 seq=8 link pv=UPSTREAM:AO connected=false
C6 seq=8 link pv=UPSTREAM:FAST connected=false
C6 seq=8 link pv=UPSTREAM:OTHER connected=false
C6 seq=8 record RTEMS:CA:DOWN VAL=Ok("0") SEVR=Ok("3") STAT=Ok("17")
C6 seq=8 record RTEMS:CA:DOWN2 VAL=Ok("0") SEVR=Ok("3") STAT=Ok("17")
C6 seq=8 record RTEMS:CA:UPLNK VAL=Ok("0") SEVR=Ok("3") STAT=Ok("17")
C6 seq=8 record RTEMS:CA:FAST VAL=Ok("0") SEVR=Ok("3") STAT=Ok("17")
C6 seq=8 record RTEMS:CA:C8 VAL=Ok("0") SEVR=Ok("3") STAT=Ok("17")
C6 seq=8 record RTEMS:CA:OTHER VAL=Ok("0") SEVR=Ok("3") STAT=Ok("17")
DIALPROBE submit n=4 target=10.0.2.2:15076 workers=1 queued=1 dialing=0
DIALPROBE resolve n=4 target=10.0.2.2:15076 elapsed_ms=5 outcome=error:Connection refused (os error 111)
WARN  epics_ca_rs::client::transport: TCP connect failed server=10.0.2.2:15076 error=Connection refused (os error 111)
FDPROBE seq=9 FD_CNT=8 FD_MAX=150 CA_CONN_CNT=0
C6 seq=9 links=4 circuits=Some(0)
C6 seq=9 dialpool workers=1 attempts=4 queued=0 dialing=0 MEM_FREE=231289984 MEM_USED=28466592
C6 seq=9 link pv=UPSTREAM:AI connected=false
C6 seq=9 link pv=UPSTREAM:AO connected=false
C6 seq=9 link pv=UPSTREAM:FAST connected=false
C6 seq=9 link pv=UPSTREAM:OTHER connected=false
C6 seq=9 record RTEMS:CA:DOWN VAL=Ok("0") SEVR=Ok("3") STAT=Ok("17")
C6 seq=9 record RTEMS:CA:DOWN2 VAL=Ok("0") SEVR=Ok("3") STAT=Ok("17")
C6 seq=9 record RTEMS:CA:UPLNK VAL=Ok("0") SEVR=Ok("3") STAT=Ok("17")
C6 seq=9 record RTEMS:CA:FAST VAL=Ok("0") SEVR=Ok("3") STAT=Ok("17")
C6 seq=9 record RTEMS:CA:C8 VAL=Ok("0") SEVR=Ok("3") STAT=Ok("17")
C6 seq=9 record RTEMS:CA:OTHER VAL=Ok("0") SEVR=Ok("3") STAT=Ok("17")
FDPROBE seq=10 FD_CNT=8 FD_MAX=150 CA_CONN_CNT=0
C6 seq=10 links=4 circuits=Some(0)
C6 seq=10 dialpool workers=1 attempts=4 queued=0 dialing=0 MEM_FREE=231289848 MEM_USED=28466728
C6 seq=10 link pv=UPSTREAM:AI connected=false
C6 seq=10 link pv=UPSTREAM:AO connected=false
C6 seq=10 link pv=UPSTREAM:FAST connected=false
C6 seq=10 link pv=UPSTREAM:OTHER connected=false
C6 seq=10 record RTEMS:CA:DOWN VAL=Ok("0") SEVR=Ok("3") STAT=Ok("17")
C6 seq=10 record RTEMS:CA:DOWN2 VAL=Ok("0") SEVR=Ok("3") STAT=Ok("17")
C6 seq=10 record RTEMS:CA:UPLNK VAL=Ok("0") SEVR=Ok("3") STAT=Ok("17")
C6 seq=10 record RTEMS:CA:FAST VAL=Ok("0") SEVR=Ok("3") STAT=Ok("17")
C6 seq=10 record RTEMS:CA:C8 VAL=Ok("0") SEVR=Ok("3") STAT=Ok("17")
C6 seq=10 record RTEMS:CA:OTHER VAL=Ok("0") SEVR=Ok("3") STAT=Ok("17")
FDPROBE seq=11 FD_CNT=8 FD_MAX=150 CA_CONN_CNT=0
C6 seq=11 links=4 circuits=Some(0)
C6 seq=11 dialpool workers=1 attempts=4 queued=0 dialing=0 MEM_FREE=231289728 MEM_USED=28466848
C6 seq=11 link pv=UPSTREAM:AI connected=false
C6 seq=11 link pv=UPSTREAM:AO connected=false
C6 seq=11 link pv=UPSTREAM:FAST connected=false
C6 seq=11 link pv=UPSTREAM:OTHER connected=false
C6 seq=11 record RTEMS:CA:DOWN VAL=Ok("0") SEVR=Ok("3") STAT=Ok("17")
C6 seq=11 record RTEMS:CA:DOWN2 VAL=Ok("0") SEVR=Ok("3") STAT=Ok("17")
C6 seq=11 record RTEMS:CA:UPLNK VAL=Ok("0") SEVR=Ok("3") STAT=Ok("17")
C6 seq=11 record RTEMS:CA:FAST VAL=Ok("0") SEVR=Ok("3") STAT=Ok("17")
C6 seq=11 record RTEMS:CA:C8 VAL=Ok("0") SEVR=Ok("3") STAT=Ok("17")
C6 seq=11 record RTEMS:CA:OTHER VAL=Ok("0") SEVR=Ok("3") STAT=Ok("17")
DIALPROBE submit n=5 target=10.0.2.2:15076 workers=1 queued=1 dialing=0
DIALPROBE resolve n=5 target=10.0.2.2:15076 elapsed_ms=4 outcome=error:Connection refused (os error 111)
WARN  epics_ca_rs::client::transport: TCP connect failed server=10.0.2.2:15076 error=Connection refused (os error 111)
FDPROBE seq=12 FD_CNT=8 FD_MAX=150 CA_CONN_CNT=0
C6 seq=12 links=4 circuits=Some(0)
C6 seq=12 dialpool workers=1 attempts=5 queued=0 dialing=0 MEM_FREE=231290096 MEM_USED=28466480
C6 seq=12 link pv=UPSTREAM:AI connected=false
C6 seq=12 link pv=UPSTREAM:AO connected=false
C6 seq=12 link pv=UPSTREAM:FAST connected=false
C6 seq=12 link pv=UPSTREAM:OTHER connected=false
C6 seq=12 record RTEMS:CA:DOWN VAL=Ok("0") SEVR=Ok("3") STAT=Ok("17")
C6 seq=12 record RTEMS:CA:DOWN2 VAL=Ok("0") SEVR=Ok("3") STAT=Ok("17")
C6 seq=12 record RTEMS:CA:UPLNK VAL=Ok("0") SEVR=Ok("3") STAT=Ok("17")
C6 seq=12 record RTEMS:CA:FAST VAL=Ok("0") SEVR=Ok("3") STAT=Ok("17")
C6 seq=12 record RTEMS:CA:C8 VAL=Ok("0") SEVR=Ok("3") STAT=Ok("17")
C6 seq=12 record RTEMS:CA:OTHER VAL=Ok("0") SEVR=Ok("3") STAT=Ok("17")
FDCENSUS begin tag=c6-12
FDCENSUS tag=c6-12 fd=0 kind=chardev mode=020755 rdev=0
FDCENSUS tag=c6-12 fd=1 kind=chardev mode=020755 rdev=0
FDCENSUS tag=c6-12 fd=2 kind=chardev mode=020755 rdev=0
FDCENSUS tag=c6-12 fd=14 kind=udp so_type=2 listening=0 local=0.0.0.0:0 peer=none(errno=128) mode=0140666
FDCENSUS tag=c6-12 fd=15 kind=socket so_type=3 listening=0 local=- peer=none(errno=128) mode=0140666
FDCENSUS tag=c6-12 fd=16 kind=socket so_type=3 listening=0 local=- peer=none(errno=128) mode=0140666
FDCENSUS tag=c6-12 fd=44 kind=tcp so_type=1 listening=2 local=0.0.0.0:5064 peer=none(errno=128) mode=0140000
FDCENSUS tag=c6-12 fd=45 kind=udp so_type=2 listening=0 local=0.0.0.0:5064 peer=none(errno=128) mode=0140666
FDCENSUS end tag=c6-12 open=8 max=150
TASKDUMP begin tag=c6-12 count=35 scheduler_sc=0
TASKDUMP id=0x09010001 core=255 posix=   0 sc=0 obj=IDLE   thread=IDLE
TASKDUMP id=0x0a010001 core= 98 posix= 157 sc=0 obj=TIME   thread=TIME
TASKDUMP id=0x0a010002 core= 96 posix= 159 sc=0 obj=IRQS   thread=IRQS
TASKDUMP id=0x0a010003 core=100 posix= 155 sc=0 obj=_BSD   thread=swi6: Giant tas
TASKDUMP id=0x0a010004 core=100 posix= 155 sc=0 obj=_BSD   thread=kqueue_ctx task
TASKDUMP id=0x0a010005 core=100 posix= 155 sc=0 obj=_BSD   thread=config_0
TASKDUMP id=0x0a010006 core=100 posix= 155 sc=0 obj=_BSD   thread=swi6: task queu
TASKDUMP id=0x0a010007 core=100 posix= 155 sc=0 obj=_BSD   thread=swi5: fast task
TASKDUMP id=0x0a010008 core=100 posix= 155 sc=0 obj=_BSD   thread=thread taskq
TASKDUMP id=0x0a010009 core=100 posix= 155 sc=0 obj=_BSD   thread=swi1: netisr 0
TASKDUMP id=0x0a01000a core=100 posix= 155 sc=0 obj=_BSD   thread=bufdaemon
TASKDUMP id=0x0a01000b core=100 posix= 155 sc=0 obj=_BSD   thread=vnlru
TASKDUMP id=0x0a01000c core=100 posix= 155 sc=0 obj=_BSD   thread=syncer
TASKDUMP id=0x0a01000d core=100 posix= 155 sc=0 obj=_BSD   thread=softirq_0
TASKDUMP id=0x0a01000e core=100 posix= 155 sc=0 obj=_BSD   thread=bufspacedaemon-
TASKDUMP id=0x0a01000f core=254 posix=   1 sc=0 obj=DHCP   thread=DHCP
TASKDUMP id=0x0b010001 core=254 posix=   1 sc=0 obj=       thread=<empty>
TASKDUMP id=0x0b010002 core=140 posix= 115 sc=0 obj=       thread=cbLow
TASKDUMP id=0x0b010003 core=135 posix= 120 sc=0 obj=       thread=cbMedium
TASKDUMP id=0x0b010004 core=128 posix= 127 sc=0 obj=       thread=cbHigh
TASKDUMP id=0x0b010005 core=129 posix= 126 sc=0 obj=       thread=cbTimer
TASKDUMP id=0x0b010006 core=132 posix= 123 sc=0 obj=       thread=scanOnce
TASKDUMP id=0x0b010007 core=189 posix=  66 sc=0 obj=       thread=scan-owner
TASKDUMP id=0x0b010008 core=189 posix=  66 sc=0 obj=       thread=status-pv
TASKDUMP id=0x0b010009 core=181 posix=  74 sc=0 obj=       thread=CAS-TCP
TASKDUMP id=0x0b01000a core=183 posix=  72 sc=0 obj=       thread=CAS-UDP
TASKDUMP id=0x0b01000b core=150 posix= 105 sc=0 obj=       thread=CAC-dial 0
TASKDUMP id=0x0b01000c core=139 posix= 116 sc=0 obj=       thread=scan-10
TASKDUMP id=0x0b01000d core=138 posix= 117 sc=0 obj=       thread=scan-5
TASKDUMP id=0x0b01000e core=137 posix= 118 sc=0 obj=       thread=scan-2
TASKDUMP id=0x0b01000f core=136 posix= 119 sc=0 obj=       thread=scan-1
TASKDUMP id=0x0b010010 core=135 posix= 120 sc=0 obj=       thread=scan-0.5
TASKDUMP id=0x0b010011 core=134 posix= 121 sc=0 obj=       thread=scan-0.2
TASKDUMP id=0x0b010012 core=133 posix= 122 sc=0 obj=       thread=scan-0.1
TASKDUMP id=0x0b010013 core=189 posix=  66 sc=0 obj=       thread=c6-probe
TASKDUMP end tag=c6-12
STACKUSE begin tag=c6-12
                             STACK USAGE BY THREAD
ID         NAME                  LOW        HIGH       CURRENT     AVAIL   USED
0x09010001 IDLE                  0x00746df0 0x00747ddf 0x00747cb8   4080    320
0x0a010001 TIME                  0x007599d0 0x007619bf 0x00761920  32752   1312
0x0a010002 IRQS                  0x00762278 0x0076a267 0x0076a1c8  32752   1084
0x0a010003 swi6: Giant tas       0x0077e070 0x0078605f 0x00785f88  32752    256
0x0a010004 kqueue_ctx task       0x00786a10 0x0078e9ff 0x0078e928  32752    448
0x0a010005 config_0              0x0078f3b0 0x0079739f 0x007972c8  32752    256
0x0a010006 swi6: task queu       0x00797e38 0x0079fe27 0x0079fd50  32752   1320
0x0a010007 swi5: fast task       0x007a08c0 0x007a88af 0x007a87d8  32752    256
0x0a010008 thread taskq          0x007a9260 0x007b124f 0x007b1178  32752    256
0x0a010009 swi1: netisr 0        0x007b1c60 0x007b9c4f 0x007b9b78  32752    600
0x0a01000a bufdaemon             0x007dacd8 0x007e2cc7 0x007e2bb8  32752    736
0x0a01000b vnlru                 0x007e35e0 0x007eb5cf 0x007eb478  32752    424
0x0a01000c syncer                0x007ebee8 0x007f3ed7 0x007f3d90  32752    408
0x0a01000d softirq_0             0x007f4888 0x007fc877 0x007fc7a0  32752    256
0x0a01000e bufspacedaemon-       0x007fd190 0x0080517f 0x00805090  32752    320
0x0a01000f DHCP                  0x00809598 0x0080b587 0x0080b0c0   8176   2552
0x0b010001                       0x007488c0 0x007588af 0x00757e80  65520   8848
0x0b010002 cbLow                 0x008301e8 0x009301d7 0x00930038 1048560    640
0x0b010003 cbMedium              0x00930a90 0x00a30a7f 0x00a308e0 1048560 266320
0x0b010004 cbHigh                0x00a31338 0x00b31327 0x00b31188 1048560    640
0x0b010005 cbTimer               0x00b31be0 0x00bb1bcf 0x00bb19d0 524272    760
0x0b010006 scanOnce              0x00bb2488 0x00cb2477 0x00cb22e0 1048560    632
0x0b010007 scan-owner            0x00cbba90 0x00d3ba7f 0x00d3b6d0 524272   2008
0x0b010008 status-pv             0x00d3cf50 0x00d7cf3f 0x00d7cd68 262128   1984
0x0b010009 CAS-TCP               0x00d7d7f8 0x00dfd7e7 0x00dfd278 524272   1432
0x0b01000a CAS-UDP               0x00dfe0a0 0x00e7e08f 0x00e7da88 524272   1624
0x0b01000b CAC-dial 0            0x00e9c080 0x00edc06f 0x00edbec8 262128   2240
0x0b01000c scan-10               0x00eddf60 0x00fddf4f 0x00fddd30 1048560   1072
0x0b01000d scan-5                0x00fde908 0x010de8f7 0x010de6d8 1048560   1072
0x0b01000e scan-2                0x010df2c0 0x011df2af 0x011df090 1048560   1072
0x0b01000f scan-1                0x011dfc78 0x012dfc67 0x012dfa48 1048560   1072
0x0b010010 scan-0.5              0x012e0638 0x013e0627 0x013e0408 1048560   1072
0x0b010011 scan-0.2              0x013e0ff8 0x014e0fe7 0x014e0dc8 1048560   1072
0x0b010012 scan-0.1              0x014e19b8 0x015e19a7 0x015e1788 1048560   1072
0x0b010013 c6-probe              0x015f27b8 0x016727a7 0x01672480 524272   1792
0x00000000 Interrupt Stack       0x007390d0 0x0073a0bf 0x00000000   4080    288
STACKUSE end tag=c6-12
FDPROBE seq=13 FD_CNT=8 FD_MAX=150 CA_CONN_CNT=0
C6 seq=13 links=4 circuits=Some(0)
C6 seq=13 dialpool workers=1 attempts=5 queued=0 dialing=0 MEM_FREE=231290104 MEM_USED=28466472
C6 seq=13 link pv=UPSTREAM:AI connected=false
C6 seq=13 link pv=UPSTREAM:AO connected=false
C6 seq=13 link pv=UPSTREAM:FAST connected=false
C6 seq=13 link pv=UPSTREAM:OTHER connected=false
C6 seq=13 record RTEMS:CA:DOWN VAL=Ok("0") SEVR=Ok("3") STAT=Ok("17")
C6 seq=13 record RTEMS:CA:DOWN2 VAL=Ok("0") SEVR=Ok("3") STAT=Ok("17")
C6 seq=13 record RTEMS:CA:UPLNK VAL=Ok("0") SEVR=Ok("3") STAT=Ok("17")
C6 seq=13 record RTEMS:CA:FAST VAL=Ok("0") SEVR=Ok("3") STAT=Ok("17")
C6 seq=13 record RTEMS:CA:C8 VAL=Ok("0") SEVR=Ok("3") STAT=Ok("17")
C6 seq=13 record RTEMS:CA:OTHER VAL=Ok("0") SEVR=Ok("3") STAT=Ok("17")
FDPROBE seq=14 FD_CNT=8 FD_MAX=150 CA_CONN_CNT=0
C6 seq=14 links=4 circuits=Some(0)
C6 seq=14 dialpool workers=1 attempts=5 queued=0 dialing=0 MEM_FREE=231289984 MEM_USED=28466592
C6 seq=14 link pv=UPSTREAM:AI connected=false
C6 seq=14 link pv=UPSTREAM:AO connected=false
C6 seq=14 link pv=UPSTREAM:FAST connected=false
C6 seq=14 link pv=UPSTREAM:OTHER connected=false
C6 seq=14 record RTEMS:CA:DOWN VAL=Ok("0") SEVR=Ok("3") STAT=Ok("17")
C6 seq=14 record RTEMS:CA:DOWN2 VAL=Ok("0") SEVR=Ok("3") STAT=Ok("17")
C6 seq=14 record RTEMS:CA:UPLNK VAL=Ok("0") SEVR=Ok("3") STAT=Ok("17")
C6 seq=14 record RTEMS:CA:FAST VAL=Ok("0") SEVR=Ok("3") STAT=Ok("17")
C6 seq=14 record RTEMS:CA:C8 VAL=Ok("0") SEVR=Ok("3") STAT=Ok("17")
C6 seq=14 record RTEMS:CA:OTHER VAL=Ok("0") SEVR=Ok("3") STAT=Ok("17")
DIALPROBE submit n=6 target=10.0.2.2:15076 workers=1 queued=1 dialing=0
DIALPROBE resolve n=6 target=10.0.2.2:15076 elapsed_ms=4 outcome=error:Connection refused (os error 111)
WARN  epics_ca_rs::client::transport: TCP connect failed server=10.0.2.2:15076 error=Connection refused (os error 111)
FDPROBE seq=15 FD_CNT=8 FD_MAX=150 CA_CONN_CNT=0
C6 seq=15 links=4 circuits=Some(0)
C6 seq=15 dialpool workers=1 attempts=6 queued=0 dialing=0 MEM_FREE=231289840 MEM_USED=28466736
C6 seq=15 link pv=UPSTREAM:AI connected=false
C6 seq=15 link pv=UPSTREAM:AO connected=false
C6 seq=15 link pv=UPSTREAM:FAST connected=false
C6 seq=15 link pv=UPSTREAM:OTHER connected=false
C6 seq=15 record RTEMS:CA:DOWN VAL=Ok("0") SEVR=Ok("3") STAT=Ok("17")
C6 seq=15 record RTEMS:CA:DOWN2 VAL=Ok("0") SEVR=Ok("3") STAT=Ok("17")
C6 seq=15 record RTEMS:CA:UPLNK VAL=Ok("0") SEVR=Ok("3") STAT=Ok("17")
C6 seq=15 record RTEMS:CA:FAST VAL=Ok("0") SEVR=Ok("3") STAT=Ok("17")
C6 seq=15 record RTEMS:CA:C8 VAL=Ok("0") SEVR=Ok("3") STAT=Ok("17")
C6 seq=15 record RTEMS:CA:OTHER VAL=Ok("0") SEVR=Ok("3") STAT=Ok("17")
FDPROBE seq=16 FD_CNT=8 FD_MAX=150 CA_CONN_CNT=0
C6 seq=16 links=4 circuits=Some(0)
C6 seq=16 dialpool workers=1 attempts=6 queued=0 dialing=0 MEM_FREE=231289720 MEM_USED=28466856
C6 seq=16 link pv=UPSTREAM:AI connected=false
C6 seq=16 link pv=UPSTREAM:AO connected=false
C6 seq=16 link pv=UPSTREAM:FAST connected=false
C6 seq=16 link pv=UPSTREAM:OTHER connected=false
C6 seq=16 record RTEMS:CA:DOWN VAL=Ok("0") SEVR=Ok("3") STAT=Ok("17")
C6 seq=16 record RTEMS:CA:DOWN2 VAL=Ok("0") SEVR=Ok("3") STAT=Ok("17")
C6 seq=16 record RTEMS:CA:UPLNK VAL=Ok("0") SEVR=Ok("3") STAT=Ok("17")
C6 seq=16 record RTEMS:CA:FAST VAL=Ok("0") SEVR=Ok("3") STAT=Ok("17")
C6 seq=16 record RTEMS:CA:C8 VAL=Ok("0") SEVR=Ok("3") STAT=Ok("17")
C6 seq=16 record RTEMS:CA:OTHER VAL=Ok("0") SEVR=Ok("3") STAT=Ok("17")
FDPROBE seq=17 FD_CNT=8 FD_MAX=150 CA_CONN_CNT=0
C6 seq=17 links=4 circuits=Some(0)
C6 seq=17 dialpool workers=1 attempts=6 queued=0 dialing=0 MEM_FREE=231289416 MEM_USED=28467160
C6 seq=17 link pv=UPSTREAM:AI connected=false
C6 seq=17 link pv=UPSTREAM:AO connected=false
C6 seq=17 link pv=UPSTREAM:FAST connected=false
C6 seq=17 link pv=UPSTREAM:OTHER connected=false
C6 seq=17 record RTEMS:CA:DOWN VAL=Ok("0") SEVR=Ok("3") STAT=Ok("17")
C6 seq=17 record RTEMS:CA:DOWN2 VAL=Ok("0") SEVR=Ok("3") STAT=Ok("17")
C6 seq=17 record RTEMS:CA:UPLNK VAL=Ok("0") SEVR=Ok("3") STAT=Ok("17")
C6 seq=17 record RTEMS:CA:FAST VAL=Ok("0") SEVR=Ok("3") STAT=Ok("17")
C6 seq=17 record RTEMS:CA:C8 VAL=Ok("0") SEVR=Ok("3") STAT=Ok("17")
C6 seq=17 record RTEMS:CA:OTHER VAL=Ok("0") SEVR=Ok("3") STAT=Ok("17")
DIALPROBE submit n=7 target=10.0.2.2:15076 workers=1 queued=1 dialing=0
DIALPROBE resolve n=7 target=10.0.2.2:15076 elapsed_ms=4 outcome=error:Connection refused (os error 111)
WARN  epics_ca_rs::client::transport: TCP connect failed server=10.0.2.2:15076 error=Connection refused (os error 111)
FDPROBE seq=18 FD_CNT=8 FD_MAX=150 CA_CONN_CNT=0
C6 seq=18 links=4 circuits=Some(0)
C6 seq=18 dialpool workers=1 attempts=7 queued=0 dialing=0 MEM_FREE=231289944 MEM_USED=28466632
C6 seq=18 link pv=UPSTREAM:AI connected=false
C6 seq=18 link pv=UPSTREAM:AO connected=false
C6 seq=18 link pv=UPSTREAM:FAST connected=false
C6 seq=18 link pv=UPSTREAM:OTHER connected=false
C6 seq=18 record RTEMS:CA:DOWN VAL=Ok("0") SEVR=Ok("3") STAT=Ok("17")
C6 seq=18 record RTEMS:CA:DOWN2 VAL=Ok("0") SEVR=Ok("3") STAT=Ok("17")
C6 seq=18 record RTEMS:CA:UPLNK VAL=Ok("0") SEVR=Ok("3") STAT=Ok("17")
C6 seq=18 record RTEMS:CA:FAST VAL=Ok("0") SEVR=Ok("3") STAT=Ok("17")
C6 seq=18 record RTEMS:CA:C8 VAL=Ok("0") SEVR=Ok("3") STAT=Ok("17")
C6 seq=18 record RTEMS:CA:OTHER VAL=Ok("0") SEVR=Ok("3") STAT=Ok("17")
FDCENSUS begin tag=c6-18
FDCENSUS tag=c6-18 fd=0 kind=chardev mode=020755 rdev=0
FDCENSUS tag=c6-18 fd=1 kind=chardev mode=020755 rdev=0
FDCENSUS tag=c6-18 fd=2 kind=chardev mode=020755 rdev=0
FDCENSUS tag=c6-18 fd=14 kind=udp so_type=2 listening=0 local=0.0.0.0:0 peer=none(errno=128) mode=0140666
FDCENSUS tag=c6-18 fd=15 kind=socket so_type=3 listening=0 local=- peer=none(errno=128) mode=0140666
FDCENSUS tag=c6-18 fd=16 kind=socket so_type=3 listening=0 local=- peer=none(errno=128) mode=0140666
FDCENSUS tag=c6-18 fd=44 kind=tcp so_type=1 listening=2 local=0.0.0.0:5064 peer=none(errno=128) mode=0140000
FDCENSUS tag=c6-18 fd=45 kind=udp so_type=2 listening=0 local=0.0.0.0:5064 peer=none(errno=128) mode=0140666
FDCENSUS end tag=c6-18 open=8 max=150
TASKDUMP begin tag=c6-18 count=35 scheduler_sc=0
TASKDUMP id=0x09010001 core=255 posix=   0 sc=0 obj=IDLE   thread=IDLE
TASKDUMP id=0x0a010001 core= 98 posix= 157 sc=0 obj=TIME   thread=TIME
TASKDUMP id=0x0a010002 core= 96 posix= 159 sc=0 obj=IRQS   thread=IRQS
TASKDUMP id=0x0a010003 core=100 posix= 155 sc=0 obj=_BSD   thread=swi6: Giant tas
TASKDUMP id=0x0a010004 core=100 posix= 155 sc=0 obj=_BSD   thread=kqueue_ctx task
TASKDUMP id=0x0a010005 core=100 posix= 155 sc=0 obj=_BSD   thread=config_0
TASKDUMP id=0x0a010006 core=100 posix= 155 sc=0 obj=_BSD   thread=swi6: task queu
TASKDUMP id=0x0a010007 core=100 posix= 155 sc=0 obj=_BSD   thread=swi5: fast task
TASKDUMP id=0x0a010008 core=100 posix= 155 sc=0 obj=_BSD   thread=thread taskq
TASKDUMP id=0x0a010009 core=100 posix= 155 sc=0 obj=_BSD   thread=swi1: netisr 0
TASKDUMP id=0x0a01000a core=100 posix= 155 sc=0 obj=_BSD   thread=bufdaemon
TASKDUMP id=0x0a01000b core=100 posix= 155 sc=0 obj=_BSD   thread=vnlru
TASKDUMP id=0x0a01000c core=100 posix= 155 sc=0 obj=_BSD   thread=syncer
TASKDUMP id=0x0a01000d core=100 posix= 155 sc=0 obj=_BSD   thread=softirq_0
TASKDUMP id=0x0a01000e core=100 posix= 155 sc=0 obj=_BSD   thread=bufspacedaemon-
TASKDUMP id=0x0a01000f core=254 posix=   1 sc=0 obj=DHCP   thread=DHCP
TASKDUMP id=0x0b010001 core=254 posix=   1 sc=0 obj=       thread=<empty>
TASKDUMP id=0x0b010002 core=140 posix= 115 sc=0 obj=       thread=cbLow
TASKDUMP id=0x0b010003 core=135 posix= 120 sc=0 obj=       thread=cbMedium
TASKDUMP id=0x0b010004 core=128 posix= 127 sc=0 obj=       thread=cbHigh
TASKDUMP id=0x0b010005 core=129 posix= 126 sc=0 obj=       thread=cbTimer
TASKDUMP id=0x0b010006 core=132 posix= 123 sc=0 obj=       thread=scanOnce
TASKDUMP id=0x0b010007 core=189 posix=  66 sc=0 obj=       thread=scan-owner
TASKDUMP id=0x0b010008 core=189 posix=  66 sc=0 obj=       thread=status-pv
TASKDUMP id=0x0b010009 core=181 posix=  74 sc=0 obj=       thread=CAS-TCP
TASKDUMP id=0x0b01000a core=183 posix=  72 sc=0 obj=       thread=CAS-UDP
TASKDUMP id=0x0b01000b core=150 posix= 105 sc=0 obj=       thread=CAC-dial 0
TASKDUMP id=0x0b01000c core=139 posix= 116 sc=0 obj=       thread=scan-10
TASKDUMP id=0x0b01000d core=138 posix= 117 sc=0 obj=       thread=scan-5
TASKDUMP id=0x0b01000e core=137 posix= 118 sc=0 obj=       thread=scan-2
TASKDUMP id=0x0b01000f core=136 posix= 119 sc=0 obj=       thread=scan-1
TASKDUMP id=0x0b010010 core=135 posix= 120 sc=0 obj=       thread=scan-0.5
TASKDUMP id=0x0b010011 core=134 posix= 121 sc=0 obj=       thread=scan-0.2
TASKDUMP id=0x0b010012 core=133 posix= 122 sc=0 obj=       thread=scan-0.1
TASKDUMP id=0x0b010013 core=189 posix=  66 sc=0 obj=       thread=c6-probe
TASKDUMP end tag=c6-18
STACKUSE begin tag=c6-18
                             STACK USAGE BY THREAD
ID         NAME                  LOW        HIGH       CURRENT     AVAIL   USED
0x09010001 IDLE                  0x00746df0 0x00747ddf 0x00747cb8   4080    320
0x0a010001 TIME                  0x007599d0 0x007619bf 0x00761920  32752   1312
0x0a010002 IRQS                  0x00762278 0x0076a267 0x0076a1c8  32752   1084
0x0a010003 swi6: Giant tas       0x0077e070 0x0078605f 0x00785f88  32752    256
0x0a010004 kqueue_ctx task       0x00786a10 0x0078e9ff 0x0078e928  32752    448
0x0a010005 config_0              0x0078f3b0 0x0079739f 0x007972c8  32752    256
0x0a010006 swi6: task queu       0x00797e38 0x0079fe27 0x0079fd50  32752   1320
0x0a010007 swi5: fast task       0x007a08c0 0x007a88af 0x007a87d8  32752    256
0x0a010008 thread taskq          0x007a9260 0x007b124f 0x007b1178  32752    256
0x0a010009 swi1: netisr 0        0x007b1c60 0x007b9c4f 0x007b9b78  32752    600
0x0a01000a bufdaemon             0x007dacd8 0x007e2cc7 0x007e2bb8  32752    736
0x0a01000b vnlru                 0x007e35e0 0x007eb5cf 0x007eb478  32752    424
0x0a01000c syncer                0x007ebee8 0x007f3ed7 0x007f3d90  32752    408
0x0a01000d softirq_0             0x007f4888 0x007fc877 0x007fc7a0  32752    256
0x0a01000e bufspacedaemon-       0x007fd190 0x0080517f 0x00805090  32752    320
0x0a01000f DHCP                  0x00809598 0x0080b587 0x0080b0c0   8176   2552
0x0b010001                       0x007488c0 0x007588af 0x00757e80  65520   8848
0x0b010002 cbLow                 0x008301e8 0x009301d7 0x00930038 1048560    640
0x0b010003 cbMedium              0x00930a90 0x00a30a7f 0x00a308e0 1048560 266320
0x0b010004 cbHigh                0x00a31338 0x00b31327 0x00b31188 1048560    640
0x0b010005 cbTimer               0x00b31be0 0x00bb1bcf 0x00bb19d0 524272    760
0x0b010006 scanOnce              0x00bb2488 0x00cb2477 0x00cb22e0 1048560    632
0x0b010007 scan-owner            0x00cbba90 0x00d3ba7f 0x00d3b6d0 524272   2008
0x0b010008 status-pv             0x00d3cf50 0x00d7cf3f 0x00d7cd68 262128   1984
0x0b010009 CAS-TCP               0x00d7d7f8 0x00dfd7e7 0x00dfd278 524272   1432
0x0b01000a CAS-UDP               0x00dfe0a0 0x00e7e08f 0x00e7da88 524272   1624
0x0b01000b CAC-dial 0            0x00e9c080 0x00edc06f 0x00edbec8 262128   2240
0x0b01000c scan-10               0x00eddf60 0x00fddf4f 0x00fddd30 1048560   1072
0x0b01000d scan-5                0x00fde908 0x010de8f7 0x010de6d8 1048560   1072
0x0b01000e scan-2                0x010df2c0 0x011df2af 0x011df090 1048560   1072
0x0b01000f scan-1                0x011dfc78 0x012dfc67 0x012dfa48 1048560   1072
0x0b010010 scan-0.5              0x012e0638 0x013e0627 0x013e0408 1048560   1072
0x0b010011 scan-0.2              0x013e0ff8 0x014e0fe7 0x014e0dc8 1048560   1072
0x0b010012 scan-0.1              0x014e19b8 0x015e19a7 0x015e1788 1048560   1072
0x0b010013 c6-probe              0x015f27b8 0x016727a7 0x016723c0 524272   1792
0x00000000 Interrupt Stack       0x007390d0 0x0073a0bf 0x00000000   4080    288
STACKUSE end tag=c6-18
FDPROBE seq=19 FD_CNT=8 FD_MAX=150 CA_CONN_CNT=0
C6 seq=19 links=4 circuits=Some(0)
C6 seq=19 dialpool workers=1 attempts=7 queued=0 dialing=0 MEM_FREE=231289944 MEM_USED=28466632
C6 seq=19 link pv=UPSTREAM:AI connected=false
C6 seq=19 link pv=UPSTREAM:AO connected=false
C6 seq=19 link pv=UPSTREAM:FAST connected=false
C6 seq=19 link pv=UPSTREAM:OTHER connected=false
C6 seq=19 record RTEMS:CA:DOWN VAL=Ok("0") SEVR=Ok("3") STAT=Ok("17")
C6 seq=19 record RTEMS:CA:DOWN2 VAL=Ok("0") SEVR=Ok("3") STAT=Ok("17")
C6 seq=19 record RTEMS:CA:UPLNK VAL=Ok("0") SEVR=Ok("3") STAT=Ok("17")
C6 seq=19 record RTEMS:CA:FAST VAL=Ok("0") SEVR=Ok("3") STAT=Ok("17")
C6 seq=19 record RTEMS:CA:C8 VAL=Ok("0") SEVR=Ok("3") STAT=Ok("17")
C6 seq=19 record RTEMS:CA:OTHER VAL=Ok("0") SEVR=Ok("3") STAT=Ok("17")
FDPROBE seq=20 FD_CNT=8 FD_MAX=150 CA_CONN_CNT=0
C6 seq=20 links=4 circuits=Some(0)
C6 seq=20 dialpool workers=1 attempts=7 queued=0 dialing=0 MEM_FREE=231289808 MEM_USED=28466768
C6 seq=20 link pv=UPSTREAM:AI connected=false
C6 seq=20 link pv=UPSTREAM:AO connected=false
C6 seq=20 link pv=UPSTREAM:FAST connected=false
C6 seq=20 link pv=UPSTREAM:OTHER connected=false
C6 seq=20 record RTEMS:CA:DOWN VAL=Ok("0") SEVR=Ok("3") STAT=Ok("17")
C6 seq=20 record RTEMS:CA:DOWN2 VAL=Ok("0") SEVR=Ok("3") STAT=Ok("17")
C6 seq=20 record RTEMS:CA:UPLNK VAL=Ok("0") SEVR=Ok("3") STAT=Ok("17")
C6 seq=20 record RTEMS:CA:FAST VAL=Ok("0") SEVR=Ok("3") STAT=Ok("17")
C6 seq=20 record RTEMS:CA:C8 VAL=Ok("0") SEVR=Ok("3") STAT=Ok("17")
C6 seq=20 record RTEMS:CA:OTHER VAL=Ok("0") SEVR=Ok("3") STAT=Ok("17")
DIALPROBE submit n=8 target=10.0.2.2:15076 workers=1 queued=1 dialing=0
DIALPROBE resolve n=8 target=10.0.2.2:15076 elapsed_ms=4 outcome=error:Connection refused (os error 111)
WARN  epics_ca_rs::client::transport: TCP connect failed server=10.0.2.2:15076 error=Connection refused (os error 111)
FDPROBE seq=21 FD_CNT=8 FD_MAX=150 CA_CONN_CNT=0
C6 seq=21 links=4 circuits=Some(0)
C6 seq=21 dialpool workers=1 attempts=8 queued=0 dialing=0 MEM_FREE=231289688 MEM_USED=28466888
C6 seq=21 link pv=UPSTREAM:AI connected=false
C6 seq=21 link pv=UPSTREAM:AO connected=false
C6 seq=21 link pv=UPSTREAM:FAST connected=false
C6 seq=21 link pv=UPSTREAM:OTHER connected=false
C6 seq=21 record RTEMS:CA:DOWN VAL=Ok("0") SEVR=Ok("3") STAT=Ok("17")
C6 seq=21 record RTEMS:CA:DOWN2 VAL=Ok("0") SEVR=Ok("3") STAT=Ok("17")
C6 seq=21 record RTEMS:CA:UPLNK VAL=Ok("0") SEVR=Ok("3") STAT=Ok("17")
C6 seq=21 record RTEMS:CA:FAST VAL=Ok("0") SEVR=Ok("3") STAT=Ok("17")
C6 seq=21 record RTEMS:CA:C8 VAL=Ok("0") SEVR=Ok("3") STAT=Ok("17")
C6 seq=21 record RTEMS:CA:OTHER VAL=Ok("0") SEVR=Ok("3") STAT=Ok("17")
FDPROBE seq=22 FD_CNT=8 FD_MAX=150 CA_CONN_CNT=0
C6 seq=22 links=4 circuits=Some(0)
C6 seq=22 dialpool workers=1 attempts=8 queued=0 dialing=0 MEM_FREE=231289568 MEM_USED=28467008
C6 seq=22 link pv=UPSTREAM:AI connected=false
C6 seq=22 link pv=UPSTREAM:AO connected=false
C6 seq=22 link pv=UPSTREAM:FAST connected=false
C6 seq=22 link pv=UPSTREAM:OTHER connected=false
C6 seq=22 record RTEMS:CA:DOWN VAL=Ok("0") SEVR=Ok("3") STAT=Ok("17")
C6 seq=22 record RTEMS:CA:DOWN2 VAL=Ok("0") SEVR=Ok("3") STAT=Ok("17")
C6 seq=22 record RTEMS:CA:UPLNK VAL=Ok("0") SEVR=Ok("3") STAT=Ok("17")
C6 seq=22 record RTEMS:CA:FAST VAL=Ok("0") SEVR=Ok("3") STAT=Ok("17")
C6 seq=22 record RTEMS:CA:C8 VAL=Ok("0") SEVR=Ok("3") STAT=Ok("17")
C6 seq=22 record RTEMS:CA:OTHER VAL=Ok("0") SEVR=Ok("3") STAT=Ok("17")
FDPROBE seq=23 FD_CNT=8 FD_MAX=150 CA_CONN_CNT=0
C6 seq=23 links=4 circuits=Some(0)
C6 seq=23 dialpool workers=1 attempts=8 queued=0 dialing=0 MEM_FREE=231289264 MEM_USED=28467312
C6 seq=23 link pv=UPSTREAM:AI connected=false
C6 seq=23 link pv=UPSTREAM:AO connected=false
C6 seq=23 link pv=UPSTREAM:FAST connected=false
C6 seq=23 link pv=UPSTREAM:OTHER connected=false
C6 seq=23 record RTEMS:CA:DOWN VAL=Ok("0") SEVR=Ok("3") STAT=Ok("17")
C6 seq=23 record RTEMS:CA:DOWN2 VAL=Ok("0") SEVR=Ok("3") STAT=Ok("17")
C6 seq=23 record RTEMS:CA:UPLNK VAL=Ok("0") SEVR=Ok("3") STAT=Ok("17")
C6 seq=23 record RTEMS:CA:FAST VAL=Ok("0") SEVR=Ok("3") STAT=Ok("17")
C6 seq=23 record RTEMS:CA:C8 VAL=Ok("0") SEVR=Ok("3") STAT=Ok("17")
C6 seq=23 record RTEMS:CA:OTHER VAL=Ok("0") SEVR=Ok("3") STAT=Ok("17")
DIALPROBE submit n=9 target=10.0.2.2:15076 workers=1 queued=1 dialing=0
DIALPROBE resolve n=9 target=10.0.2.2:15076 elapsed_ms=4 outcome=error:Connection refused (os error 111)
WARN  epics_ca_rs::client::transport: TCP connect failed server=10.0.2.2:15076 error=Connection refused (os error 111)
FDPROBE seq=24 FD_CNT=8 FD_MAX=150 CA_CONN_CNT=0
C6 seq=24 links=4 circuits=Some(0)
C6 seq=24 dialpool workers=1 attempts=9 queued=0 dialing=0 MEM_FREE=231289920 MEM_USED=28466656
C6 seq=24 link pv=UPSTREAM:AI connected=false
C6 seq=24 link pv=UPSTREAM:AO connected=false
C6 seq=24 link pv=UPSTREAM:FAST connected=false
C6 seq=24 link pv=UPSTREAM:OTHER connected=false
C6 seq=24 record RTEMS:CA:DOWN VAL=Ok("0") SEVR=Ok("3") STAT=Ok("17")
C6 seq=24 record RTEMS:CA:DOWN2 VAL=Ok("0") SEVR=Ok("3") STAT=Ok("17")
C6 seq=24 record RTEMS:CA:UPLNK VAL=Ok("0") SEVR=Ok("3") STAT=Ok("17")
C6 seq=24 record RTEMS:CA:FAST VAL=Ok("0") SEVR=Ok("3") STAT=Ok("17")
C6 seq=24 record RTEMS:CA:C8 VAL=Ok("0") SEVR=Ok("3") STAT=Ok("17")
C6 seq=24 record RTEMS:CA:OTHER VAL=Ok("0") SEVR=Ok("3") STAT=Ok("17")
FDCENSUS begin tag=c6-24
FDCENSUS tag=c6-24 fd=0 kind=chardev mode=020755 rdev=0
FDCENSUS tag=c6-24 fd=1 kind=chardev mode=020755 rdev=0
FDCENSUS tag=c6-24 fd=2 kind=chardev mode=020755 rdev=0
FDCENSUS tag=c6-24 fd=14 kind=udp so_type=2 listening=0 local=0.0.0.0:0 peer=none(errno=128) mode=0140666
FDCENSUS tag=c6-24 fd=15 kind=socket so_type=3 listening=0 local=- peer=none(errno=128) mode=0140666
FDCENSUS tag=c6-24 fd=16 kind=socket so_type=3 listening=0 local=- peer=none(errno=128) mode=0140666
FDCENSUS tag=c6-24 fd=44 kind=tcp so_type=1 listening=2 local=0.0.0.0:5064 peer=none(errno=128) mode=0140000
FDCENSUS tag=c6-24 fd=45 kind=udp so_type=2 listening=0 local=0.0.0.0:5064 peer=none(errno=128) mode=0140666
FDCENSUS end tag=c6-24 open=8 max=150
TASKDUMP begin tag=c6-24 count=35 scheduler_sc=0
TASKDUMP id=0x09010001 core=255 posix=   0 sc=0 obj=IDLE   thread=IDLE
TASKDUMP id=0x0a010001 core= 98 posix= 157 sc=0 obj=TIME   thread=TIME
TASKDUMP id=0x0a010002 core= 96 posix= 159 sc=0 obj=IRQS   thread=IRQS
TASKDUMP id=0x0a010003 core=100 posix= 155 sc=0 obj=_BSD   thread=swi6: Giant tas
TASKDUMP id=0x0a010004 core=100 posix= 155 sc=0 obj=_BSD   thread=kqueue_ctx task
TASKDUMP id=0x0a010005 core=100 posix= 155 sc=0 obj=_BSD   thread=config_0
TASKDUMP id=0x0a010006 core=100 posix= 155 sc=0 obj=_BSD   thread=swi6: task queu
TASKDUMP id=0x0a010007 core=100 posix= 155 sc=0 obj=_BSD   thread=swi5: fast task
TASKDUMP id=0x0a010008 core=100 posix= 155 sc=0 obj=_BSD   thread=thread taskq
TASKDUMP id=0x0a010009 core=100 posix= 155 sc=0 obj=_BSD   thread=swi1: netisr 0
TASKDUMP id=0x0a01000a core=100 posix= 155 sc=0 obj=_BSD   thread=bufdaemon
TASKDUMP id=0x0a01000b core=100 posix= 155 sc=0 obj=_BSD   thread=vnlru
TASKDUMP id=0x0a01000c core=100 posix= 155 sc=0 obj=_BSD   thread=syncer
TASKDUMP id=0x0a01000d core=100 posix= 155 sc=0 obj=_BSD   thread=softirq_0
TASKDUMP id=0x0a01000e core=100 posix= 155 sc=0 obj=_BSD   thread=bufspacedaemon-
TASKDUMP id=0x0a01000f core=254 posix=   1 sc=0 obj=DHCP   thread=DHCP
TASKDUMP id=0x0b010001 core=254 posix=   1 sc=0 obj=       thread=<empty>
TASKDUMP id=0x0b010002 core=140 posix= 115 sc=0 obj=       thread=cbLow
TASKDUMP id=0x0b010003 core=135 posix= 120 sc=0 obj=       thread=cbMedium
TASKDUMP id=0x0b010004 core=128 posix= 127 sc=0 obj=       thread=cbHigh
TASKDUMP id=0x0b010005 core=129 posix= 126 sc=0 obj=       thread=cbTimer
TASKDUMP id=0x0b010006 core=132 posix= 123 sc=0 obj=       thread=scanOnce
TASKDUMP id=0x0b010007 core=189 posix=  66 sc=0 obj=       thread=scan-owner
TASKDUMP id=0x0b010008 core=189 posix=  66 sc=0 obj=       thread=status-pv
TASKDUMP id=0x0b010009 core=181 posix=  74 sc=0 obj=       thread=CAS-TCP
TASKDUMP id=0x0b01000a core=183 posix=  72 sc=0 obj=       thread=CAS-UDP
TASKDUMP id=0x0b01000b core=150 posix= 105 sc=0 obj=       thread=CAC-dial 0
TASKDUMP id=0x0b01000c core=139 posix= 116 sc=0 obj=       thread=scan-10
TASKDUMP id=0x0b01000d core=138 posix= 117 sc=0 obj=       thread=scan-5
TASKDUMP id=0x0b01000e core=137 posix= 118 sc=0 obj=       thread=scan-2
TASKDUMP id=0x0b01000f core=136 posix= 119 sc=0 obj=       thread=scan-1
TASKDUMP id=0x0b010010 core=135 posix= 120 sc=0 obj=       thread=scan-0.5
TASKDUMP id=0x0b010011 core=134 posix= 121 sc=0 obj=       thread=scan-0.2
TASKDUMP id=0x0b010012 core=133 posix= 122 sc=0 obj=       thread=scan-0.1
TASKDUMP id=0x0b010013 core=189 posix=  66 sc=0 obj=       thread=c6-probe
TASKDUMP end tag=c6-24
STACKUSE begin tag=c6-24
                             STACK USAGE BY THREAD
ID         NAME                  LOW        HIGH       CURRENT     AVAIL   USED
0x09010001 IDLE                  0x00746df0 0x00747ddf 0x00747cb8   4080    320
0x0a010001 TIME                  0x007599d0 0x007619bf 0x00761920  32752   1312
0x0a010002 IRQS                  0x00762278 0x0076a267 0x0076a1c8  32752   1084
0x0a010003 swi6: Giant tas       0x0077e070 0x0078605f 0x00785f88  32752    256
0x0a010004 kqueue_ctx task       0x00786a10 0x0078e9ff 0x0078e928  32752    448
0x0a010005 config_0              0x0078f3b0 0x0079739f 0x007972c8  32752    256
0x0a010006 swi6: task queu       0x00797e38 0x0079fe27 0x0079fd50  32752   1320
0x0a010007 swi5: fast task       0x007a08c0 0x007a88af 0x007a87d8  32752    256
0x0a010008 thread taskq          0x007a9260 0x007b124f 0x007b1178  32752    256
0x0a010009 swi1: netisr 0        0x007b1c60 0x007b9c4f 0x007b9b78  32752    600
0x0a01000a bufdaemon             0x007dacd8 0x007e2cc7 0x007e2bb8  32752    736
0x0a01000b vnlru                 0x007e35e0 0x007eb5cf 0x007eb478  32752    424
0x0a01000c syncer                0x007ebee8 0x007f3ed7 0x007f3d90  32752    408
0x0a01000d softirq_0             0x007f4888 0x007fc877 0x007fc7a0  32752    256
0x0a01000e bufspacedaemon-       0x007fd190 0x0080517f 0x00805090  32752    320
0x0a01000f DHCP                  0x00809598 0x0080b587 0x0080b0c0   8176   2552
0x0b010001                       0x007488c0 0x007588af 0x00757e80  65520   8848
0x0b010002 cbLow                 0x008301e8 0x009301d7 0x00930038 1048560    640
0x0b010003 cbMedium              0x00930a90 0x00a30a7f 0x00a308e0 1048560 266320
0x0b010004 cbHigh                0x00a31338 0x00b31327 0x00b31188 1048560    640
0x0b010005 cbTimer               0x00b31be0 0x00bb1bcf 0x00bb19d0 524272    760
0x0b010006 scanOnce              0x00bb2488 0x00cb2477 0x00cb22e0 1048560    632
0x0b010007 scan-owner            0x00cbba90 0x00d3ba7f 0x00d3b6d0 524272   2008
0x0b010008 status-pv             0x00d3cf50 0x00d7cf3f 0x00d7cd68 262128   1984
0x0b010009 CAS-TCP               0x00d7d7f8 0x00dfd7e7 0x00dfd278 524272   1432
0x0b01000a CAS-UDP               0x00dfe0a0 0x00e7e08f 0x00e7da88 524272   1624
0x0b01000b CAC-dial 0            0x00e9c080 0x00edc06f 0x00edbec8 262128   2240
0x0b01000c scan-10               0x00eddf60 0x00fddf4f 0x00fddd30 1048560   1072
0x0b01000d scan-5                0x00fde908 0x010de8f7 0x010de6d8 1048560   1072
0x0b01000e scan-2                0x010df2c0 0x011df2af 0x011df090 1048560   1072
0x0b01000f scan-1                0x011dfc78 0x012dfc67 0x012dfa48 1048560   1072
0x0b010010 scan-0.5              0x012e0638 0x013e0627 0x013e0408 1048560   1072
0x0b010011 scan-0.2              0x013e0ff8 0x014e0fe7 0x014e0dc8 1048560   1072
0x0b010012 scan-0.1              0x014e19b8 0x015e19a7 0x015e15d0 1048560   1072
0x0b010013 c6-probe              0x015f27b8 0x016727a7 0x01672480 524272   1792
0x00000000 Interrupt Stack       0x007390d0 0x0073a0bf 0x00000000   4080    288
STACKUSE end tag=c6-24
FDPROBE seq=25 FD_CNT=8 FD_MAX=150 CA_CONN_CNT=0
C6 seq=25 links=4 circuits=Some(0)
C6 seq=25 dialpool workers=1 attempts=9 queued=0 dialing=0 MEM_FREE=231289808 MEM_USED=28466768
C6 seq=25 link pv=UPSTREAM:AI connected=false
C6 seq=25 link pv=UPSTREAM:AO connected=false
C6 seq=25 link pv=UPSTREAM:FAST connected=false
C6 seq=25 link pv=UPSTREAM:OTHER connected=false
C6 seq=25 record RTEMS:CA:DOWN VAL=Ok("0") SEVR=Ok("3") STAT=Ok("17")
C6 seq=25 record RTEMS:CA:DOWN2 VAL=Ok("0") SEVR=Ok("3") STAT=Ok("17")
C6 seq=25 record RTEMS:CA:UPLNK VAL=Ok("0") SEVR=Ok("3") STAT=Ok("17")
C6 seq=25 record RTEMS:CA:FAST VAL=Ok("0") SEVR=Ok("3") STAT=Ok("17")
C6 seq=25 record RTEMS:CA:C8 VAL=Ok("0") SEVR=Ok("3") STAT=Ok("17")
C6 seq=25 record RTEMS:CA:OTHER VAL=Ok("0") SEVR=Ok("3") STAT=Ok("17")
FDPROBE seq=26 FD_CNT=8 FD_MAX=150 CA_CONN_CNT=0
C6 seq=26 links=4 circuits=Some(0)
C6 seq=26 dialpool workers=1 attempts=9 queued=0 dialing=0 MEM_FREE=231289672 MEM_USED=28466904
C6 seq=26 link pv=UPSTREAM:AI connected=false
C6 seq=26 link pv=UPSTREAM:AO connected=false
C6 seq=26 link pv=UPSTREAM:FAST connected=false
C6 seq=26 link pv=UPSTREAM:OTHER connected=false
C6 seq=26 record RTEMS:CA:DOWN VAL=Ok("0") SEVR=Ok("3") STAT=Ok("17")
C6 seq=26 record RTEMS:CA:DOWN2 VAL=Ok("0") SEVR=Ok("3") STAT=Ok("17")
C6 seq=26 record RTEMS:CA:UPLNK VAL=Ok("0") SEVR=Ok("3") STAT=Ok("17")
C6 seq=26 record RTEMS:CA:FAST VAL=Ok("0") SEVR=Ok("3") STAT=Ok("17")
C6 seq=26 record RTEMS:CA:C8 VAL=Ok("0") SEVR=Ok("3") STAT=Ok("17")
C6 seq=26 record RTEMS:CA:OTHER VAL=Ok("0") SEVR=Ok("3") STAT=Ok("17")
DIALPROBE submit n=10 target=10.0.2.2:15076 workers=1 queued=1 dialing=0
DIALPROBE resolve n=10 target=10.0.2.2:15076 elapsed_ms=4 outcome=error:Connection refused (os error 111)
WARN  epics_ca_rs::client::transport: TCP connect failed server=10.0.2.2:15076 error=Connection refused (os error 111)
FDPROBE seq=27 FD_CNT=8 FD_MAX=150 CA_CONN_CNT=0
C6 seq=27 links=4 circuits=Some(0)
C6 seq=27 dialpool workers=1 attempts=10 queued=0 dialing=0 MEM_FREE=231289536 MEM_USED=28467040
C6 seq=27 link pv=UPSTREAM:AI connected=false
C6 seq=27 link pv=UPSTREAM:AO connected=false
C6 seq=27 link pv=UPSTREAM:FAST connected=false
C6 seq=27 link pv=UPSTREAM:OTHER connected=false
C6 seq=27 record RTEMS:CA:DOWN VAL=Ok("0") SEVR=Ok("3") STAT=Ok("17")
C6 seq=27 record RTEMS:CA:DOWN2 VAL=Ok("0") SEVR=Ok("3") STAT=Ok("17")
C6 seq=27 record RTEMS:CA:UPLNK VAL=Ok("0") SEVR=Ok("3") STAT=Ok("17")
C6 seq=27 record RTEMS:CA:FAST VAL=Ok("0") SEVR=Ok("3") STAT=Ok("17")
C6 seq=27 record RTEMS:CA:C8 VAL=Ok("0") SEVR=Ok("3") STAT=Ok("17")
C6 seq=27 record RTEMS:CA:OTHER VAL=Ok("0") SEVR=Ok("3") STAT=Ok("17")
FDPROBE seq=28 FD_CNT=8 FD_MAX=150 CA_CONN_CNT=0
C6 seq=28 links=4 circuits=Some(0)
C6 seq=28 dialpool workers=1 attempts=10 queued=0 dialing=0 MEM_FREE=231289416 MEM_USED=28467160
C6 seq=28 link pv=UPSTREAM:AI connected=false
C6 seq=28 link pv=UPSTREAM:AO connected=false
C6 seq=28 link pv=UPSTREAM:FAST connected=false
C6 seq=28 link pv=UPSTREAM:OTHER connected=false
C6 seq=28 record RTEMS:CA:DOWN VAL=Ok("0") SEVR=Ok("3") STAT=Ok("17")
C6 seq=28 record RTEMS:CA:DOWN2 VAL=Ok("0") SEVR=Ok("3") STAT=Ok("17")
C6 seq=28 record RTEMS:CA:UPLNK VAL=Ok("0") SEVR=Ok("3") STAT=Ok("17")
C6 seq=28 record RTEMS:CA:FAST VAL=Ok("0") SEVR=Ok("3") STAT=Ok("17")
C6 seq=28 record RTEMS:CA:C8 VAL=Ok("0") SEVR=Ok("3") STAT=Ok("17")
C6 seq=28 record RTEMS:CA:OTHER VAL=Ok("0") SEVR=Ok("3") STAT=Ok("17")
FDPROBE seq=29 FD_CNT=8 FD_MAX=150 CA_CONN_CNT=0
C6 seq=29 links=4 circuits=Some(0)
C6 seq=29 dialpool workers=1 attempts=10 queued=0 dialing=0 MEM_FREE=231289280 MEM_USED=28467296
C6 seq=29 link pv=UPSTREAM:AI connected=false
C6 seq=29 link pv=UPSTREAM:AO connected=false
C6 seq=29 link pv=UPSTREAM:FAST connected=false
C6 seq=29 link pv=UPSTREAM:OTHER connected=false
C6 seq=29 record RTEMS:CA:DOWN VAL=Ok("0") SEVR=Ok("3") STAT=Ok("17")
C6 seq=29 record RTEMS:CA:DOWN2 VAL=Ok("0") SEVR=Ok("3") STAT=Ok("17")
C6 seq=29 record RTEMS:CA:UPLNK VAL=Ok("0") SEVR=Ok("3") STAT=Ok("17")
C6 seq=29 record RTEMS:CA:FAST VAL=Ok("0") SEVR=Ok("3") STAT=Ok("17")
C6 seq=29 record RTEMS:CA:C8 VAL=Ok("0") SEVR=Ok("3") STAT=Ok("17")
C6 seq=29 record RTEMS:CA:OTHER VAL=Ok("0") SEVR=Ok("3") STAT=Ok("17")
DIALPROBE submit n=11 target=10.0.2.2:15076 workers=1 queued=1 dialing=0
DIALPROBE resolve n=11 target=10.0.2.2:15076 elapsed_ms=5 outcome=error:Connection refused (os error 111)
WARN  epics_ca_rs::client::transport: TCP connect failed server=10.0.2.2:15076 error=Connection refused (os error 111)
FDPROBE seq=30 FD_CNT=8 FD_MAX=150 CA_CONN_CNT=0
C6 seq=30 links=4 circuits=Some(0)
C6 seq=30 dialpool workers=1 attempts=11 queued=0 dialing=0 MEM_FREE=231289656 MEM_USED=28466920
C6 seq=30 link pv=UPSTREAM:AI connected=false
C6 seq=30 link pv=UPSTREAM:AO connected=false
C6 seq=30 link pv=UPSTREAM:FAST connected=false
C6 seq=30 link pv=UPSTREAM:OTHER connected=false
C6 seq=30 record RTEMS:CA:DOWN VAL=Ok("0") SEVR=Ok("3") STAT=Ok("17")
C6 seq=30 record RTEMS:CA:DOWN2 VAL=Ok("0") SEVR=Ok("3") STAT=Ok("17")
C6 seq=30 record RTEMS:CA:UPLNK VAL=Ok("0") SEVR=Ok("3") STAT=Ok("17")
C6 seq=30 record RTEMS:CA:FAST VAL=Ok("0") SEVR=Ok("3") STAT=Ok("17")
C6 seq=30 record RTEMS:CA:C8 VAL=Ok("0") SEVR=Ok("3") STAT=Ok("17")
C6 seq=30 record RTEMS:CA:OTHER VAL=Ok("0") SEVR=Ok("3") STAT=Ok("17")
FDCENSUS begin tag=c6-30
FDCENSUS tag=c6-30 fd=0 kind=chardev mode=020755 rdev=0
FDCENSUS tag=c6-30 fd=1 kind=chardev mode=020755 rdev=0
FDCENSUS tag=c6-30 fd=2 kind=chardev mode=020755 rdev=0
FDCENSUS tag=c6-30 fd=14 kind=udp so_type=2 listening=0 local=0.0.0.0:0 peer=none(errno=128) mode=0140666
FDCENSUS tag=c6-30 fd=15 kind=socket so_type=3 listening=0 local=- peer=none(errno=128) mode=0140666
FDCENSUS tag=c6-30 fd=16 kind=socket so_type=3 listening=0 local=- peer=none(errno=128) mode=0140666
FDCENSUS tag=c6-30 fd=44 kind=tcp so_type=1 listening=2 local=0.0.0.0:5064 peer=none(errno=128) mode=0140000
FDCENSUS tag=c6-30 fd=45 kind=udp so_type=2 listening=0 local=0.0.0.0:5064 peer=none(errno=128) mode=0140666
FDCENSUS end tag=c6-30 open=8 max=150
TASKDUMP begin tag=c6-30 count=35 scheduler_sc=0
TASKDUMP id=0x09010001 core=255 posix=   0 sc=0 obj=IDLE   thread=IDLE
TASKDUMP id=0x0a010001 core= 98 posix= 157 sc=0 obj=TIME   thread=TIME
TASKDUMP id=0x0a010002 core= 96 posix= 159 sc=0 obj=IRQS   thread=IRQS
TASKDUMP id=0x0a010003 core=100 posix= 155 sc=0 obj=_BSD   thread=swi6: Giant tas
TASKDUMP id=0x0a010004 core=100 posix= 155 sc=0 obj=_BSD   thread=kqueue_ctx task
TASKDUMP id=0x0a010005 core=100 posix= 155 sc=0 obj=_BSD   thread=config_0
TASKDUMP id=0x0a010006 core=100 posix= 155 sc=0 obj=_BSD   thread=swi6: task queu
TASKDUMP id=0x0a010007 core=100 posix= 155 sc=0 obj=_BSD   thread=swi5: fast task
TASKDUMP id=0x0a010008 core=100 posix= 155 sc=0 obj=_BSD   thread=thread taskq
TASKDUMP id=0x0a010009 core=100 posix= 155 sc=0 obj=_BSD   thread=swi1: netisr 0
TASKDUMP id=0x0a01000a core=100 posix= 155 sc=0 obj=_BSD   thread=bufdaemon
TASKDUMP id=0x0a01000b core=100 posix= 155 sc=0 obj=_BSD   thread=vnlru
TASKDUMP id=0x0a01000c core=100 posix= 155 sc=0 obj=_BSD   thread=syncer
TASKDUMP id=0x0a01000d core=100 posix= 155 sc=0 obj=_BSD   thread=softirq_0
TASKDUMP id=0x0a01000e core=100 posix= 155 sc=0 obj=_BSD   thread=bufspacedaemon-
TASKDUMP id=0x0a01000f core=254 posix=   1 sc=0 obj=DHCP   thread=DHCP
TASKDUMP id=0x0b010001 core=254 posix=   1 sc=0 obj=       thread=<empty>
TASKDUMP id=0x0b010002 core=140 posix= 115 sc=0 obj=       thread=cbLow
TASKDUMP id=0x0b010003 core=135 posix= 120 sc=0 obj=       thread=cbMedium
TASKDUMP id=0x0b010004 core=128 posix= 127 sc=0 obj=       thread=cbHigh
TASKDUMP id=0x0b010005 core=129 posix= 126 sc=0 obj=       thread=cbTimer
TASKDUMP id=0x0b010006 core=132 posix= 123 sc=0 obj=       thread=scanOnce
TASKDUMP id=0x0b010007 core=189 posix=  66 sc=0 obj=       thread=scan-owner
TASKDUMP id=0x0b010008 core=189 posix=  66 sc=0 obj=       thread=status-pv
TASKDUMP id=0x0b010009 core=181 posix=  74 sc=0 obj=       thread=CAS-TCP
TASKDUMP id=0x0b01000a core=183 posix=  72 sc=0 obj=       thread=CAS-UDP
TASKDUMP id=0x0b01000b core=150 posix= 105 sc=0 obj=       thread=CAC-dial 0
TASKDUMP id=0x0b01000c core=139 posix= 116 sc=0 obj=       thread=scan-10
TASKDUMP id=0x0b01000d core=138 posix= 117 sc=0 obj=       thread=scan-5
TASKDUMP id=0x0b01000e core=137 posix= 118 sc=0 obj=       thread=scan-2
TASKDUMP id=0x0b01000f core=136 posix= 119 sc=0 obj=       thread=scan-1
TASKDUMP id=0x0b010010 core=135 posix= 120 sc=0 obj=       thread=scan-0.5
TASKDUMP id=0x0b010011 core=134 posix= 121 sc=0 obj=       thread=scan-0.2
TASKDUMP id=0x0b010012 core=133 posix= 122 sc=0 obj=       thread=scan-0.1
TASKDUMP id=0x0b010013 core=189 posix=  66 sc=0 obj=       thread=c6-probe
TASKDUMP end tag=c6-30
STACKUSE begin tag=c6-30
                             STACK USAGE BY THREAD
ID         NAME                  LOW        HIGH       CURRENT     AVAIL   USED
0x09010001 IDLE                  0x00746df0 0x00747ddf 0x00747cb8   4080    320
0x0a010001 TIME                  0x007599d0 0x007619bf 0x00761920  32752   1312
0x0a010002 IRQS                  0x00762278 0x0076a267 0x0076a1c8  32752   1084
0x0a010003 swi6: Giant tas       0x0077e070 0x0078605f 0x00785f88  32752    256
0x0a010004 kqueue_ctx task       0x00786a10 0x0078e9ff 0x0078e928  32752    448
0x0a010005 config_0              0x0078f3b0 0x0079739f 0x007972c8  32752    256
0x0a010006 swi6: task queu       0x00797e38 0x0079fe27 0x0079fd50  32752   1320
0x0a010007 swi5: fast task       0x007a08c0 0x007a88af 0x007a87d8  32752    256
0x0a010008 thread taskq          0x007a9260 0x007b124f 0x007b1178  32752    256
0x0a010009 swi1: netisr 0        0x007b1c60 0x007b9c4f 0x007b9b78  32752    600
0x0a01000a bufdaemon             0x007dacd8 0x007e2cc7 0x007e2bb8  32752    736
0x0a01000b vnlru                 0x007e35e0 0x007eb5cf 0x007eb478  32752    424
0x0a01000c syncer                0x007ebee8 0x007f3ed7 0x007f3d90  32752    408
0x0a01000d softirq_0             0x007f4888 0x007fc877 0x007fc7a0  32752    256
0x0a01000e bufspacedaemon-       0x007fd190 0x0080517f 0x00805090  32752    320
0x0a01000f DHCP                  0x00809598 0x0080b587 0x0080b0c0   8176   2552
0x0b010001                       0x007488c0 0x007588af 0x00757e80  65520   8848
0x0b010002 cbLow                 0x008301e8 0x009301d7 0x00930038 1048560    640
0x0b010003 cbMedium              0x00930a90 0x00a30a7f 0x00a308e0 1048560 266320
0x0b010004 cbHigh                0x00a31338 0x00b31327 0x00b31188 1048560    640
0x0b010005 cbTimer               0x00b31be0 0x00bb1bcf 0x00bb19d0 524272    760
0x0b010006 scanOnce              0x00bb2488 0x00cb2477 0x00cb22e0 1048560    632
0x0b010007 scan-owner            0x00cbba90 0x00d3ba7f 0x00d3b6d0 524272   2008
0x0b010008 status-pv             0x00d3cf50 0x00d7cf3f 0x00d7cd68 262128   1984
0x0b010009 CAS-TCP               0x00d7d7f8 0x00dfd7e7 0x00dfd278 524272   1432
0x0b01000a CAS-UDP               0x00dfe0a0 0x00e7e08f 0x00e7da88 524272   1624
0x0b01000b CAC-dial 0            0x00e9c080 0x00edc06f 0x00edbec8 262128   2240
0x0b01000c scan-10               0x00eddf60 0x00fddf4f 0x00fddd30 1048560   1072
0x0b01000d scan-5                0x00fde908 0x010de8f7 0x010de6d8 1048560   1072
0x0b01000e scan-2                0x010df2c0 0x011df2af 0x011df090 1048560   1072
0x0b01000f scan-1                0x011dfc78 0x012dfc67 0x012dfa48 1048560   1072
0x0b010010 scan-0.5              0x012e0638 0x013e0627 0x013e0408 1048560   1072
0x0b010011 scan-0.2              0x013e0ff8 0x014e0fe7 0x014e0dc8 1048560   1072
0x0b010012 scan-0.1              0x014e19b8 0x015e19a7 0x015e15d0 1048560   1072
0x0b010013 c6-probe              0x015f27b8 0x016727a7 0x01672480 524272   1792
0x00000000 Interrupt Stack       0x007390d0 0x0073a0bf 0x00000000   4080    288
STACKUSE end tag=c6-30
FDPROBE seq=31 FD_CNT=8 FD_MAX=150 CA_CONN_CNT=0
C6 seq=31 links=4 circuits=Some(0)
C6 seq=31 dialpool workers=1 attempts=11 queued=0 dialing=0 MEM_FREE=231289648 MEM_USED=28466928
C6 seq=31 link pv=UPSTREAM:AI connected=false
C6 seq=31 link pv=UPSTREAM:AO connected=false
C6 seq=31 link pv=UPSTREAM:FAST connected=false
C6 seq=31 link pv=UPSTREAM:OTHER connected=false
C6 seq=31 record RTEMS:CA:DOWN VAL=Ok("0") SEVR=Ok("3") STAT=Ok("17")
C6 seq=31 record RTEMS:CA:DOWN2 VAL=Ok("0") SEVR=Ok("3") STAT=Ok("17")
C6 seq=31 record RTEMS:CA:UPLNK VAL=Ok("0") SEVR=Ok("3") STAT=Ok("17")
C6 seq=31 record RTEMS:CA:FAST VAL=Ok("0") SEVR=Ok("3") STAT=Ok("17")
C6 seq=31 record RTEMS:CA:C8 VAL=Ok("0") SEVR=Ok("3") STAT=Ok("17")
C6 seq=31 record RTEMS:CA:OTHER VAL=Ok("0") SEVR=Ok("3") STAT=Ok("17")
FDPROBE seq=32 FD_CNT=8 FD_MAX=150 CA_CONN_CNT=0
C6 seq=32 links=4 circuits=Some(0)
C6 seq=32 dialpool workers=1 attempts=11 queued=0 dialing=0 MEM_FREE=231289512 MEM_USED=28467064
C6 seq=32 link pv=UPSTREAM:AI connected=false
C6 seq=32 link pv=UPSTREAM:AO connected=false
C6 seq=32 link pv=UPSTREAM:FAST connected=false
C6 seq=32 link pv=UPSTREAM:OTHER connected=false
C6 seq=32 record RTEMS:CA:DOWN VAL=Ok("0") SEVR=Ok("3") STAT=Ok("17")
C6 seq=32 record RTEMS:CA:DOWN2 VAL=Ok("0") SEVR=Ok("3") STAT=Ok("17")
C6 seq=32 record RTEMS:CA:UPLNK VAL=Ok("0") SEVR=Ok("3") STAT=Ok("17")
C6 seq=32 record RTEMS:CA:FAST VAL=Ok("0") SEVR=Ok("3") STAT=Ok("17")
C6 seq=32 record RTEMS:CA:C8 VAL=Ok("0") SEVR=Ok("3") STAT=Ok("17")
C6 seq=32 record RTEMS:CA:OTHER VAL=Ok("0") SEVR=Ok("3") STAT=Ok("17")
DIALPROBE submit n=12 target=10.0.2.2:15076 workers=1 queued=1 dialing=0
DIALPROBE resolve n=12 target=10.0.2.2:15076 elapsed_ms=4 outcome=error:Connection refused (os error 111)
WARN  epics_ca_rs::client::transport: TCP connect failed server=10.0.2.2:15076 error=Connection refused (os error 111)
FDPROBE seq=33 FD_CNT=8 FD_MAX=150 CA_CONN_CNT=0
C6 seq=33 links=4 circuits=Some(0)
C6 seq=33 dialpool workers=1 attempts=12 queued=0 dialing=0 MEM_FREE=231289384 MEM_USED=28467192
C6 seq=33 link pv=UPSTREAM:AI connected=false
C6 seq=33 link pv=UPSTREAM:AO connected=false
C6 seq=33 link pv=UPSTREAM:FAST connected=false
C6 seq=33 link pv=UPSTREAM:OTHER connected=false
C6 seq=33 record RTEMS:CA:DOWN VAL=Ok("0") SEVR=Ok("3") STAT=Ok("17")
C6 seq=33 record RTEMS:CA:DOWN2 VAL=Ok("0") SEVR=Ok("3") STAT=Ok("17")
C6 seq=33 record RTEMS:CA:UPLNK VAL=Ok("0") SEVR=Ok("3") STAT=Ok("17")
C6 seq=33 record RTEMS:CA:FAST VAL=Ok("0") SEVR=Ok("3") STAT=Ok("17")
C6 seq=33 record RTEMS:CA:C8 VAL=Ok("0") SEVR=Ok("3") STAT=Ok("17")
C6 seq=33 record RTEMS:CA:OTHER VAL=Ok("0") SEVR=Ok("3") STAT=Ok("17")
FDPROBE seq=34 FD_CNT=8 FD_MAX=150 CA_CONN_CNT=0
C6 seq=34 links=4 circuits=Some(0)
C6 seq=34 dialpool workers=1 attempts=12 queued=0 dialing=0 MEM_FREE=231289264 MEM_USED=28467312
C6 seq=34 link pv=UPSTREAM:AI connected=false
C6 seq=34 link pv=UPSTREAM:AO connected=false
C6 seq=34 link pv=UPSTREAM:FAST connected=false
C6 seq=34 link pv=UPSTREAM:OTHER connected=false
C6 seq=34 record RTEMS:CA:DOWN VAL=Ok("0") SEVR=Ok("3") STAT=Ok("17")
C6 seq=34 record RTEMS:CA:DOWN2 VAL=Ok("0") SEVR=Ok("3") STAT=Ok("17")
C6 seq=34 record RTEMS:CA:UPLNK VAL=Ok("0") SEVR=Ok("3") STAT=Ok("17")
C6 seq=34 record RTEMS:CA:FAST VAL=Ok("0") SEVR=Ok("3") STAT=Ok("17")
C6 seq=34 record RTEMS:CA:C8 VAL=Ok("0") SEVR=Ok("3") STAT=Ok("17")
C6 seq=34 record RTEMS:CA:OTHER VAL=Ok("0") SEVR=Ok("3") STAT=Ok("17")
FDPROBE seq=35 FD_CNT=8 FD_MAX=150 CA_CONN_CNT=0
C6 seq=35 links=4 circuits=Some(0)
C6 seq=35 dialpool workers=1 attempts=12 queued=0 dialing=0 MEM_FREE=231289136 MEM_USED=28467440
C6 seq=35 link pv=UPSTREAM:AI connected=false
C6 seq=35 link pv=UPSTREAM:AO connected=false
C6 seq=35 link pv=UPSTREAM:FAST connected=false
C6 seq=35 link pv=UPSTREAM:OTHER connected=false
C6 seq=35 record RTEMS:CA:DOWN VAL=Ok("0") SEVR=Ok("3") STAT=Ok("17")
C6 seq=35 record RTEMS:CA:DOWN2 VAL=Ok("0") SEVR=Ok("3") STAT=Ok("17")
C6 seq=35 record RTEMS:CA:UPLNK VAL=Ok("0") SEVR=Ok("3") STAT=Ok("17")
C6 seq=35 record RTEMS:CA:FAST VAL=Ok("0") SEVR=Ok("3") STAT=Ok("17")
C6 seq=35 record RTEMS:CA:C8 VAL=Ok("0") SEVR=Ok("3") STAT=Ok("17")
C6 seq=35 record RTEMS:CA:OTHER VAL=Ok("0") SEVR=Ok("3") STAT=Ok("17")
DIALPROBE submit n=13 target=10.0.2.2:15076 workers=1 queued=1 dialing=0
DIALPROBE resolve n=13 target=10.0.2.2:15076 elapsed_ms=4 outcome=error:Connection refused (os error 111)
WARN  epics_ca_rs::client::transport: TCP connect failed server=10.0.2.2:15076 error=Connection refused (os error 111)
FDPROBE seq=36 FD_CNT=8 FD_MAX=150 CA_CONN_CNT=0
C6 seq=36 links=4 circuits=Some(0)
C6 seq=36 dialpool workers=1 attempts=13 queued=0 dialing=0 MEM_FREE=231289632 MEM_USED=28466944
C6 seq=36 link pv=UPSTREAM:AI connected=false
C6 seq=36 link pv=UPSTREAM:AO connected=false
C6 seq=36 link pv=UPSTREAM:FAST connected=false
C6 seq=36 link pv=UPSTREAM:OTHER connected=false
C6 seq=36 record RTEMS:CA:DOWN VAL=Ok("0") SEVR=Ok("3") STAT=Ok("17")
C6 seq=36 record RTEMS:CA:DOWN2 VAL=Ok("0") SEVR=Ok("3") STAT=Ok("17")
C6 seq=36 record RTEMS:CA:UPLNK VAL=Ok("0") SEVR=Ok("3") STAT=Ok("17")
C6 seq=36 record RTEMS:CA:FAST VAL=Ok("0") SEVR=Ok("3") STAT=Ok("17")
C6 seq=36 record RTEMS:CA:C8 VAL=Ok("0") SEVR=Ok("3") STAT=Ok("17")
C6 seq=36 record RTEMS:CA:OTHER VAL=Ok("0") SEVR=Ok("3") STAT=Ok("17")
FDCENSUS begin tag=c6-36
FDCENSUS tag=c6-36 fd=0 kind=chardev mode=020755 rdev=0
FDCENSUS tag=c6-36 fd=1 kind=chardev mode=020755 rdev=0
FDCENSUS tag=c6-36 fd=2 kind=chardev mode=020755 rdev=0
FDCENSUS tag=c6-36 fd=14 kind=udp so_type=2 listening=0 local=0.0.0.0:0 peer=none(errno=128) mode=0140666
FDCENSUS tag=c6-36 fd=15 kind=socket so_type=3 listening=0 local=- peer=none(errno=128) mode=0140666
FDCENSUS tag=c6-36 fd=16 kind=socket so_type=3 listening=0 local=- peer=none(errno=128) mode=0140666
FDCENSUS tag=c6-36 fd=44 kind=tcp so_type=1 listening=2 local=0.0.0.0:5064 peer=none(errno=128) mode=0140000
FDCENSUS tag=c6-36 fd=45 kind=udp so_type=2 listening=0 local=0.0.0.0:5064 peer=none(errno=128) mode=0140666
FDCENSUS end tag=c6-36 open=8 max=150
TASKDUMP begin tag=c6-36 count=35 scheduler_sc=0
TASKDUMP id=0x09010001 core=255 posix=   0 sc=0 obj=IDLE   thread=IDLE
TASKDUMP id=0x0a010001 core= 98 posix= 157 sc=0 obj=TIME   thread=TIME
TASKDUMP id=0x0a010002 core= 96 posix= 159 sc=0 obj=IRQS   thread=IRQS
TASKDUMP id=0x0a010003 core=100 posix= 155 sc=0 obj=_BSD   thread=swi6: Giant tas
TASKDUMP id=0x0a010004 core=100 posix= 155 sc=0 obj=_BSD   thread=kqueue_ctx task
TASKDUMP id=0x0a010005 core=100 posix= 155 sc=0 obj=_BSD   thread=config_0
TASKDUMP id=0x0a010006 core=100 posix= 155 sc=0 obj=_BSD   thread=swi6: task queu
TASKDUMP id=0x0a010007 core=100 posix= 155 sc=0 obj=_BSD   thread=swi5: fast task
TASKDUMP id=0x0a010008 core=100 posix= 155 sc=0 obj=_BSD   thread=thread taskq
TASKDUMP id=0x0a010009 core=100 posix= 155 sc=0 obj=_BSD   thread=swi1: netisr 0
TASKDUMP id=0x0a01000a core=100 posix= 155 sc=0 obj=_BSD   thread=bufdaemon
TASKDUMP id=0x0a01000b core=100 posix= 155 sc=0 obj=_BSD   thread=vnlru
TASKDUMP id=0x0a01000c core=100 posix= 155 sc=0 obj=_BSD   thread=syncer
TASKDUMP id=0x0a01000d core=100 posix= 155 sc=0 obj=_BSD   thread=softirq_0
TASKDUMP id=0x0a01000e core=100 posix= 155 sc=0 obj=_BSD   thread=bufspacedaemon-
TASKDUMP id=0x0a01000f core=254 posix=   1 sc=0 obj=DHCP   thread=DHCP
TASKDUMP id=0x0b010001 core=254 posix=   1 sc=0 obj=       thread=<empty>
TASKDUMP id=0x0b010002 core=140 posix= 115 sc=0 obj=       thread=cbLow
TASKDUMP id=0x0b010003 core=135 posix= 120 sc=0 obj=       thread=cbMedium
TASKDUMP id=0x0b010004 core=128 posix= 127 sc=0 obj=       thread=cbHigh
TASKDUMP id=0x0b010005 core=129 posix= 126 sc=0 obj=       thread=cbTimer
TASKDUMP id=0x0b010006 core=132 posix= 123 sc=0 obj=       thread=scanOnce
TASKDUMP id=0x0b010007 core=189 posix=  66 sc=0 obj=       thread=scan-owner
TASKDUMP id=0x0b010008 core=189 posix=  66 sc=0 obj=       thread=status-pv
TASKDUMP id=0x0b010009 core=181 posix=  74 sc=0 obj=       thread=CAS-TCP
TASKDUMP id=0x0b01000a core=183 posix=  72 sc=0 obj=       thread=CAS-UDP
TASKDUMP id=0x0b01000b core=150 posix= 105 sc=0 obj=       thread=CAC-dial 0
TASKDUMP id=0x0b01000c core=139 posix= 116 sc=0 obj=       thread=scan-10
TASKDUMP id=0x0b01000d core=138 posix= 117 sc=0 obj=       thread=scan-5
TASKDUMP id=0x0b01000e core=137 posix= 118 sc=0 obj=       thread=scan-2
TASKDUMP id=0x0b01000f core=136 posix= 119 sc=0 obj=       thread=scan-1
TASKDUMP id=0x0b010010 core=135 posix= 120 sc=0 obj=       thread=scan-0.5
TASKDUMP id=0x0b010011 core=134 posix= 121 sc=0 obj=       thread=scan-0.2
TASKDUMP id=0x0b010012 core=133 posix= 122 sc=0 obj=       thread=scan-0.1
TASKDUMP id=0x0b010013 core=189 posix=  66 sc=0 obj=       thread=c6-probe
TASKDUMP end tag=c6-36
STACKUSE begin tag=c6-36
                             STACK USAGE BY THREAD
ID         NAME                  LOW        HIGH       CURRENT     AVAIL   USED
0x09010001 IDLE                  0x00746df0 0x00747ddf 0x00747cb8   4080    320
0x0a010001 TIME                  0x007599d0 0x007619bf 0x00761920  32752   1312
0x0a010002 IRQS                  0x00762278 0x0076a267 0x0076a1c8  32752   1084
0x0a010003 swi6: Giant tas       0x0077e070 0x0078605f 0x00785f88  32752    256
0x0a010004 kqueue_ctx task       0x00786a10 0x0078e9ff 0x0078e928  32752    448
0x0a010005 config_0              0x0078f3b0 0x0079739f 0x007972c8  32752    256
0x0a010006 swi6: task queu       0x00797e38 0x0079fe27 0x0079fd50  32752   1320
0x0a010007 swi5: fast task       0x007a08c0 0x007a88af 0x007a87d8  32752    256
0x0a010008 thread taskq          0x007a9260 0x007b124f 0x007b1178  32752    256
0x0a010009 swi1: netisr 0        0x007b1c60 0x007b9c4f 0x007b9b78  32752    600
0x0a01000a bufdaemon             0x007dacd8 0x007e2cc7 0x007e2bb8  32752    736
0x0a01000b vnlru                 0x007e35e0 0x007eb5cf 0x007eb478  32752    424
0x0a01000c syncer                0x007ebee8 0x007f3ed7 0x007f3d90  32752    408
0x0a01000d softirq_0             0x007f4888 0x007fc877 0x007fc7a0  32752    256
0x0a01000e bufspacedaemon-       0x007fd190 0x0080517f 0x00805090  32752    320
0x0a01000f DHCP                  0x00809598 0x0080b587 0x0080b0c0   8176   2552
0x0b010001                       0x007488c0 0x007588af 0x00757e80  65520   8848
0x0b010002 cbLow                 0x008301e8 0x009301d7 0x00930038 1048560    640
0x0b010003 cbMedium              0x00930a90 0x00a30a7f 0x00a308e0 1048560 266320
0x0b010004 cbHigh                0x00a31338 0x00b31327 0x00b31188 1048560    640
0x0b010005 cbTimer               0x00b31be0 0x00bb1bcf 0x00bb19d0 524272    760
0x0b010006 scanOnce              0x00bb2488 0x00cb2477 0x00cb22e0 1048560    632
0x0b010007 scan-owner            0x00cbba90 0x00d3ba7f 0x00d3b6d0 524272   2008
0x0b010008 status-pv             0x00d3cf50 0x00d7cf3f 0x00d7cd68 262128   1984
0x0b010009 CAS-TCP               0x00d7d7f8 0x00dfd7e7 0x00dfd278 524272   1432
0x0b01000a CAS-UDP               0x00dfe0a0 0x00e7e08f 0x00e7da88 524272   1624
0x0b01000b CAC-dial 0            0x00e9c080 0x00edc06f 0x00edbec8 262128   2240
0x0b01000c scan-10               0x00eddf60 0x00fddf4f 0x00fddd30 1048560   1072
0x0b01000d scan-5                0x00fde908 0x010de8f7 0x010de6d8 1048560   1072
0x0b01000e scan-2                0x010df2c0 0x011df2af 0x011df090 1048560   1072
0x0b01000f scan-1                0x011dfc78 0x012dfc67 0x012dfa48 1048560   1072
0x0b010010 scan-0.5              0x012e0638 0x013e0627 0x013e0408 1048560   1072
0x0b010011 scan-0.2              0x013e0ff8 0x014e0fe7 0x014e0dc8 1048560   1072
0x0b010012 scan-0.1              0x014e19b8 0x015e19a7 0x015e15d0 1048560   1072
0x0b010013 c6-probe              0x015f27b8 0x016727a7 0x01672480 524272   1792
0x00000000 Interrupt Stack       0x007390d0 0x0073a0bf 0x00000000   4080    288
STACKUSE end tag=c6-36
FDPROBE seq=37 FD_CNT=8 FD_MAX=150 CA_CONN_CNT=0
C6 seq=37 links=4 circuits=Some(0)
C6 seq=37 dialpool workers=1 attempts=13 queued=0 dialing=0 MEM_FREE=231289512 MEM_USED=28467064
C6 seq=37 link pv=UPSTREAM:AI connected=false
C6 seq=37 link pv=UPSTREAM:AO connected=false
C6 seq=37 link pv=UPSTREAM:FAST connected=false
C6 seq=37 link pv=UPSTREAM:OTHER connected=false
C6 seq=37 record RTEMS:CA:DOWN VAL=Ok("0") SEVR=Ok("3") STAT=Ok("17")
C6 seq=37 record RTEMS:CA:DOWN2 VAL=Ok("0") SEVR=Ok("3") STAT=Ok("17")
C6 seq=37 record RTEMS:CA:UPLNK VAL=Ok("0") SEVR=Ok("3") STAT=Ok("17")
C6 seq=37 record RTEMS:CA:FAST VAL=Ok("0") SEVR=Ok("3") STAT=Ok("17")
C6 seq=37 record RTEMS:CA:C8 VAL=Ok("0") SEVR=Ok("3") STAT=Ok("17")
C6 seq=37 record RTEMS:CA:OTHER VAL=Ok("0") SEVR=Ok("3") STAT=Ok("17")
