qemu-system-arm: warning: nic cadence_gem.1 has no peer

rtems-boot: POSIX_Init entered (RTEMS rtems-6.0.0 (ARM/ARMv4/xilinx_zynq_a9_qemu))
rtems-boot: initializing libbsd
nexus0: <RTEMS Nexus device>
cgem0: <Cadence CGEM Gigabit Ethernet Interface> on nexus0
miibus0: <MII bus> on cgem0
e1000phy0: <Marvell 88E1111 Gigabit PHY> PHY 7 on miibus0
e1000phy0:  none, 10baseT, 10baseT-FDX, 100baseTX, 100baseTX-FDX, 1000baseT-FDX, 1000baseT-FDX-master, auto
info: cgem0: Ethernet address: 52:54:00:12:34:81
arasan_sdhci1: <Arasan SDIO> on nexus0
arasan_sdhci1-slot0: Hardware doesn't specify base clock frequency, using 50MHz as default.
arasan_sdhci1-slot0: Hardware doesn't specify timeout clock frequency, setting BROKEN_TIMEOUT quirk.
arasan_sdhci0: <Arasan SDIO> on nexus0
arasan_sdhci0-slot0: Hardware doesn't specify base clock frequency, using 50MHz as default.
arasan_sdhci0-slot0: Hardware doesn't specify timeout clock frequency, setting BROKEN_TIMEOUT quirk.
zy7_slcr0: <Zynq-7000 slcr block> on nexus0
info: lo0: link state changed to UP
info: version 6.2.1 starting
cgem0: cgem_mediachange: could not set ref clk0 to 25000000.
info: cgem0: link state changed to UP
debug: cgem0: executing `epics-rs boot' PREINIT
rtems-boot: dhcpcd --> interface=cgem0
rtems-boot: dhcpcd --> reason=PREINIT
rtems-boot: dhcpcd --> pid=1
rtems-boot: dhcpcd --> ifmetric=201
rtems-boot: dhcpcd --> ifwireless=0
rtems-boot: dhcpcd --> ifflags=4294936643
rtems-boot: dhcpcd --> ifmtu=1500
rtems-boot: dhcpcd --> interface_order=cgem0
rtems-boot: dhcpcd --> if_up=false
rtems-boot: dhcpcd --> if_down=true
debug: cgem0: executing `epics-rs boot' CARRIER
rtems-boot: dhcpcd --> interface=cgem0
rtems-boot: dhcpcd --> reason=CARRIER
rtems-boot: dhcpcd --> pid=1
rtems-boot: dhcpcd --> ifmetric=201
rtems-boot: dhcpcd --> ifwireless=0
rtems-boot: dhcpcd --> ifflags=4294936643
rtems-boot: dhcpcd --> ifmtu=1500
rtems-boot: dhcpcd --> interface_order=cgem0
rtems-boot: dhcpcd --> if_up=false
rtems-boot: dhcpcd --> if_down=true
debug: cgem0: using hwaddr 52:54:00:12:34:81
info: cgem0: soliciting a DHCP lease
debug: cgem0: sending DISCOVER (xid 0x65e61fa9), next in %0.1f seconds
info: cgem0: offered 10.0.2.15 from 10.0.2.2
debug: cgem0: sending REQUEST (xid 0x65e61fa9), next in %0.1f seconds
debug: cgem0: acknowledged 10.0.2.15 from 10.0.2.2
debug: cgem0: checking for 10.0.2.15
debug: cgem0: sending ARP probe (1 of 3), next in %0.1f seconds
info: cgem0: carrier lost
debug: cgem0: executing `epics-rs boot' NOCARRIER
rtems-boot: dhcpcd --> interface=cgem0
rtems-boot: dhcpcd --> reason=NOCARRIER
rtems-boot: dhcpcd --> pid=1
rtems-boot: dhcpcd --> ifmetric=201
rtems-boot: dhcpcd --> ifwireless=0
rtems-boot: dhcpcd --> ifflags=34818
rtems-boot: dhcpcd --> ifmtu=1500
rtems-boot: dhcpcd --> interface_order=cgem0
rtems-boot: dhcpcd --> if_up=false
rtems-boot: dhcpcd --> if_down=true
info: cgem0: carrier acquired
debug: cgem0: executing `epics-rs boot' CARRIER
rtems-boot: dhcpcd --> interface=cgem0
rtems-boot: dhcpcd --> reason=CARRIER
rtems-boot: dhcpcd --> pid=1
rtems-boot: dhcpcd --> ifmetric=201
rtems-boot: dhcpcd --> ifwireless=0
rtems-boot: dhcpcd --> ifflags=4294936643
rtems-boot: dhcpcd --> ifmtu=1500
rtems-boot: dhcpcd --> interface_order=cgem0
rtems-boot: dhcpcd --> if_up=false
rtems-boot: dhcpcd --> if_down=true
debug: cgem0: using hwaddr 52:54:00:12:34:81
info: cgem0: soliciting a DHCP lease
debug: cgem0: sending DISCOVER (xid 0xd78e646b), next in %0.1f seconds
info: cgem0: offered 10.0.2.15 from 10.0.2.2
debug: cgem0: sending REQUEST (xid 0xd78e646b), next in %0.1f seconds
debug: cgem0: acknowledged 10.0.2.15 from 10.0.2.2
debug: cgem0: checking for 10.0.2.15
debug: cgem0: sending ARP probe (1 of 3), next in %0.1f seconds
debug: cgem0: sending ARP probe (2 of 3), next in %0.1f seconds
debug: cgem0: sending ARP probe (3 of 3), next in %0.1f seconds
info: cgem0: leased 10.0.2.15 for 86400 seconds
debug: cgem0: renew in 43200 seconds, rebind in 75600 seconds
debug: cgem0: adding IP address 10.0.2.15/24
info: cgem0: adding host route to 10.0.2.15 via 127.0.0.1
err: cgem0: ipv4_addroute: File exists
info: cgem0: adding route to 10.0.2.0/24
err: cgem0: ipv4_addroute: File exists
info: cgem0: adding default route via 10.0.2.2
debug: cgem0: writing lease `/var/db/dhcpcd-cgem0.lease'
debug: cgem0: executing `epics-rs boot' BOUND
rtems-boot: dhcpcd --> interface=cgem0
rtems-boot: dhcpcd --> reason=BOUND
rtems-boot: dhcpcd --> pid=1
rtems-boot: dhcpcd --> ifmetric=201
rtems-boot: dhcpcd --> ifwireless=0
rtems-boot: dhcpcd --> ifflags=4294936643
rtems-boot: dhcpcd --> ifmtu=1500
rtems-boot: dhcpcd --> interface_order=cgem0
rtems-boot: dhcpcd --> if_up=true
rtems-boot: dhcpcd --> if_down=false
rtems-boot: dhcpcd --> new_ip_address=10.0.2.15
rtems-boot: dhcpcd --> new_subnet_cidr=24
rtems-boot: dhcpcd --> new_broadcast_address=10.0.2.255
rtems-boot: dhcpcd --> new_network_number=10.0.2.0
rtems-boot: dhcpcd --> new_subnet_mask=255.255.255.0
rtems-boot: dhcpcd --> new_routers=10.0.2.2
rtems-boot: dhcpcd --> new_domain_name_servers=10.0.2.3
rtems-boot: dhcpcd --> new_dhcp_lease_time=86400
rtems-boot: dhcpcd --> new_dhcp_message_type=5
rtems-boot: dhcpcd --> new_dhcp_server_identifier=10.0.2.2
rtems-boot: dhcp BOUND
debug: cgem0: sending ARP announce (1 of 2), next in 2.0 seconds
rtems-boot: -------- ifconfig --------
cgem0: flags=8843<UP,BROADCAST,RUNNING,SIMPLEX,MULTICAST> metric 0 mtu 1500
        options=80008<VLAN_MTU,LINKSTATE>
        ether 52:54:00:12:34:81
        inet6 fe80::5054:ff:fe12:3481%cgem0 prefixlen 64 scopeid 0x1
        inet 10.0.2.15 netmask 0xffffff00 broadcast 10.0.2.255
        nd6 options=21<PERFORMNUD,AUTO_LINKLOCAL>
        media: Ethernet autoselect (100baseTX <full-duplex>)
        status: active
lo0: flags=8049<UP,LOOPBACK,RUNNING,MULTICAST> metric 0 mtu 16384
        options=680003<RXCSUM,TXCSUM,LINKSTATE,RXCSUM_IPV6,TXCSUM_IPV6>
        inet 127.0.0.1 netmask 0xffffff00
        inet6 ::1 prefixlen 128
        inet6 fe80::1%lo0 prefixlen 64 scopeid 0x2
        nd6 options=21<PERFORMNUD,AUTO_LINKLOCAL>
        groups: lo
rtems-boot: -------- netstat -rn --------
Routing tables

Internet:
Destination        Gateway            Flags     Netif Expire
default            10.0.2.2           UGS       cgem0
10.0.2.0/24        link#1             U         cgem0
10.0.2.15          link#1             UHS         lo0
127.0.0.1          link#2             UH          lo0

Internet6:
Destination                       Gateway                       Flags     Netif Expire
::1                               link#2                        UH          lo0
fe80::%cgem0/64                   link#1                        U         cgem0
fe80::5054:ff:fe12:3481%cgem0     link#1                        UHS         lo0
fe80::%lo0/64                     link#2                        U           lo0
fe80::1%lo0                       link#2                        UHS         lo0
rtems-boot: main() reached
epics-rs: lock protocol: PI is enabled, RT scheduling AllowRealtime
iocInit: 1 non-local DB link(s) made external
iocInit: 4 external CP link subscriptions (3 PVs warmed)
iocInit: 1 external link opens staged
rtems-ca-ioc: serving 17 records on CA port 5064 (TCP + UDP search), RTEMS execution model, no tokio runtime
DIALPROBE submit n=1 target=10.0.2.2:15076 workers=1 queued=1 dialing=0
DIALPROBE resolve n=1 target=10.0.2.2:15076 elapsed_ms=45 outcome=error:Connection refused (os error 111)
WARN  epics_ca_rs::client::transport: TCP connect failed server=10.0.2.2:15076 error=Connection refused (os error 111)
rtems-ca-ioc: calink resolver installed — 4/4 ca:// record links registered (UPSTREAM:AI, UPSTREAM:AO, UPSTREAM:FAST, UPSTREAM:OTHER); ` CA`-modified and ca://... INP/OUT resolve over EPICS_CA_NAME_SERVERS (TCP name servers; UDP search is compiled out on this target)
rtems-ca-ioc: RTEMS:AO
rtems-ca-ioc: RTEMS:CA:C1
rtems-ca-ioc: RTEMS:CA:C2
rtems-ca-ioc: RTEMS:CA:C3
rtems-ca-ioc: RTEMS:CA:C4
rtems-ca-ioc: RTEMS:CA:C5
rtems-ca-ioc: RTEMS:CA:C6
rtems-ca-ioc: RTEMS:CA:C7
rtems-ca-ioc: RTEMS:CA:C8
rtems-ca-ioc: RTEMS:CA:DOWN
rtems-ca-ioc: RTEMS:CA:DOWN2
rtems-ca-ioc: RTEMS:CA:FAST
rtems-ca-ioc: RTEMS:CA:OTHER
rtems-ca-ioc: RTEMS:CA:TICK
rtems-ca-ioc: RTEMS:CA:UPLNK
rtems-ca-ioc: RTEMS:LO
rtems-ca-ioc: RTEMS:MSG
C6 probe: tick task on the callback band writing RTEMS:CA:TICK every 200 ms
C6 probe: EPICS_CA_NAME_SERVERS=10.0.2.2:15076 (compiled in), EPICS_CA_ADDR_LIST empty, EPICS_CA_AUTO_ADDR_LIST=NO; reporting every 10 s
debug: cgem0: sending ARP announce (2 of 2)
FDPROBE seq=1 FD_CNT=8 FD_MAX=150 CA_CONN_CNT=0
C6 seq=1 links=4 circuits=Some(0)
C6 seq=1 dialpool workers=1 attempts=1 queued=0 dialing=0 MEM_FREE=231309960 MEM_USED=28446488
C6 seq=1 link pv=UPSTREAM:AI connected=false
C6 seq=1 link pv=UPSTREAM:AO connected=false
C6 seq=1 link pv=UPSTREAM:FAST connected=false
C6 seq=1 link pv=UPSTREAM:OTHER connected=false
C6 seq=1 record RTEMS:CA:DOWN VAL=Ok("0") SEVR=Ok("3") STAT=Ok("17")
C6 seq=1 record RTEMS:CA:DOWN2 VAL=Ok("0") SEVR=Ok("3") STAT=Ok("17")
C6 seq=1 record RTEMS:CA:UPLNK VAL=Ok("0") SEVR=Ok("3") STAT=Ok("17")
C6 seq=1 record RTEMS:CA:FAST VAL=Ok("0") SEVR=Ok("3") STAT=Ok("17")
C6 seq=1 record RTEMS:CA:C8 VAL=Ok("0") SEVR=Ok("3") STAT=Ok("17")
C6 seq=1 record RTEMS:CA:OTHER VAL=Ok("0") SEVR=Ok("3") STAT=Ok("17")
FDPROBE seq=2 FD_CNT=8 FD_MAX=150 CA_CONN_CNT=0
C6 seq=2 links=4 circuits=Some(0)
C6 seq=2 dialpool workers=1 attempts=1 queued=0 dialing=0 MEM_FREE=231308648 MEM_USED=28447800
C6 seq=2 link pv=UPSTREAM:AI connected=false
C6 seq=2 link pv=UPSTREAM:AO connected=false
C6 seq=2 link pv=UPSTREAM:FAST connected=false
C6 seq=2 link pv=UPSTREAM:OTHER connected=false
C6 seq=2 record RTEMS:CA:DOWN VAL=Ok("0") SEVR=Ok("3") STAT=Ok("17")
C6 seq=2 record RTEMS:CA:DOWN2 VAL=Ok("0") SEVR=Ok("3") STAT=Ok("17")
C6 seq=2 record RTEMS:CA:UPLNK VAL=Ok("0") SEVR=Ok("3") STAT=Ok("17")
C6 seq=2 record RTEMS:CA:FAST VAL=Ok("0") SEVR=Ok("3") STAT=Ok("17")
C6 seq=2 record RTEMS:CA:C8 VAL=Ok("0") SEVR=Ok("3") STAT=Ok("17")
C6 seq=2 record RTEMS:CA:OTHER VAL=Ok("0") SEVR=Ok("3") STAT=Ok("17")
err: timed out
warning: allowing 8 seconds for IPv4LL timeout
DIALPROBE submit n=2 target=10.0.2.2:15076 workers=1 queued=1 dialing=0
DIALPROBE resolve n=2 target=10.0.2.2:15076 elapsed_ms=4 outcome=error:Connection refused (os error 111)
WARN  epics_ca_rs::client::transport: TCP connect failed server=10.0.2.2:15076 error=Connection refused (os error 111)
FDPROBE seq=3 FD_CNT=8 FD_MAX=150 CA_CONN_CNT=0
C6 seq=3 links=4 circuits=Some(0)
C6 seq=3 dialpool workers=1 attempts=2 queued=0 dialing=0 MEM_FREE=231308376 MEM_USED=28448072
C6 seq=3 link pv=UPSTREAM:AI connected=false
C6 seq=3 link pv=UPSTREAM:AO connected=false
C6 seq=3 link pv=UPSTREAM:FAST connected=false
C6 seq=3 link pv=UPSTREAM:OTHER connected=false
C6 seq=3 record RTEMS:CA:DOWN VAL=Ok("0") SEVR=Ok("3") STAT=Ok("17")
C6 seq=3 record RTEMS:CA:DOWN2 VAL=Ok("0") SEVR=Ok("3") STAT=Ok("17")
C6 seq=3 record RTEMS:CA:UPLNK VAL=Ok("0") SEVR=Ok("3") STAT=Ok("17")
C6 seq=3 record RTEMS:CA:FAST VAL=Ok("0") SEVR=Ok("3") STAT=Ok("17")
C6 seq=3 record RTEMS:CA:C8 VAL=Ok("0") SEVR=Ok("3") STAT=Ok("17")
C6 seq=3 record RTEMS:CA:OTHER VAL=Ok("0") SEVR=Ok("3") STAT=Ok("17")
err: timed out
FDPROBE seq=4 FD_CNT=8 FD_MAX=150 CA_CONN_CNT=0
C6 seq=4 links=4 circuits=Some(0)
C6 seq=4 dialpool workers=1 attempts=2 queued=0 dialing=0 MEM_FREE=231307920 MEM_USED=28448528
C6 seq=4 link pv=UPSTREAM:AI connected=false
C6 seq=4 link pv=UPSTREAM:AO connected=false
C6 seq=4 link pv=UPSTREAM:FAST connected=false
C6 seq=4 link pv=UPSTREAM:OTHER connected=false
C6 seq=4 record RTEMS:CA:DOWN VAL=Ok("0") SEVR=Ok("3") STAT=Ok("17")
C6 seq=4 record RTEMS:CA:DOWN2 VAL=Ok("0") SEVR=Ok("3") STAT=Ok("17")
C6 seq=4 record RTEMS:CA:UPLNK VAL=Ok("0") SEVR=Ok("3") STAT=Ok("17")
C6 seq=4 record RTEMS:CA:FAST VAL=Ok("0") SEVR=Ok("3") STAT=Ok("17")
C6 seq=4 record RTEMS:CA:C8 VAL=Ok("0") SEVR=Ok("3") STAT=Ok("17")
C6 seq=4 record RTEMS:CA:OTHER VAL=Ok("0") SEVR=Ok("3") STAT=Ok("17")
FDPROBE seq=5 FD_CNT=8 FD_MAX=150 CA_CONN_CNT=0
C6 seq=5 links=4 circuits=Some(0)
C6 seq=5 dialpool workers=1 attempts=2 queued=0 dialing=0 MEM_FREE=231307632 MEM_USED=28448816
C6 seq=5 link pv=UPSTREAM:AI connected=false
C6 seq=5 link pv=UPSTREAM:AO connected=false
C6 seq=5 link pv=UPSTREAM:FAST connected=false
C6 seq=5 link pv=UPSTREAM:OTHER connected=false
C6 seq=5 record RTEMS:CA:DOWN VAL=Ok("0") SEVR=Ok("3") STAT=Ok("17")
C6 seq=5 record RTEMS:CA:DOWN2 VAL=Ok("0") SEVR=Ok("3") STAT=Ok("17")
C6 seq=5 record RTEMS:CA:UPLNK VAL=Ok("0") SEVR=Ok("3") STAT=Ok("17")
C6 seq=5 record RTEMS:CA:FAST VAL=Ok("0") SEVR=Ok("3") STAT=Ok("17")
C6 seq=5 record RTEMS:CA:C8 VAL=Ok("0") SEVR=Ok("3") STAT=Ok("17")
C6 seq=5 record RTEMS:CA:OTHER VAL=Ok("0") SEVR=Ok("3") STAT=Ok("17")
DIALPROBE submit n=3 target=10.0.2.2:15076 workers=1 queued=1 dialing=0
DIALPROBE resolve n=3 target=10.0.2.2:15076 elapsed_ms=4 outcome=error:Connection refused (os error 111)
WARN  epics_ca_rs::client::transport: TCP connect failed server=10.0.2.2:15076 error=Connection refused (os error 111)
FDPROBE seq=6 FD_CNT=8 FD_MAX=150 CA_CONN_CNT=0
C6 seq=6 links=4 circuits=Some(0)
C6 seq=6 dialpool workers=1 attempts=3 queued=0 dialing=0 MEM_FREE=231308280 MEM_USED=28448168
C6 seq=6 link pv=UPSTREAM:AI connected=false
C6 seq=6 link pv=UPSTREAM:AO connected=false
C6 seq=6 link pv=UPSTREAM:FAST connected=false
C6 seq=6 link pv=UPSTREAM:OTHER connected=false
C6 seq=6 record RTEMS:CA:DOWN VAL=Ok("0") SEVR=Ok("3") STAT=Ok("17")
C6 seq=6 record RTEMS:CA:DOWN2 VAL=Ok("0") SEVR=Ok("3") STAT=Ok("17")
C6 seq=6 record RTEMS:CA:UPLNK VAL=Ok("0") SEVR=Ok("3") STAT=Ok("17")
C6 seq=6 record RTEMS:CA:FAST VAL=Ok("0") SEVR=Ok("3") STAT=Ok("17")
C6 seq=6 record RTEMS:CA:C8 VAL=Ok("0") SEVR=Ok("3") STAT=Ok("17")
C6 seq=6 record RTEMS:CA:OTHER VAL=Ok("0") SEVR=Ok("3") STAT=Ok("17")
FDCENSUS begin tag=c6-6
FDCENSUS tag=c6-6 fd=0 kind=chardev mode=020755 rdev=0
FDCENSUS tag=c6-6 fd=1 kind=chardev mode=020755 rdev=0
FDCENSUS tag=c6-6 fd=2 kind=chardev mode=020755 rdev=0
FDCENSUS tag=c6-6 fd=14 kind=udp so_type=2 listening=0 local=0.0.0.0:0 peer=none(errno=128) mode=0140666
FDCENSUS tag=c6-6 fd=15 kind=socket so_type=3 listening=0 local=- peer=none(errno=128) mode=0140666
FDCENSUS tag=c6-6 fd=16 kind=socket so_type=3 listening=0 local=- peer=none(errno=128) mode=0140666
FDCENSUS tag=c6-6 fd=44 kind=tcp so_type=1 listening=2 local=0.0.0.0:5064 peer=none(errno=128) mode=0140000
FDCENSUS tag=c6-6 fd=45 kind=udp so_type=2 listening=0 local=0.0.0.0:5064 peer=none(errno=128) mode=0140666
FDCENSUS end tag=c6-6 open=8 max=150
TASKDUMP begin tag=c6-6 count=35 scheduler_sc=0
TASKDUMP id=0x09010001 core=255 posix=   0 sc=0 obj=IDLE   thread=IDLE
TASKDUMP id=0x0a010001 core= 98 posix= 157 sc=0 obj=TIME   thread=TIME
TASKDUMP id=0x0a010002 core= 96 posix= 159 sc=0 obj=IRQS   thread=IRQS
TASKDUMP id=0x0a010003 core=100 posix= 155 sc=0 obj=_BSD   thread=swi6: Giant tas
TASKDUMP id=0x0a010004 core=100 posix= 155 sc=0 obj=_BSD   thread=kqueue_ctx task
TASKDUMP id=0x0a010005 core=100 posix= 155 sc=0 obj=_BSD   thread=config_0
TASKDUMP id=0x0a010006 core=100 posix= 155 sc=0 obj=_BSD   thread=swi6: task queu
TASKDUMP id=0x0a010007 core=100 posix= 155 sc=0 obj=_BSD   thread=swi5: fast task
TASKDUMP id=0x0a010008 core=100 posix= 155 sc=0 obj=_BSD   thread=thread taskq
TASKDUMP id=0x0a010009 core=100 posix= 155 sc=0 obj=_BSD   thread=swi1: netisr 0
TASKDUMP id=0x0a01000a core=100 posix= 155 sc=0 obj=_BSD   thread=bufdaemon
TASKDUMP id=0x0a01000b core=100 posix= 155 sc=0 obj=_BSD   thread=vnlru
TASKDUMP id=0x0a01000c core=100 posix= 155 sc=0 obj=_BSD   thread=syncer
TASKDUMP id=0x0a01000d core=100 posix= 155 sc=0 obj=_BSD   thread=softirq_0
TASKDUMP id=0x0a01000e core=100 posix= 155 sc=0 obj=_BSD   thread=bufspacedaemon-
TASKDUMP id=0x0a01000f core=254 posix=   1 sc=0 obj=DHCP   thread=DHCP
TASKDUMP id=0x0b010001 core=254 posix=   1 sc=0 obj=       thread=<empty>
TASKDUMP id=0x0b010002 core=140 posix= 115 sc=0 obj=       thread=cbLow
TASKDUMP id=0x0b010003 core=135 posix= 120 sc=0 obj=       thread=cbMedium
TASKDUMP id=0x0b010004 core=128 posix= 127 sc=0 obj=       thread=cbHigh
TASKDUMP id=0x0b010005 core=129 posix= 126 sc=0 obj=       thread=cbTimer
TASKDUMP id=0x0b010006 core=132 posix= 123 sc=0 obj=       thread=scanOnce
TASKDUMP id=0x0b010007 core=189 posix=  66 sc=0 obj=       thread=scan-owner
TASKDUMP id=0x0b010008 core=189 posix=  66 sc=0 obj=       thread=status-pv
TASKDUMP id=0x0b010009 core=181 posix=  74 sc=0 obj=       thread=CAS-TCP
TASKDUMP id=0x0b01000a core=183 posix=  72 sc=0 obj=       thread=CAS-UDP
TASKDUMP id=0x0b01000b core=150 posix= 105 sc=0 obj=       thread=CAC-dial 0
TASKDUMP id=0x0b01000c core=139 posix= 116 sc=0 obj=       thread=scan-10
TASKDUMP id=0x0b01000d core=138 posix= 117 sc=0 obj=       thread=scan-5
TASKDUMP id=0x0b01000e core=137 posix= 118 sc=0 obj=       thread=scan-2
TASKDUMP id=0x0b01000f core=136 posix= 119 sc=0 obj=       thread=scan-1
TASKDUMP id=0x0b010010 core=135 posix= 120 sc=0 obj=       thread=scan-0.5
TASKDUMP id=0x0b010011 core=134 posix= 121 sc=0 obj=       thread=scan-0.2
TASKDUMP id=0x0b010012 core=133 posix= 122 sc=0 obj=       thread=scan-0.1
TASKDUMP id=0x0b010013 core=189 posix=  66 sc=0 obj=       thread=c6-probe
TASKDUMP end tag=c6-6
STACKUSE begin tag=c6-6
                             STACK USAGE BY THREAD
ID         NAME                  LOW        HIGH       CURRENT     AVAIL   USED
0x09010001 IDLE                  0x00746e70 0x00747e5f 0x00747d38   4080    320
0x0a010001 TIME                  0x00759570 0x0076155f 0x007614c0  32752   1312
0x0a010002 IRQS                  0x00761ba8 0x00769b97 0x00769af8  32752   1084
0x0a010003 swi6: Giant tas       0x0077d730 0x0078571f 0x00785648  32752    256
0x0a010004 kqueue_ctx task       0x00785e60 0x0078de4f 0x0078dd78  32752    256
0x0a010005 config_0              0x0078e590 0x0079657f 0x007964a8  32752    256
0x0a010006 swi6: task queu       0x00796da8 0x0079ed97 0x0079ecc0  32752   1320
0x0a010007 swi5: fast task       0x0079f5c0 0x007a75af 0x007a74d8  32752    256
0x0a010008 thread taskq          0x007a7cf0 0x007afcdf 0x007afc08  32752    256
0x0a010009 swi1: netisr 0        0x007b0480 0x007b846f 0x007b8398  32752    396
0x0a01000a bufdaemon             0x007d9288 0x007e1277 0x007e1168  32752    736
0x0a01000b vnlru                 0x007e1920 0x007e990f 0x007e97b8  32752    424
0x0a01000c syncer                0x007e9fb8 0x007f1fa7 0x007f1e60  32752    408
0x0a01000d softirq_0             0x007f26e8 0x007fa6d7 0x007fa600  32752    256
0x0a01000e bufspacedaemon-       0x007fad80 0x00802d6f 0x00802c80  32752    320
0x0a01000f DHCP                  0x00806f18 0x00808f07 0x00808a40   8176   2592
0x0b010001                       0x007486d0 0x007586bf 0x00757ca8  65520   8800
0x0b010002 cbLow                 0x0082d8f8 0x0092d8e7 0x0092d748 1048560    640
0x0b010003 cbMedium              0x0092df30 0x00a2df1f 0x00a2dd80 1048560 266304
0x0b010004 cbHigh                0x00a2e568 0x00b2e557 0x00b2e3b8 1048560    640
0x0b010005 cbTimer               0x00b2eba0 0x00baeb8f 0x00bae990 524272    760
0x0b010006 scanOnce              0x00baf1d8 0x00caf1c7 0x00caf038 1048560    624
0x0b010007 scan-owner            0x00cb83d0 0x00d383bf 0x00d38008 524272   2000
0x0b010008 status-pv             0x00d398a0 0x00d7988f 0x00d796b8 262128   2008
0x0b010009 CAS-TCP               0x00d79ed8 0x00df9ec7 0x00df98a8 524272   1608
0x0b01000a CAS-UDP               0x00dfa510 0x00e7a4ff 0x00e79ef8 524272   1624
0x0b01000b CAC-dial 0            0x00e98158 0x00ed8147 0x00ed7fa8 262128   2400
0x0b01000c scan-10               0x00eda298 0x00fda287 0x00fda068 1048560   1160
0x0b01000d scan-5                0x00fda8d0 0x010da8bf 0x010da6a0 1048560   1160
0x0b01000e scan-2                0x010dafd0 0x011dafbf 0x011dada0 1048560   1160
0x0b01000f scan-1                0x011db708 0x012db6f7 0x012db4d8 1048560   1160
0x0b010010 scan-0.5              0x012dbe58 0x013dbe47 0x013dbc28 1048560   1160
0x0b010011 scan-0.2              0x013dc5a8 0x014dc597 0x014dc378 1048560   1160
0x0b010012 scan-0.1              0x014dccf8 0x015dcce7 0x015dc8f8 1048560   1160
0x0b010013 c6-probe              0x015edce0 0x0166dccf 0x0166d9a8 524272   1792
0x00000000 Interrupt Stack       0x00739150 0x0073a13f 0x00000000   4080    288
STACKUSE end tag=c6-6
FDPROBE seq=7 FD_CNT=8 FD_MAX=150 CA_CONN_CNT=0
C6 seq=7 links=4 circuits=Some(0)
C6 seq=7 dialpool workers=1 attempts=3 queued=0 dialing=0 MEM_FREE=231308192 MEM_USED=28448256
C6 seq=7 link pv=UPSTREAM:AI connected=false
C6 seq=7 link pv=UPSTREAM:AO connected=false
C6 seq=7 link pv=UPSTREAM:FAST connected=false
C6 seq=7 link pv=UPSTREAM:OTHER connected=false
C6 seq=7 record RTEMS:CA:DOWN VAL=Ok("0") SEVR=Ok("3") STAT=Ok("17")
C6 seq=7 record RTEMS:CA:DOWN2 VAL=Ok("0") SEVR=Ok("3") STAT=Ok("17")
C6 seq=7 record RTEMS:CA:UPLNK VAL=Ok("0") SEVR=Ok("3") STAT=Ok("17")
C6 seq=7 record RTEMS:CA:FAST VAL=Ok("0") SEVR=Ok("3") STAT=Ok("17")
C6 seq=7 record RTEMS:CA:C8 VAL=Ok("0") SEVR=Ok("3") STAT=Ok("17")
C6 seq=7 record RTEMS:CA:OTHER VAL=Ok("0") SEVR=Ok("3") STAT=Ok("17")
FDPROBE seq=8 FD_CNT=8 FD_MAX=150 CA_CONN_CNT=0
C6 seq=8 links=4 circuits=Some(0)
C6 seq=8 dialpool workers=1 attempts=3 queued=0 dialing=0 MEM_FREE=231307896 MEM_USED=28448552
C6 seq=8 link pv=UPSTREAM:AI connected=false
C6 seq=8 link pv=UPSTREAM:AO connected=false
C6 seq=8 link pv=UPSTREAM:FAST connected=false
C6 seq=8 link pv=UPSTREAM:OTHER connected=false
C6 seq=8 record RTEMS:CA:DOWN VAL=Ok("0") SEVR=Ok("3") STAT=Ok("17")
C6 seq=8 record RTEMS:CA:DOWN2 VAL=Ok("0") SEVR=Ok("3") STAT=Ok("17")
C6 seq=8 record RTEMS:CA:UPLNK VAL=Ok("0") SEVR=Ok("3") STAT=Ok("17")
C6 seq=8 record RTEMS:CA:FAST VAL=Ok("0") SEVR=Ok("3") STAT=Ok("17")
C6 seq=8 record RTEMS:CA:C8 VAL=Ok("0") SEVR=Ok("3") STAT=Ok("17")
C6 seq=8 record RTEMS:CA:OTHER VAL=Ok("0") SEVR=Ok("3") STAT=Ok("17")
