qemu-system-arm: warning: nic cadence_gem.1 has no peer

rtems-boot: POSIX_Init entered (RTEMS rtems-6.0.0 (ARM/ARMv4/xilinx_zynq_a9_qemu))
rtems-boot: initializing libbsd
nexus0: <RTEMS Nexus device>
cgem0: <Cadence CGEM Gigabit Ethernet Interface> on nexus0
miibus0: <MII bus> on cgem0
e1000phy0: <Marvell 88E1111 Gigabit PHY> PHY 7 on miibus0
e1000phy0:  none, 10baseT, 10baseT-FDX, 100baseTX, 100baseTX-FDX, 1000baseT-FDX, 1000baseT-FDX-master, auto
info: cgem0: Ethernet address: 52:54:00:12:34:56
arasan_sdhci1: <Arasan SDIO> on nexus0
arasan_sdhci1-slot0: Hardware doesn't specify base clock frequency, using 50MHz as default.
arasan_sdhci1-slot0: Hardware doesn't specify timeout clock frequency, setting BROKEN_TIMEOUT quirk.
arasan_sdhci0: <Arasan SDIO> on nexus0
arasan_sdhci0-slot0: Hardware doesn't specify base clock frequency, using 50MHz as default.
arasan_sdhci0-slot0: Hardware doesn't specify timeout clock frequency, setting BROKEN_TIMEOUT quirk.
zy7_slcr0: <Zynq-7000 slcr block> on nexus0
info: lo0: link state changed to UP
info: version 6.2.1 starting
cgem0: cgem_mediachange: could not set ref clk0 to 25000000.
info: cgem0: link state changed to UP
debug: cgem0: executing `epics-rs boot' PREINIT
rtems-boot: dhcpcd --> interface=cgem0
rtems-boot: dhcpcd --> reason=PREINIT
rtems-boot: dhcpcd --> pid=1
rtems-boot: dhcpcd --> ifmetric=201
rtems-boot: dhcpcd --> ifwireless=0
rtems-boot: dhcpcd --> ifflags=4294936643
rtems-boot: dhcpcd --> ifmtu=1500
rtems-boot: dhcpcd --> interface_order=cgem0
rtems-boot: dhcpcd --> if_up=false
rtems-boot: dhcpcd --> if_down=true
debug: cgem0: executing `epics-rs boot' CARRIER
rtems-boot: dhcpcd --> interface=cgem0
rtems-boot: dhcpcd --> reason=CARRIER
rtems-boot: dhcpcd --> pid=1
rtems-boot: dhcpcd --> ifmetric=201
rtems-boot: dhcpcd --> ifwireless=0
rtems-boot: dhcpcd --> ifflags=4294936643
rtems-boot: dhcpcd --> ifmtu=1500
rtems-boot: dhcpcd --> interface_order=cgem0
rtems-boot: dhcpcd --> if_up=false
rtems-boot: dhcpcd --> if_down=true
debug: cgem0: using hwaddr 52:54:00:12:34:56
info: cgem0: soliciting a DHCP lease
debug: cgem0: sending DISCOVER (xid 0xfb3915c3), next in %0.1f seconds
info: cgem0: offered 10.0.2.15 from 10.0.2.2
debug: cgem0: sending REQUEST (xid 0xfb3915c3), next in %0.1f seconds
debug: cgem0: acknowledged 10.0.2.15 from 10.0.2.2
debug: cgem0: checking for 10.0.2.15
debug: cgem0: sending ARP probe (1 of 3), next in %0.1f seconds
info: cgem0: carrier lost
debug: cgem0: executing `epics-rs boot' NOCARRIER
rtems-boot: dhcpcd --> interface=cgem0
rtems-boot: dhcpcd --> reason=NOCARRIER
rtems-boot: dhcpcd --> pid=1
rtems-boot: dhcpcd --> ifmetric=201
rtems-boot: dhcpcd --> ifwireless=0
rtems-boot: dhcpcd --> ifflags=34818
rtems-boot: dhcpcd --> ifmtu=1500
rtems-boot: dhcpcd --> interface_order=cgem0
rtems-boot: dhcpcd --> if_up=false
rtems-boot: dhcpcd --> if_down=true
info: cgem0: carrier acquired
debug: cgem0: executing `epics-rs boot' CARRIER
rtems-boot: dhcpcd --> interface=cgem0
rtems-boot: dhcpcd --> reason=CARRIER
rtems-boot: dhcpcd --> pid=1
rtems-boot: dhcpcd --> ifmetric=201
rtems-boot: dhcpcd --> ifwireless=0
rtems-boot: dhcpcd --> ifflags=4294936643
rtems-boot: dhcpcd --> ifmtu=1500
rtems-boot: dhcpcd --> interface_order=cgem0
rtems-boot: dhcpcd --> if_up=false
rtems-boot: dhcpcd --> if_down=true
debug: cgem0: using hwaddr 52:54:00:12:34:56
info: cgem0: soliciting a DHCP lease
debug: cgem0: sending DISCOVER (xid 0xfc00d4ae), next in %0.1f seconds
info: cgem0: offered 10.0.2.15 from 10.0.2.2
debug: cgem0: sending REQUEST (xid 0xfc00d4ae), next in %0.1f seconds
debug: cgem0: acknowledged 10.0.2.15 from 10.0.2.2
debug: cgem0: checking for 10.0.2.15
debug: cgem0: sending ARP probe (1 of 3), next in %0.1f seconds
debug: cgem0: sending ARP probe (2 of 3), next in %0.1f seconds
debug: cgem0: sending ARP probe (3 of 3), next in %0.1f seconds
info: cgem0: leased 10.0.2.15 for 86400 seconds
debug: cgem0: renew in 43200 seconds, rebind in 75600 seconds
debug: cgem0: adding IP address 10.0.2.15/24
info: cgem0: adding host route to 10.0.2.15 via 127.0.0.1
err: cgem0: ipv4_addroute: File exists
info: cgem0: adding route to 10.0.2.0/24
err: cgem0: ipv4_addroute: File exists
info: cgem0: adding default route via 10.0.2.2
debug: cgem0: writing lease `/var/db/dhcpcd-cgem0.lease'
debug: cgem0: executing `epics-rs boot' BOUND
rtems-boot: dhcpcd --> interface=cgem0
rtems-boot: dhcpcd --> reason=BOUND
rtems-boot: dhcpcd --> pid=1
rtems-boot: dhcpcd --> ifmetric=201
rtems-boot: dhcpcd --> ifwireless=0
rtems-boot: dhcpcd --> ifflags=4294936643
rtems-boot: dhcpcd --> ifmtu=1500
rtems-boot: dhcpcd --> interface_order=cgem0
rtems-boot: dhcpcd --> if_up=true
rtems-boot: dhcpcd --> if_down=false
rtems-boot: dhcpcd --> new_ip_address=10.0.2.15
rtems-boot: dhcpcd --> new_subnet_cidr=24
rtems-boot: dhcpcd --> new_broadcast_address=10.0.2.255
rtems-boot: dhcpcd --> new_network_number=10.0.2.0
rtems-boot: dhcpcd --> new_subnet_mask=255.255.255.0
rtems-boot: dhcpcd --> new_routers=10.0.2.2
rtems-boot: dhcpcd --> new_domain_name_servers=10.0.2.3
rtems-boot: dhcpcd --> new_dhcp_lease_time=86400
rtems-boot: dhcpcd --> new_dhcp_message_type=5
rtems-boot: dhcpcd --> new_dhcp_server_identifier=10.0.2.2
rtems-boot: dhcp BOUND
debug: cgem0: sending ARP announce (1 of 2), next in 2.0 seconds
rtems-boot: -------- ifconfig --------
cgem0: flags=8843<UP,BROADCAST,RUNNING,SIMPLEX,MULTICAST> metric 0 mtu 1500
        options=80008<VLAN_MTU,LINKSTATE>
        ether 52:54:00:12:34:56
        inet6 fe80::5054:ff:fe12:3456%cgem0 prefixlen 64 scopeid 0x1
        inet 10.0.2.15 netmask 0xffffff00 broadcast 10.0.2.255
        nd6 options=21<PERFORMNUD,AUTO_LINKLOCAL>
        media: Ethernet autoselect (100baseTX <full-duplex>)
        status: active
lo0: flags=8049<UP,LOOPBACK,RUNNING,MULTICAST> metric 0 mtu 16384
        options=680003<RXCSUM,TXCSUM,LINKSTATE,RXCSUM_IPV6,TXCSUM_IPV6>
        inet 127.0.0.1 netmask 0xffffff00
        inet6 ::1 prefixlen 128
        inet6 fe80::1%lo0 prefixlen 64 scopeid 0x2
        nd6 options=21<PERFORMNUD,AUTO_LINKLOCAL>
        groups: lo
rtems-boot: -------- netstat -rn --------
Routing tables

Internet:
Destination        Gateway            Flags     Netif Expire
default            10.0.2.2           UGS       cgem0
10.0.2.0/24        link#1             U         cgem0
10.0.2.15          link#1             UHS         lo0
127.0.0.1          link#2             UH          lo0

Internet6:
Destination                       Gateway                       Flags     Netif Expire
::1                               link#2                        UH          lo0
fe80::%cgem0/64                   link#1                        U         cgem0
fe80::5054:ff:fe12:3456%cgem0     link#1                        UHS         lo0
fe80::%lo0/64                     link#2                        U           lo0
fe80::1%lo0                       link#2                        UHS         lo0
rtems-boot: main() reached
TLSDTOR2-BEGIN build=stock phase=cthread
TLSDTOR2-CFG target_thread_local=false panic_can_unwind=true
TLSDTOR2-SHIM mem_usage_is_some=true
leaksample[cthread-n0] used.number=1075 used.total=13490272 free.number=37 free.total=250480256
leaksample[cthread-n25] used.number=1100 used.total=13493672 free.number=37 free.total=250476856
leaksample[cthread-n50] used.number=1125 used.total=13497072 free.number=37 free.total=250473456
SLOPE cthread N=50 d_used_total_first_half=3400 d_used_total_second_half=3400 d_used_number_total=50 bytes_per_thread_first=136.00 bytes_per_thread_second=136.00 bytes_per_thread_overall=136.00 blocks_per_thread=1.000
TLSDTOR2-DTOR phase=cthread slot_dtor_runs=55 ci_dtor_runs=55 expected_per_touched_tls=55 slot_last_id=50 ci_last_id=50
TLSDTOR2-CTHREAD started=55 expected=55 tls_ok=55 tls_bad=0 current_distinct=55
TLSDTOR2-MAIN slot=0xdeadbeef intact=true
TLSDTOR2-VERDICT phase=cthread ok=true main_ok=true
TLSDTOR2-DONE
rtems-boot: IOC terminated with 0
                             STACK USAGE BY THREAD
ID         NAME                  LOW        HIGH       CURRENT     AVAIL   USED
0x09010001 IDLE                  0x00342130 0x0034311f 0x00342ff8   4080    320
0x0a010001 TIME                  0x00354830 0x0035c81f 0x0035c780  32752   1312
0x0a010002 IRQS                  0x0035ce68 0x00364e57 0x00364db8  32752    600
0x0a010003 swi6: Giant tas       0x003789f0 0x003809df 0x00380908  32752    256
0x0a010004 kqueue_ctx task       0x00381120 0x0038910f 0x00389038  32752    376
0x0a010005 config_0              0x00389850 0x0039183f 0x00391768  32752    256
0x0a010006 swi6: task queu       0x00392068 0x0039a057 0x00399f80  32752   1320
0x0a010007 swi5: fast task       0x0039a880 0x003a286f 0x003a2798  32752    256
0x0a010008 thread taskq          0x003a2fb0 0x003aaf9f 0x003aaec8  32752    256
0x0a010009 swi1: netisr 0        0x003ab740 0x003b372f 0x003b3658  32752    600
0x0a01000a bufdaemon             0x003d4548 0x003dc537 0x003dc428  32752    736
0x0a01000b vnlru                 0x003dcbe0 0x003e4bcf 0x003e4a78  32752    424
0x0a01000c syncer                0x003e5278 0x003ed267 0x003ed120  32752    408
0x0a01000d softirq_0             0x003ed9a8 0x003f5997 0x003f58c0  32752    256
0x0a01000e bufspacedaemon-       0x003f6040 0x003fe02f 0x003fdf40  32752    320
0x0a01000f DHCP                  0x004021d8 0x004041c7 0x00403d00   8176   2592
0x0b010001                       0x00343990 0x0035397f 0x003533b8  65520   5704
0x00000000 Interrupt Stack       0x00334410 0x003353ff 0x00000000   4080    288

[ RTEMS shutdown ]
RTEMS version: 6.0.0.2faafecb7f9df8400fd78a1e6d9b3cf3df0eeccc
RTEMS tools: 13.3.0 20240521 (RTEMS 6, RSB 5dbc1e0855820578661fa4bf8384abc8dda21357, Newlib 1b3dcfd)
executing thread ID: 0x0b010001
executing thread name: 
