qemu-system-arm: warning: nic cadence_gem.1 has no peer
WARNING: OS Clock time was read before being set.
Using 1990-01-02 00:00:00.000000 UTC

 initConsole --- Info ---
stdin: fileno: 0, ttyname: /dev/ttyS1
stdout: fileno: 1, ttyname: /dev/ttyS1
stderr: fileno: 2, ttyname: /dev/ttyS1
time set to : 04/14/14 07:30:06.000024359 UTC
Startup.
epicsThreadSetPriority called by non epics thread

***** RTEMS Version: rtems-6.0.0 (ARM/ARMv4/xilinx_zynq_a9_qemu) *****

***** Initializing network (libbsd, dhcpcd) *****
nexus0: <RTEMS Nexus device>
cgem0: <Cadence CGEM Gigabit Ethernet Interface> on nexus0
miibus0: <MII bus> on cgem0
e1000phy0: <Marvell 88E1111 Gigabit PHY> PHY 7 on miibus0
e1000phy0:  none, 10baseT, 10baseT-FDX, 100baseTX, 100baseTX-FDX, 1000baseT-FDX, 1000baseT-FDX-master, auto
info: cgem0: Ethernet address: 52:54:00:12:34:56
arasan_sdhci1: <Arasan SDIO> on nexus0
arasan_sdhci1-slot0: Hardware doesn't specify base clock frequency, using 50MHz as default.
arasan_sdhci1-slot0: Hardware doesn't specify timeout clock frequency, setting BROKEN_TIMEOUT quirk.
arasan_sdhci0: <Arasan SDIO> on nexus0
arasan_sdhci0-slot0: Hardware doesn't specify base clock frequency, using 50MHz as default.
arasan_sdhci0-slot0: Hardware doesn't specify timeout clock frequency, setting BROKEN_TIMEOUT quirk.
zy7_slcr0: <Zynq-7000 slcr block> on nexus0

***** ifconfig lo0 *****
info: lo0: link state changed to UP

***** add dhcpcd hook *****

***** Start default network dhcpcd *****

--Info (hpj)-- bsd task prio IRQS: 96  -----

--Info (hpj)-- bsd task prio TIME: 98  -----

 ---- Waiting for DHCP ...
info: version 6.2.1 starting
cgem0: cgem_mediachange: could not set ref clk0 to 25000000.
info: cgem0: link state changed to UP
debug: cgem0: executing `ioc boot' PREINIT

dhcpcd ---> 'interface=cgem0'
  'interface' = 'cgem0'
dhcpcd ---> 'reason=PREINIT'
  'reason' = 'PREINIT'
dhcpcd ---> 'pid=1'
dhcpcd ---> 'ifmetric=201'
dhcpcd ---> 'ifwireless=0'
dhcpcd ---> 'ifflags=4294936643'
dhcpcd ---> 'ifmtu=1500'
dhcpcd ---> 'interface_order=cgem0'
dhcpcd ---> 'if_up=false'
dhcpcd ---> 'if_down=true'
debug: cgem0: executing `ioc boot' CARRIER

dhcpcd ---> 'interface=cgem0'
  'interface' = 'cgem0'
dhcpcd ---> 'reason=CARRIER'
  'reason' = 'CARRIER'
dhcpcd ---> 'pid=1'
dhcpcd ---> 'ifmetric=201'
dhcpcd ---> 'ifwireless=0'
dhcpcd ---> 'ifflags=4294936643'
dhcpcd ---> 'ifmtu=1500'
dhcpcd ---> 'interface_order=cgem0'
dhcpcd ---> 'if_up=false'
dhcpcd ---> 'if_down=true'
info: DUID 00:01:00:01:1a:de:4a:fe:52:54:00:12:34:56
info: cgem0: IAID 00:12:34:56
info: cgem0: soliciting an IPv6 router
debug: cgem0: delaying Router Solicitation for LL address
debug: cgem0: using hwaddr 52:54:00:12:34:56
info: cgem0: soliciting a DHCP lease
debug: cgem0: sending DISCOVER (xid 0x787de6c5), next in %0.1f seconds
info: cgem0: offered 10.0.2.15 from 10.0.2.2
debug: cgem0: sending REQUEST (xid 0x787de6c5), next in %0.1f seconds
debug: cgem0: acknowledged 10.0.2.15 from 10.0.2.2
debug: cgem0: checking for 10.0.2.15
debug: cgem0: sending ARP probe (1 of 3), next in %0.1f seconds
info: cgem0: carrier lost
debug: cgem0: executing `ioc boot' NOCARRIER

dhcpcd ---> 'interface=cgem0'
  'interface' = 'cgem0'
dhcpcd ---> 'reason=NOCARRIER'
  'reason' = 'NOCARRIER'
dhcpcd ---> 'pid=1'
dhcpcd ---> 'ifmetric=201'
dhcpcd ---> 'ifwireless=0'
dhcpcd ---> 'ifflags=34818'
dhcpcd ---> 'ifmtu=1500'
dhcpcd ---> 'interface_order=cgem0'
dhcpcd ---> 'if_up=false'
dhcpcd ---> 'if_down=true'
info: cgem0: carrier acquired
debug: cgem0: executing `ioc boot' CARRIER

dhcpcd ---> 'interface=cgem0'
  'interface' = 'cgem0'
dhcpcd ---> 'reason=CARRIER'
  'reason' = 'CARRIER'
dhcpcd ---> 'pid=1'
dhcpcd ---> 'ifmetric=201'
dhcpcd ---> 'ifwireless=0'
dhcpcd ---> 'ifflags=4294936643'
dhcpcd ---> 'ifmtu=1500'
dhcpcd ---> 'interface_order=cgem0'
dhcpcd ---> 'if_up=false'
dhcpcd ---> 'if_down=true'
info: cgem0: IAID 00:12:34:56
info: cgem0: soliciting an IPv6 router
debug: cgem0: delaying Router Solicitation for LL address
debug: cgem0: using hwaddr 52:54:00:12:34:56
info: cgem0: soliciting a DHCP lease
debug: cgem0: sending DISCOVER (xid 0x9837822b), next in %0.1f seconds
info: cgem0: offered 10.0.2.15 from 10.0.2.2
debug: cgem0: sending REQUEST (xid 0x9837822b), next in %0.1f seconds
debug: cgem0: acknowledged 10.0.2.15 from 10.0.2.2
debug: cgem0: checking for 10.0.2.15
debug: cgem0: sending ARP probe (1 of 3), next in %0.1f seconds
debug: cgem0: sending ARP probe (2 of 3), next in %0.1f seconds
debug: cgem0: sending ARP probe (3 of 3), next in %0.1f seconds
info: cgem0: leased 10.0.2.15 for 86400 seconds
debug: cgem0: renew in 43200 seconds, rebind in 75600 seconds
debug: cgem0: adding IP address 10.0.2.15/24
info: cgem0: adding host route to 10.0.2.15 via 127.0.0.1
err: cgem0: ipv4_addroute: File exists
info: cgem0: adding route to 10.0.2.0/24
err: cgem0: ipv4_addroute: File exists
info: cgem0: adding default route via 10.0.2.2
debug: cgem0: writing lease `/var/db/dhcpcd-cgem0.lease'
debug: cgem0: executing `ioc boot' BOUND

dhcpcd ---> 'interface=cgem0'
  'interface' = 'cgem0'
dhcpcd ---> 'reason=BOUND'
  'reason' = 'BOUND'
  is BOUND
dhcpcd ---> 'pid=1'
dhcpcd ---> 'ifmetric=201'
dhcpcd ---> 'ifwireless=0'
dhcpcd ---> 'ifflags=4294936643'
dhcpcd ---> 'ifmtu=1500'
dhcpcd ---> 'interface_order=cgem0'
dhcpcd ---> 'if_up=true'
dhcpcd ---> 'if_down=false'
dhcpcd ---> 'new_ip_address=10.0.2.15'
dhcpcd ---> 'new_subnet_cidr=24'
dhcpcd ---> 'new_broadcast_address=10.0.2.255'
dhcpcd ---> 'new_network_number=10.0.2.0'
dhcpcd ---> 'new_subnet_mask=255.255.255.0'
dhcpcd ---> 'new_routers=10.0.2.2'
dhcpcd ---> 'new_domain_name_servers=10.0.2.3'
dhcpcd ---> 'new_dhcp_lease_time=86400'
dhcpcd ---> 'new_dhcp_message_type=5'
dhcpcd ---> 'new_dhcp_server_identifier=10.0.2.2'
dhcpd BOUND
debug: cgem0: sending ARP announce (1 of 2), next in 2.0 seconds
-------------- IFCONFIG -----------------
cgem0: flags=8843<UP,BROADCAST,RUNNING,SIMPLEX,MULTICAST> metric 0 mtu 1500
        options=80008<VLAN_MTU,LINKSTATE>
        ether 52:54:00:12:34:56
        inet6 fe80::5054:ff:fe12:3456%cgem0 prefixlen 64 scopeid 0x1
        inet 10.0.2.15 netmask 0xffffff00 broadcast 10.0.2.255
        nd6 options=21<PERFORMNUD,AUTO_LINKLOCAL>
        media: Ethernet autoselect (100baseTX <full-duplex>)
        status: active
lo0: flags=8049<UP,LOOPBACK,RUNNING,MULTICAST> metric 0 mtu 16384
        options=680003<RXCSUM,TXCSUM,LINKSTATE,RXCSUM_IPV6,TXCSUM_IPV6>
        inet 127.0.0.1 netmask 0xffffff00
        inet6 ::1 prefixlen 128
        inet6 fe80::1%lo0 prefixlen 64 scopeid 0x2
        nd6 options=21<PERFORMNUD,AUTO_LINKLOCAL>
        groups: lo
-------------- NETSTAT ------------------
Routing tables

Internet:
Destination        Gateway            Flags     Netif Expire
default            10.0.2.2           UGS       cgem0
10.0.2.0/24        link#1             U         cgem0
10.0.2.15          link#1             UHS         lo0
127.0.0.1          link#2             UH          lo0

Internet6:
Destination                       Gateway                       Flags     Netif Expire
::1                               link#2                        UH          lo0
fe80::%cgem0/64                   link#1                        U         cgem0
fe80::5054:ff:fe12:3456%cgem0     link#1                        UHS         lo0
fe80::%lo0/64                     link#2                        U           lo0
fe80::1%lo0                       link#2                        UHS         lo0

***** Until now no NTP support in RTEMS 5 with rtems-libbsd *****

***** Ask ntp server once... *****
***** No NTP server ...

***** Setting up file system *****
***** cioc: loading compiled-in memory filesystem *****
-> /st.cmd - ok
-> /dbd/cioc.dbd - ok
-> /db/cioctest.db - ok
***** Initializing NFS *****
 check for time registered , C++ initialization ...
***** Preparing EPICS application *****
chdir("/")
***** Starting EPICS application *****
[1mepicsEnvSet("EPICS_CA_SERVER_PORT","5164")[0m
[1mdbLoadDatabase("dbd/cioc.dbd")[0m
[1mcioc_registerRecordDeviceDriver(pdbbase)[0m
[1mdbLoadRecords("db/cioctest.db")[0m
[1miocInit[0m
Starting iocInit
############################################################################
## EPICS R7.0.10
## Rev. R7.0.10-dirty
## Rev. Date Git: 2025-12-15 17:11:22 -0600
############################################################################
iocRun: All initialization complete
[1mdbl[0m
CIOC:AI1
CIOC:AO
CIOC:BI1
CIOC:HB100
CIOC:HB1000
CIOC:LI1
CIOC:SI1
CIOC:WF
RTEMShost> cgem0: sending ARP announce (2 of 2)timed outallowing 8 seconds for IPv4LL timeouttimed outepicsThreadShowAll 1
            NAME       EPICS ID   PTHREAD ID   OSIPRI  OSSPRI  STATE
          _main_       0x65e670            0      0       0       OK
          errlog       0x6637e0    184614915     10      26       OK
          taskwd       0x7f9160    184614916     10      26       OK
      timerQueue       0x7f9638    184614917     70     178       OK
           cbLow       0x7f97e0    184614918     59     150       OK
        cbMedium       0x7f99a0    184614919     64     162       OK
          cbHigh       0x7f9b60    184614920     71     180       OK
        dbCaLink       0x7f9d98    184614921     50     127       OK
        scanOnce       0xdfced8    184614922     67     170       OK
         scan-10       0xefd790    184614923     60     152       OK
          scan-5       0xffdf40    184614924     61     155       OK
          scan-2      0x10fe6f0    184614925     62     157       OK
          scan-1      0x11feea0    184614926     63     160       OK
        scan-0.5      0x12ff650    184614927     64     162       OK
        scan-0.2      0x13ffe00    184614928     65     165       OK
        scan-0.1      0x15005b0    184614929     66     167       OK
         CAS-TCP      0x16052c0    184614930     18      46       OK
         CAS-UDP      0x16053e8    184614931     16      41       OK
      CAS-beacon      0x1605cc8    184614932     17      44       OK
OSD priority range min: 1 max 254, memory not locked
RTEMShost> casr 1
Channel Access Server V4.13
4 clients connected:
    TCP client at 10.0.2.2:33838 'probe':
        User 'probe', V4.13, Priority = 0, 1 Channel
    TCP client at 10.0.2.2:33846 'probe':
        User 'probe', V4.13, Priority = 0, 1 Channel
    TCP client at 10.0.2.2:33854 'probe':
        User 'probe', V4.13, Priority = 0, 1 Channel
    TCP client at 10.0.2.2:33864 'probe':
        User 'probe', V4.13, Priority = 0, 1 Channel
CAS-TCP server on 0.0.0.0:5164 with
    CAS-UDP name server on 0.0.0.0:5164
Sending CAS-beacons to 1 address:
    10.0.2.255:5065
RTEMShost> epicsThreadShowAll 1
            NAME       EPICS ID   PTHREAD ID   OSIPRI  OSSPRI  STATE
          _main_       0x65e670            0      0       0       OK
          errlog       0x6637e0    184614915     10      26       OK
          taskwd       0x7f9160    184614916     10      26       OK
      timerQueue       0x7f9638    184614917     70     178       OK
           cbLow       0x7f97e0    184614918     59     150       OK
        cbMedium       0x7f99a0    184614919     64     162       OK
          cbHigh       0x7f9b60    184614920     71     180       OK
        dbCaLink       0x7f9d98    184614921     50     127       OK
        scanOnce       0xdfced8    184614922     67     170       OK
         scan-10       0xefd790    184614923     60     152       OK
          scan-5       0xffdf40    184614924     61     155       OK
          scan-2      0x10fe6f0    184614925     62     157       OK
          scan-1      0x11feea0    184614926     63     160       OK
        scan-0.5      0x12ff650    184614927     64     162       OK
        scan-0.2      0x13ffe00    184614928     65     165       OK
        scan-0.1      0x15005b0    184614929     66     167       OK
         CAS-TCP      0x16052c0    184614930     18      46       OK
         CAS-UDP      0x16053e8    184614931     16      41       OK
      CAS-beacon      0x1605cc8    184614932     17      44       OK
       CAS-event       0x765f10    184614933     19      49       OK
      CAS-client       0x766040    184614934     20      51       OK
       CAS-event       0x766490    184614935     19      49       OK
      CAS-client       0x763348    184614936     20      51       OK
       CAS-event       0x7636a8    184614937     19      49       OK
      CAS-client       0x7637d8    184614938     20      51       OK
       CAS-event       0x763c08    184614939     19      49       OK
      CAS-client       0x7641c0    184614940     20      51       OK
OSD priority range min: 1 max 254, memory not locked
RTEMShost> rt stackuse
                             STACK USAGE BY THREAD
ID         NAME                  LOW        HIGH       CURRENT     AVAIL   USED
0x09010001 IDLE                  0x006499d8 0x0064a9c7 0x0064a8a0   4080    320
0x0a010001 TIME                  0x006a8388 0x006b0377 0x006b02d8  32752   1312
0x0a010002 IRQS                  0x006b0a10 0x006b89ff 0x006b8960  32752   1788
0x0a010003 config_0              0x006cb0a8 0x006d3097 0x006d2fc0  32752    256
0x0a010004 swi6: task queu       0x006d3730 0x006db71f 0x006db648  32752   1320
0x0a010005 swi5: fast task       0x006dbdb8 0x006e3da7 0x006e3cd0  32752    256
0x0a010006 thread taskq          0x006e4440 0x006ec42f 0x006ec358  32752    256
0x0a010007 swi6: Giant tas       0x006ecac8 0x006f4ab7 0x006f49e0  32752    256
0x0a010008 kqueue_ctx task       0x006f5150 0x006fd13f 0x006fd068  32752    256
0x0a010009 swi1: netisr 0        0x006fd918 0x00705907 0x00705830  32752    484
0x0a01000a bufdaemon             0x007271e8 0x0072f1d7 0x0072f0c8  32752    724
0x0a01000b vnlru                 0x0072f870 0x0073785f 0x00737708  32752    384
0x0a01000c syncer                0x00737f58 0x0073ff47 0x0073fe00  32752    480
0x0a01000d softirq_0             0x007406d8 0x007486c7 0x007485f0  32752    256
0x0a01000e bufspacedaemon-       0x00748dc0 0x00750daf 0x00750cc0  32752    280
0x0a01000f DHCP                  0x00754e50 0x00756e3f 0x00756978   8176   3136
0x0b010001 _main_                0x0064b338 0x0065b327 0x0065a878  65520   6732
0x0b010003 errlog                0x006638f8 0x006a38e7 0x006a37f8 262128    672
0x0b010004 taskwd                0x0086ebb0 0x008aeb9f 0x008aeaa0 262128    360
0x0b010005 timerQueue            0x008af238 0x0092f227 0x0092f140 524272    296
0x0b010006 cbLow                 0x0092f8c0 0x00a2f8af 0x00a2f7f0 1048560    348
0x0b010007 cbMedium              0x00a2ff48 0x00b2ff37 0x00b2fe78 1048560    348
0x0b010008 cbHigh                0x00b32520 0x00c3250f 0x00c32450 1048560    348
0x0b010009 dbCaLink              0x00c32ba8 0x00d32b97 0x00d32aa0 1048560    956
0x0b01000a scanOnce              0x00dfcff0 0x00efcfdf 0x00efcf10 1048560    364
0x0b01000b scan-10               0x00efd8a8 0x00ffd897 0x00ffd778 1048560    444
0x0b01000c scan-5                0x00ffe058 0x010fe047 0x010fdf28 1048560    444
0x0b01000d scan-2                0x010fe808 0x011fe7f7 0x011fe6d8 1048560    444
0x0b01000e scan-1                0x011fefb8 0x012fefa7 0x012fee88 1048560   1076
0x0b01000f scan-0.5              0x012ff768 0x013ff757 0x013ff638 1048560    444
0x0b010010 scan-0.2              0x013fff18 0x014fff07 0x014ffde8 1048560    444
0x0b010011 scan-0.1              0x015006c8 0x016006b7 0x01600598 1048560   1076
0x0b010012 CAS-TCP               0x01605e40 0x01685e2f 0x01685b78 524272   1040
0x0b010013 CAS-UDP               0x016864c8 0x017064b7 0x017061e8 524272    760
0x0b010014 CAS-beacon            0x01716f70 0x01756f5f 0x01756d90 262128   1712
0x0b010015 CAS-event             0x0179a208 0x0181a1f7 0x0181a118 524272    380
0x0b010016 CAS-client            0x0181a890 0x0191a87f 0x0191a5d0 1048560   2024
0x0b010017 CAS-event             0x01925f28 0x019a5f17 0x019a5e38 524272    380
0x0b010018 CAS-client            0x019a65b0 0x01aa659f 0x01aa62f0 1048560   2024
0x0b010019 CAS-event             0x01aa6c38 0x01b26c27 0x01b26b48 524272    380
0x0b01001a CAS-client            0x01b272c0 0x01c272af 0x01c27000 1048560   2024
0x0b01001b CAS-event             0x01c27948 0x01ca7937 0x01ca7858 524272    380
0x0b01001c CAS-client            0x01ca7fd0 0x01da7fbf 0x01da7d10 1048560   2024
0x00000000 Interrupt Stack       0x00637f90 0x00638f7f 0x00000000   4080    288
RTEMShost> rt top
[H[J ENTER:Exit  SPACE:Refresh  S:Scroll  A:All  <>:Order  +/-:Lines

Uptime: 4m19.419555          Period: 0.499178            
Tasks:   44  Load Average:    2.536%  Load:    2.259%  Idle:   97.693%
Mem:  213M free  35M used  20M stack

 ID         | NAME                | RPRI | CPRI   | TIME                | TOTAL   | CURRENT
------------+---------------------+---------------+---------------------+---------+--^^----
 0x09010001 | IDLE                |  255 |  255   | 4m12.831602         |  97.463 |  97.693
 0x0a010001 | TIME                |   98 |   98   | 3.546012            |   1.366 |   1.673
 0x0b010011 | (0x16f051)          |   88 |   88   | 0.442550            |   0.170 |   0.221
 0x0b010010 | (0x16f051)          |   90 |   90   | 0.053299            |   0.020 |   0.023
 0x0a010002 | IRQS                |   96 |   96   | 0.044730            |   0.017 |   0.000
 0x0a01000a | _BSD                |  100 |  100   | 0.117527            |   0.045 |   0.048
 0x0a01000c | _BSD                |  100 |  100   | 0.020941            |   0.008 |   0.016
 0x0a01000b | _BSD                |  100 |  100   | 0.019150            |   0.007 |   0.014
 0x0b01000e | (0x16f051)          |   95 |   95   | 0.018538            |   0.007 |   0.014
 0x0b01000f | (0x16f051)          |   93 |   93   | 0.020180            |   0.007 |   0.008
 0x0a01000e | _BSD                |  100 |  100   | 0.009232            |   0.003 |   0.006
 0x0a010003 | _BSD                |  100 |  100   | 0.001054            |   0.000 |   0.000
 0x0a010004 | _BSD                |  100 |  100   | 0.004518            |   0.001 |   0.000
 0x0a010005 | _BSD                |  100 |  100   | 0.000019            |   0.000 |   0.000
 0x0a010006 | _BSD                |  100 |  100   | 0.000262            |   0.000 |   0.000
 0x0a010007 | _BSD                |  100 |  100   | 0.000020            |   0.000 |   0.000
 0x0a010008 | _BSD                |  100 |  100   | 0.000025            |   0.000 |   0.000
 0x0a010009 | _BSD                |  100 |  100   | 0.006454            |   0.002 |   0.000
 0x0a01000d | _BSD                |  100 |  100   | 0.000031            |   0.000 |   0.000
 0x0a01000f | DHCP                |  254 |  254   | 0.280300            |   0.108 |   0.000
 0x0a010010 | CPlt                |  254 |  254   | 0.002409            |   0.000 |   0.232
 0x0b010001 | (0x176119)          |  254 |  254   | 1.866469            |   0.719 |   0.000
 0x0b010003 | (0x16f051)          |  229 |  229   | 0.014008            |   0.005 |   0.000
 0x0b010004 | (0x16f051)          |  229 |  229   | 0.003664            |   0.001 |   0.000
 0x0b010005 | (0x16f051)          |   77 |   77   | 0.000574            |   0.000 |   0.000
[H[J ENTER:Exit  SPACE:Refresh  S:Scroll  A:All  <>:Order  +/-:Lines

Uptime: 4m22.519548          Period: 3.099993            
Tasks:   44  Load Average:    2.567%  Load:    5.148%  Idle:   94.835%
Mem:  213M free  35M used  20M stack

 ID         | NAME                | RPRI | CPRI   | TIME                | TOTAL   | CURRENT
------------+---------------------+---------------+---------------------+---------+--^^----
 0x09010001 | IDLE                |  255 |  255   | 4m15.771502         |  97.432 |  94.835
 0x0a010001 | TIME                |   98 |   98   | 3.596056            |   1.369 |   1.614
 0x0b010011 | (0x16f051)          |   88 |   88   | 0.449020            |   0.171 |   0.208
 0x0b010010 | (0x16f051)          |   90 |   90   | 0.053887            |   0.020 |   0.018
 0x0a010002 | IRQS                |   96 |   96   | 0.044730            |   0.017 |   0.000
 0x0a01000a | _BSD                |  100 |  100   | 0.119201            |   0.045 |   0.054
 0x0a01000b | _BSD                |  100 |  100   | 0.019397            |   0.007 |   0.007
 0x0a01000c | _BSD                |  100 |  100   | 0.021179            |   0.008 |   0.007
 0x0b01000e | (0x16f051)          |   95 |   95   | 0.018768            |   0.007 |   0.007
 0x0b01000f | (0x16f051)          |   93 |   93   | 0.020398            |   0.007 |   0.007
 0x0a01000e | _BSD                |  100 |  100   | 0.009335            |   0.003 |   0.003
 0x0b01000d | (0x16f051)          |   98 |   98   | 0.005328            |   0.002 |   0.002
 0x0a010003 | _BSD                |  100 |  100   | 0.001054            |   0.000 |   0.000
 0x0a010004 | _BSD                |  100 |  100   | 0.004518            |   0.001 |   0.000
 0x0a010005 | _BSD                |  100 |  100   | 0.000019            |   0.000 |   0.000
 0x0a010006 | _BSD                |  100 |  100   | 0.000262            |   0.000 |   0.000
 0x0a010007 | _BSD                |  100 |  100   | 0.000020            |   0.000 |   0.000
 0x0a010008 | _BSD                |  100 |  100   | 0.000025            |   0.000 |   0.000
 0x0a010009 | _BSD                |  100 |  100   | 0.006454            |   0.002 |   0.000
 0x0a01000d | _BSD                |  100 |  100   | 0.000031            |   0.000 |   0.000
 0x0a01000f | DHCP                |  254 |  254   | 0.280300            |   0.106 |   0.000
 0x0a010010 | CPlt                |  254 |  254   | 0.102047            |   0.038 |   3.214
 0x0b010001 | (0x176119)          |  254 |  254   | 1.866469            |   0.711 |   0.000
 0x0b010003 | (0x16f051)          |  229 |  229   | 0.014008            |   0.005 |   0.000
 0x0b010004 | (0x16f051)          |  229 |  229   | 0.003748            |   0.001 |   0.002
[H[J ENTER:Exit  SPACE:Refresh  S:Scroll  A:All  <>:Order  +/-:Lines

Uptime: 4m25.609348          Period: 3.089799            
Tasks:   44  Load Average:    2.590%  Load:    4.530%  Idle:   95.469%
Mem:  213M free  35M used  20M stack

 ID         | NAME                | RPRI | CPRI   | TIME                | TOTAL   | CURRENT
------------+---------------------+---------------+---------------------+---------+--^^----
 0x09010001 | IDLE                |  255 |  255   | 4m18.721329         |  97.409 |  95.469
 0x0a010001 | TIME                |   98 |   98   | 3.637031            |   1.369 |   1.326
 0x0b010011 | (0x16f051)          |   88 |   88   | 0.454646            |   0.171 |   0.182
 0x0b010010 | (0x16f051)          |   90 |   90   | 0.054495            |   0.020 |   0.019
 0x0a010002 | IRQS                |   96 |   96   | 0.044730            |   0.016 |   0.000
 0x0a01000a | _BSD                |  100 |  100   | 0.120798            |   0.045 |   0.051
 0x0a01000c | _BSD                |  100 |  100   | 0.021414            |   0.008 |   0.007
 0x0b01000f | (0x16f051)          |   93 |   93   | 0.020608            |   0.007 |   0.006
 0x0a01000b | _BSD                |  100 |  100   | 0.019604            |   0.007 |   0.006
 0x0b01000e | (0x16f051)          |   95 |   95   | 0.018974            |   0.007 |   0.006
 0x0a01000e | _BSD                |  100 |  100   | 0.009448            |   0.003 |   0.003
 0x0b01000c | (0x16f051)          |  100 |  100   | 0.003667            |   0.001 |   0.002
 0x0b01000d | (0x16f051)          |   98 |   98   | 0.005361            |   0.002 |   0.001
 0x0a010003 | _BSD                |  100 |  100   | 0.001054            |   0.000 |   0.000
 0x0a010004 | _BSD                |  100 |  100   | 0.004518            |   0.001 |   0.000
 0x0a010005 | _BSD                |  100 |  100   | 0.000019            |   0.000 |   0.000
 0x0a010006 | _BSD                |  100 |  100   | 0.000262            |   0.000 |   0.000
 0x0a010007 | _BSD                |  100 |  100   | 0.000020            |   0.000 |   0.000
 0x0a010008 | _BSD                |  100 |  100   | 0.000025            |   0.000 |   0.000
 0x0a010009 | _BSD                |  100 |  100   | 0.006454            |   0.002 |   0.000
 0x0a01000d | _BSD                |  100 |  100   | 0.000031            |   0.000 |   0.000
 0x0a01000f | DHCP                |  254 |  254   | 0.280300            |   0.105 |   0.000
 0x0a010010 | CPlt                |  254 |  254   | 0.192157            |   0.072 |   2.916
 0x0b010001 | (0x176119)          |  254 |  254   | 1.866469            |   0.702 |   0.000
 0x0b010003 | (0x16f051)          |  229 |  229   | 0.014008            |   0.005 |   0.000

load monitoring stopped.
RTEMShost> epicsThreadShowAll 1
            NAME       EPICS ID   PTHREAD ID   OSIPRI  OSSPRI  STATE
          _main_       0x65e670            0      0       0       OK
          errlog       0x6637e0    184614915     10      26       OK
          taskwd       0x7f9160    184614916     10      26       OK
      timerQueue       0x7f9638    184614917     70     178       OK
           cbLow       0x7f97e0    184614918     59     150       OK
        cbMedium       0x7f99a0    184614919     64     162       OK
          cbHigh       0x7f9b60    184614920     71     180       OK
        dbCaLink       0x7f9d98    184614921     50     127       OK
        scanOnce       0xdfced8    184614922     67     170       OK
         scan-10       0xefd790    184614923     60     152       OK
          scan-5       0xffdf40    184614924     61     155       OK
          scan-2      0x10fe6f0    184614925     62     157       OK
          scan-1      0x11feea0    184614926     63     160       OK
        scan-0.5      0x12ff650    184614927     64     162       OK
        scan-0.2      0x13ffe00    184614928     65     165       OK
        scan-0.1      0x15005b0    184614929     66     167       OK
         CAS-TCP      0x16052c0    184614930     18      46       OK
         CAS-UDP      0x16053e8    184614931     16      41       OK
      CAS-beacon      0x1605cc8    184614932     17      44       OK
       CAS-event       0x765f10    184614933     19      49       OK
      CAS-client       0x766040    184614934     20      51       OK
       CAS-event       0x766490    184614935     19      49       OK
      CAS-client       0x763348    184614936     20      51       OK
       CAS-event       0x7636a8    184614937     19      49       OK
      CAS-client       0x7637d8    184614938     20      51       OK
       CAS-event       0x763c08    184614939     19      49       OK
      CAS-client       0x7641c0    184614940     20      51       OK
OSD priority range min: 1 max 254, memory not locked
RTEMShost> rt top
[H[J ENTER:Exit  SPACE:Refresh  S:Scroll  A:All  <>:Order  +/-:Lines

Uptime: 5m47.929342          Period: 0.492456            
Tasks:   44  Load Average:    2.353%  Load:    1.798%  Idle:   98.205%
Mem:  213M free  35M used  20M stack

 ID         | NAME                | RPRI | CPRI   | TIME                | TOTAL   | CURRENT
------------+---------------------+---------------+---------------------+---------+--^^----
 0x09010001 | IDLE                |  255 |  255   | 5m39.428588         |  97.644 |  98.205
 0x0a010001 | TIME                |   98 |   98   | 4.783353            |   1.376 |   1.468
 0x0b010011 | (0x16f051)          |   88 |   88   | 0.596475            |   0.171 |   0.152
 0x0b010010 | (0x16f051)          |   90 |   90   | 0.071729            |   0.020 |   0.014
 0x0a010002 | IRQS                |   96 |   96   | 0.057153            |   0.016 |   0.000
 0x0a01000a | _BSD                |  100 |  100   | 0.171889            |   0.049 |   0.073
 0x0b01000f | (0x16f051)          |   93 |   93   | 0.027633            |   0.007 |   0.009
 0x0a010003 | _BSD                |  100 |  100   | 0.001054            |   0.000 |   0.000
 0x0a010004 | _BSD                |  100 |  100   | 0.004518            |   0.001 |   0.000
 0x0a010005 | _BSD                |  100 |  100   | 0.000019            |   0.000 |   0.000
 0x0a010006 | _BSD                |  100 |  100   | 0.000262            |   0.000 |   0.000
 0x0a010007 | _BSD                |  100 |  100   | 0.000020            |   0.000 |   0.000
 0x0a010008 | _BSD                |  100 |  100   | 0.000025            |   0.000 |   0.000
 0x0a010009 | _BSD                |  100 |  100   | 0.006924            |   0.001 |   0.000
 0x0a01000b | _BSD                |  100 |  100   | 0.026433            |   0.007 |   0.000
 0x0a01000c | _BSD                |  100 |  100   | 0.027506            |   0.007 |   0.000
 0x0a01000d | _BSD                |  100 |  100   | 0.000031            |   0.000 |   0.000
 0x0a01000e | _BSD                |  100 |  100   | 0.012490            |   0.003 |   0.000
 0x0a01000f | DHCP                |  254 |  254   | 0.280300            |   0.080 |   0.000
 0x0a010011 | CPlt                |  254 |  254   | 0.000542            |   0.000 |   0.080
 0x0b010001 | (0x176119)          |  254 |  254   | 1.935322            |   0.556 |   0.000
 0x0b010002 | (0x16f051)          |  206 |  206   | 0.000093            |   0.000 |   0.000
 0x0b010003 | (0x16f051)          |  229 |  229   | 0.014008            |   0.004 |   0.000
 0x0b010004 | (0x16f051)          |  229 |  229   | 0.004903            |   0.001 |   0.000
 0x0b010005 | (0x16f051)          |   77 |   77   | 0.000574            |   0.000 |   0.000
[H[J ENTER:Exit  SPACE:Refresh  S:Scroll  A:All  <>:Order  +/-:Lines

Uptime: 5m51.019272          Period: 3.089930            
Tasks:   44  Load Average:    2.372%  Load:    4.520%  Idle:   95.479%
Mem:  213M free  35M used  20M stack

 ID         | NAME                | RPRI | CPRI   | TIME                | TOTAL   | CURRENT
------------+---------------------+---------------+---------------------+---------+--^^----
 0x09010001 | IDLE                |  255 |  255   | 5m42.378828         |  97.625 |  95.479
 0x0a010001 | TIME                |   98 |   98   | 4.824459            |   1.375 |   1.330
 0x0b010011 | (0x16f051)          |   88 |   88   | 0.601117            |   0.171 |   0.150
 0x0b010010 | (0x16f051)          |   90 |   90   | 0.072312            |   0.020 |   0.018
 0x0a010002 | IRQS                |   96 |   96   | 0.057153            |   0.016 |   0.000
 0x0a01000a | _BSD                |  100 |  100   | 0.173662            |   0.049 |   0.057
 0x0a01000c | _BSD                |  100 |  100   | 0.027750            |   0.007 |   0.007
 0x0a01000b | _BSD                |  100 |  100   | 0.026658            |   0.007 |   0.007
 0x0b01000e | (0x16f051)          |   95 |   95   | 0.025593            |   0.007 |   0.007
 0x0b01000f | (0x16f051)          |   93 |   93   | 0.027830            |   0.007 |   0.006
 0x0a01000e | _BSD                |  100 |  100   | 0.012604            |   0.003 |   0.003
 0x0b01000c | (0x16f051)          |  100 |  100   | 0.004817            |   0.001 |   0.003
 0x0b01000d | (0x16f051)          |   98 |   98   | 0.006950            |   0.001 |   0.002
 0x0a010003 | _BSD                |  100 |  100   | 0.001054            |   0.000 |   0.000
 0x0a010004 | _BSD                |  100 |  100   | 0.004518            |   0.001 |   0.000
 0x0a010005 | _BSD                |  100 |  100   | 0.000019            |   0.000 |   0.000
 0x0a010006 | _BSD                |  100 |  100   | 0.000262            |   0.000 |   0.000
 0x0a010007 | _BSD                |  100 |  100   | 0.000020            |   0.000 |   0.000
 0x0a010008 | _BSD                |  100 |  100   | 0.000025            |   0.000 |   0.000
 0x0a010009 | _BSD                |  100 |  100   | 0.006924            |   0.001 |   0.000
 0x0a01000d | _BSD                |  100 |  100   | 0.000031            |   0.000 |   0.000
 0x0a01000f | DHCP                |  254 |  254   | 0.280300            |   0.079 |   0.000
 0x0a010011 | CPlt                |  254 |  254   | 0.090788            |   0.025 |   2.920
 0x0b010001 | (0x176119)          |  254 |  254   | 1.935322            |   0.551 |   0.000
 0x0b01000b | (0x16f051)          |  103 |  103   | 0.001963            |   0.000 |   0.001
A[H[J ENTER:Exit  SPACE:Refresh  S:Scroll  A:All  <>:Order  +/-:Lines

Uptime: 5m54.099489          Period: 3.080217            
Tasks:   44  Load Average:    2.391%  Load:    4.567%  Idle:   95.432%
Mem:  213M free  35M used  20M stack

 ID         | NAME                | RPRI | CPRI   | TIME                | TOTAL   | CURRENT
------------+---------------------+---------------+---------------------+---------+--^^----
 0x09010001 | IDLE                |  255 |  255   | 5m45.318343         |  97.606 |  95.432
 0x0a010001 | TIME                |   98 |   98   | 4.868349            |   1.376 |   1.424
 0x0b010011 | (0x16f051)          |   88 |   88   | 0.606506            |   0.171 |   0.174
 0x0b010010 | (0x16f051)          |   90 |   90   | 0.072941            |   0.020 |   0.020
 0x0a010002 | IRQS                |   96 |   96   | 0.057153            |   0.016 |   0.000
 0x0a01000a | _BSD                |  100 |  100   | 0.175589            |   0.049 |   0.062
 0x0b01000f | (0x16f051)          |   93 |   93   | 0.028051            |   0.007 |   0.007
 0x0a01000c | _BSD                |  100 |  100   | 0.027962            |   0.007 |   0.006
 0x0a01000b | _BSD                |  100 |  100   | 0.026839            |   0.007 |   0.005
 0x0b01000e | (0x16f051)          |   95 |   95   | 0.025821            |   0.007 |   0.007
 0x0a01000e | _BSD                |  100 |  100   | 0.012694            |   0.003 |   0.002
 0x0b01000c | (0x16f051)          |  100 |  100   | 0.004911            |   0.001 |   0.003
 0x0b01000d | (0x16f051)          |   98 |   98   | 0.006979            |   0.001 |   0.000
 0x0a010003 | _BSD                |  100 |  100   | 0.001054            |   0.000 |   0.000
 0x0a010004 | _BSD                |  100 |  100   | 0.004518            |   0.001 |   0.000
 0x0a010005 | _BSD                |  100 |  100   | 0.000019            |   0.000 |   0.000
 0x0a010006 | _BSD                |  100 |  100   | 0.000262            |   0.000 |   0.000
 0x0a010007 | _BSD                |  100 |  100   | 0.000020            |   0.000 |   0.000
 0x0a010008 | _BSD                |  100 |  100   | 0.000025            |   0.000 |   0.000
 0x0a010009 | _BSD                |  100 |  100   | 0.006924            |   0.001 |   0.000
 0x0a01000d | _BSD                |  100 |  100   | 0.000031            |   0.000 |   0.000
 0x0b010001 | (0x176119)          |  254 |  254   | 1.935502            |   0.547 |   0.005
 0x0a01000f | DHCP                |  254 |  254   | 0.280300            |   0.079 |   0.000
 0x0a010011 | CPlt                |  254 |  254   | 0.178418            |   0.050 |   2.844
 0x0b010002 | (0x16f051)          |  206 |  206   | 0.000093            |   0.000 |   0.000
[H[J ENTER:Exit  SPACE:Refresh  S:Scroll  A:All  <>:Order  +/-:Lines

Uptime: 5m57.179492          Period: 3.080002            
Tasks:   44  Load Average:    2.410%  Load:    4.655%  Idle:   95.344%
Mem:  213M free  35M used  20M stack

 ID         | NAME                | RPRI | CPRI   | TIME                | TOTAL   | CURRENT
------------+---------------------+---------------+---------------------+---------+--^^----
 0x09010001 | IDLE                |  255 |  255   | 5m48.254964         |  97.587 |  95.344
 0x0a010001 | TIME                |   98 |   98   | 4.915023            |   1.377 |   1.515
 0x0b010011 | (0x16f051)          |   88 |   88   | 0.611466            |   0.171 |   0.161
 0x0b010010 | (0x16f051)          |   90 |   90   | 0.073547            |   0.020 |   0.019
 0x0a010002 | IRQS                |   96 |   96   | 0.057153            |   0.016 |   0.000
 0x0a01000a | _BSD                |  100 |  100   | 0.177578            |   0.049 |   0.064
 0x0a01000c | _BSD                |  100 |  100   | 0.028232            |   0.007 |   0.008
 0x0a01000b | _BSD                |  100 |  100   | 0.027096            |   0.007 |   0.008
 0x0b01000e | (0x16f051)          |   95 |   95   | 0.026060            |   0.007 |   0.007
 0x0b01000f | (0x16f051)          |   93 |   93   | 0.028254            |   0.007 |   0.006
 0x0a01000e | _BSD                |  100 |  100   | 0.012823            |   0.003 |   0.004
 0x0b01000d | (0x16f051)          |   98 |   98   | 0.007061            |   0.001 |   0.002
 0x0a010003 | _BSD                |  100 |  100   | 0.001054            |   0.000 |   0.000
 0x0a010004 | _BSD                |  100 |  100   | 0.004518            |   0.001 |   0.000
 0x0a010005 | _BSD                |  100 |  100   | 0.000019            |   0.000 |   0.000
 0x0a010006 | _BSD                |  100 |  100   | 0.000262            |   0.000 |   0.000
 0x0a010007 | _BSD                |  100 |  100   | 0.000020            |   0.000 |   0.000
 0x0a010008 | _BSD                |  100 |  100   | 0.000025            |   0.000 |   0.000
 0x0a010009 | _BSD                |  100 |  100   | 0.006924            |   0.001 |   0.000
 0x0a01000d | _BSD                |  100 |  100   | 0.000031            |   0.000 |   0.000
 0x0a01000f | DHCP                |  254 |  254   | 0.280300            |   0.078 |   0.000
 0x0a010011 | CPlt                |  254 |  254   | 0.266314            |   0.074 |   2.853
 0x0b010001 | (0x176119)          |  254 |  254   | 1.935502            |   0.542 |   0.000
 0x0b010002 | (0x16f051)          |  206 |  206   | 0.000093            |   0.000 |   0.000
 0x0b010003 | (0x16f051)          |  229 |  229   | 0.014008            |   0.003 |   0.000
+++++++++++++++++++++++++[H[J ENTER:Exit  SPACE:Refresh  S:Scroll  A:All  <>:Order  +/-:Lines

Uptime: 6m0.269472           Period: 3.089979            
Tasks:   44  Load Average:    2.432%  Load:    4.908%  Idle:   95.091%
Mem:  213M free  35M used  20M stack

 ID         | NAME                | RPRI | CPRI   | TIME                | TOTAL   | CURRENT
------------+---------------------+---------------+---------------------+---------+--^^----
 0x09010001 | IDLE                |  255 |  255   | 5m51.193258         |  97.565 |  95.091
 0x0a010001 | TIME                |   98 |   98   | 4.959400            |   1.377 |   1.436
 0x0b010011 | (0x16f051)          |   88 |   88   | 0.616060            |   0.171 |   0.148
 0x0b010010 | (0x16f051)          |   90 |   90   | 0.074156            |   0.020 |   0.019
 0x0a010002 | IRQS                |   96 |   96   | 0.057238            |   0.015 |   0.002
 0x0a01000a | _BSD                |  100 |  100   | 0.179627            |   0.049 |   0.066
 0x0a01000b | _BSD                |  100 |  100   | 0.027417            |   0.007 |   0.010
 0x0b01000f | (0x16f051)          |   93 |   93   | 0.028481            |   0.007 |   0.007
 0x0a01000c | _BSD                |  100 |  100   | 0.028412            |   0.007 |   0.005
 0x0b01000e | (0x16f051)          |   95 |   95   | 0.026270            |   0.007 |   0.006
 0x0a01000e | _BSD                |  100 |  100   | 0.012934            |   0.003 |   0.003
 0x0a010009 | _BSD                |  100 |  100   | 0.007032            |   0.001 |   0.003
 0x0b01000c | (0x16f051)          |  100 |  100   | 0.004969            |   0.001 |   0.001
 0x0b01000d | (0x16f051)          |   98 |   98   | 0.007095            |   0.001 |   0.001
 0x0a010003 | _BSD                |  100 |  100   | 0.001054            |   0.000 |   0.000
 0x0a010004 | _BSD                |  100 |  100   | 0.004518            |   0.001 |   0.000
 0x0a010005 | _BSD                |  100 |  100   | 0.000019            |   0.000 |   0.000
 0x0a010006 | _BSD                |  100 |  100   | 0.000262            |   0.000 |   0.000
 0x0a010007 | _BSD                |  100 |  100   | 0.000020            |   0.000 |   0.000
 0x0a010008 | _BSD                |  100 |  100   | 0.000025            |   0.000 |   0.000
 0x0a01000d | _BSD                |  100 |  100   | 0.000031            |   0.000 |   0.000
 0x0a010011 | CPlt                |  254 |  254   | 0.363492            |   0.100 |   3.144
 0x0b010001 | (0x176119)          |  254 |  254   | 1.936428            |   0.537 |   0.029
 0x0a01000f | DHCP                |  254 |  254   | 0.280300            |   0.077 |   0.000
 0x0b01000b | (0x16f051)          |  103 |  103   | 0.001996            |   0.000 |   0.001

load monitoring stopped.
RTEMShost> rt top
[H[J ENTER:Exit  SPACE:Refresh  S:Scroll  A:All  <>:Order  +/-:Lines

Uptime: 9m23.289276          Period: 0.492370            
Tasks:   44  Load Average:    4.677%  Load:   22.070%  Idle:   77.939%
Mem:  213M free  35M used  20M stack

 ID         | NAME                | RPRI | CPRI   | TIME                | TOTAL   | CURRENT
------------+---------------------+---------------+---------------------+---------+--^^----
 0x09010001 | IDLE                |  255 |  255   | 8m35.671707         |  95.139 |  77.939
 0x0a010002 | IRQS                |   96 |   96   | 12.466884           |   2.300 |  11.110
 0x0a010001 | TIME                |   98 |   98   | 7.554538            |   1.393 |   1.453
 0x0b010011 | (0x16f051)          |   88 |   88   | 0.964862            |   0.178 |   0.299
 0x0a01000a | _BSD                |  100 |  100   | 0.309852            |   0.057 |   0.069
 0x0a01000b | _BSD                |  100 |  100   | 0.043625            |   0.008 |   0.035
 0x0b010010 | (0x16f051)          |   90 |   90   | 0.114584            |   0.021 |   0.020
 0x0a010009 | _BSD                |  100 |  100   | 0.008112            |   0.001 |   0.017
 0x0b01000f | (0x16f051)          |   93 |   93   | 0.043614            |   0.008 |   0.014
 0x0a01000c | _BSD                |  100 |  100   | 0.042699            |   0.007 |   0.013
 0x0a01000e | _BSD                |  100 |  100   | 0.020157            |   0.003 |   0.006
 0x0a010003 | _BSD                |  100 |  100   | 0.001054            |   0.000 |   0.000
 0x0a010004 | _BSD                |  100 |  100   | 0.004518            |   0.000 |   0.000
 0x0a010005 | _BSD                |  100 |  100   | 0.000019            |   0.000 |   0.000
 0x0a010006 | _BSD                |  100 |  100   | 0.000262            |   0.000 |   0.000
 0x0a010007 | _BSD                |  100 |  100   | 0.000020            |   0.000 |   0.000
 0x0a010008 | _BSD                |  100 |  100   | 0.000025            |   0.000 |   0.000
 0x0a01000d | _BSD                |  100 |  100   | 0.000031            |   0.000 |   0.000
 0x0b01001e | (0x16f051)          |  204 |  204   | 0.487743            |   0.089 |   2.043
 0x0b01001b | (0x16f051)          |  204 |  204   | 0.483193            |   0.089 |   1.953
 0x0b010018 | (0x16f051)          |  204 |  204   | 0.478177            |   0.088 |   1.771
 0x0b01001c | (0x16f051)          |  204 |  204   | 0.483116            |   0.089 |   1.762
 0x0a01000f | DHCP                |  254 |  254   | 0.280300            |   0.051 |   0.000
 0x0b010017 | (0x16f051)          |  206 |  206   | 0.084366            |   0.015 |   0.351
 0x0b01001d | (0x16f051)          |  206 |  206   | 0.077641            |   0.014 |   0.330
[H[J ENTER:Exit  SPACE:Refresh  S:Scroll  A:All  <>:Order  +/-:Lines

Uptime: 9m26.399230          Period: 3.109954            
Tasks:   44  Load Average:    4.787%  Load:   24.674%  Idle:   75.359%
Mem:  213M free  35M used  20M stack

 ID         | NAME                | RPRI | CPRI   | TIME                | TOTAL   | CURRENT
------------+---------------------+---------------+---------------------+---------+--^^----
 0x09010001 | IDLE                |  255 |  255   | 8m38.015350         |  95.026 |  75.359
 0x0a010002 | IRQS                |   96 |   96   | 12.812075           |   2.350 |  11.099
 0x0a010001 | TIME                |   98 |   98   | 7.598508            |   1.393 |   1.413
 0x0b010011 | (0x16f051)          |   88 |   88   | 0.972824            |   0.178 |   0.256
 0x0a01000a | _BSD                |  100 |  100   | 0.311670            |   0.057 |   0.058
 0x0b010010 | (0x16f051)          |   90 |   90   | 0.115223            |   0.021 |   0.020
 0x0a01000b | _BSD                |  100 |  100   | 0.043940            |   0.008 |   0.010
 0x0b01000f | (0x16f051)          |   93 |   93   | 0.043858            |   0.008 |   0.007
 0x0a01000c | _BSD                |  100 |  100   | 0.042941            |   0.007 |   0.007
 0x0b01000e | (0x16f051)          |   95 |   95   | 0.042142            |   0.007 |   0.010
 0x0a01000e | _BSD                |  100 |  100   | 0.020253            |   0.003 |   0.003
 0x0b01000d | (0x16f051)          |   98 |   98   | 0.011247            |   0.002 |   0.002
 0x0b01000c | (0x16f051)          |  100 |  100   | 0.007696            |   0.001 |   0.001
 0x0a010003 | _BSD                |  100 |  100   | 0.001054            |   0.000 |   0.000
 0x0a010004 | _BSD                |  100 |  100   | 0.004518            |   0.000 |   0.000
 0x0a010005 | _BSD                |  100 |  100   | 0.000019            |   0.000 |   0.000
 0x0a010006 | _BSD                |  100 |  100   | 0.000262            |   0.000 |   0.000
 0x0a010007 | _BSD                |  100 |  100   | 0.000020            |   0.000 |   0.000
 0x0a010008 | _BSD                |  100 |  100   | 0.000025            |   0.000 |   0.000
 0x0a010009 | _BSD                |  100 |  100   | 0.008112            |   0.001 |   0.000
 0x0a01000d | _BSD                |  100 |  100   | 0.000031            |   0.000 |   0.000
 0x0b01001b | (0x16f051)          |  204 |  204   | 0.545326            |   0.100 |   1.997
 0x0b01001e | (0x16f051)          |  204 |  204   | 0.549103            |   0.100 |   1.972
 0x0b01001c | (0x16f051)          |  204 |  204   | 0.540458            |   0.099 |   1.843
 0x0b010018 | (0x16f051)          |  204 |  204   | 0.534320            |   0.098 |   1.805
[H[J ENTER:Exit  SPACE:Refresh  S:Scroll  A:All  <>:Order  +/-:Lines

Uptime: 9m29.509026          Period: 3.109796            
Tasks:   44  Load Average:    4.892%  Load:   24.129%  Idle:   75.834%
Mem:  213M free  35M used  20M stack

 ID         | NAME                | RPRI | CPRI   | TIME                | TOTAL   | CURRENT
------------+---------------------+---------------+---------------------+---------+--^^----
 0x09010001 | IDLE                |  255 |  255   | 8m40.373646         |  94.917 |  75.834
 0x0a010002 | IRQS                |   96 |   96   | 13.150386           |   2.398 |  10.878
 0x0a010001 | TIME                |   98 |   98   | 7.639671            |   1.393 |   1.323
 0x0b010011 | (0x16f051)          |   88 |   88   | 0.980386            |   0.178 |   0.243
 0x0a01000a | _BSD                |  100 |  100   | 0.313615            |   0.057 |   0.062
 0x0b010010 | (0x16f051)          |   90 |   90   | 0.115821            |   0.021 |   0.019
 0x0a01000b | _BSD                |  100 |  100   | 0.044203            |   0.008 |   0.008
 0x0b01000f | (0x16f051)          |   93 |   93   | 0.044107            |   0.008 |   0.008
 0x0a01000c | _BSD                |  100 |  100   | 0.043148            |   0.007 |   0.006
 0x0b01000e | (0x16f051)          |   95 |   95   | 0.042391            |   0.007 |   0.008
 0x0a01000e | _BSD                |  100 |  100   | 0.020359            |   0.003 |   0.003
 0x0b01000d | (0x16f051)          |   98 |   98   | 0.011308            |   0.002 |   0.001
 0x0b01000c | (0x16f051)          |  100 |  100   | 0.007754            |   0.001 |   0.001
 0x0a010003 | _BSD                |  100 |  100   | 0.001054            |   0.000 |   0.000
 0x0a010004 | _BSD                |  100 |  100   | 0.004518            |   0.000 |   0.000
 0x0a010005 | _BSD                |  100 |  100   | 0.000019            |   0.000 |   0.000
 0x0a010006 | _BSD                |  100 |  100   | 0.000262            |   0.000 |   0.000
 0x0a010007 | _BSD                |  100 |  100   | 0.000020            |   0.000 |   0.000
 0x0a010008 | _BSD                |  100 |  100   | 0.000025            |   0.000 |   0.000
 0x0a010009 | _BSD                |  100 |  100   | 0.008112            |   0.001 |   0.000
 0x0a01000d | _BSD                |  100 |  100   | 0.000031            |   0.000 |   0.000
 0x0b01001b | (0x16f051)          |  204 |  204   | 0.606023            |   0.110 |   1.951
 0x0b01001e | (0x16f051)          |  204 |  204   | 0.609275            |   0.111 |   1.934
 0x0b01001c | (0x16f051)          |  204 |  204   | 0.595322            |   0.108 |   1.764
 0x0b010018 | (0x16f051)          |  204 |  204   | 0.588592            |   0.107 |   1.745
[H[J ENTER:Exit  SPACE:Refresh  S:Scroll  A:All  <>:Order  +/-:Lines

Uptime: 9m32.619325          Period: 3.110298            
Tasks:   44  Load Average:    4.995%  Load:   23.850%  Idle:   76.151%
Mem:  213M free  35M used  20M stack

 ID         | NAME                | RPRI | CPRI   | TIME                | TOTAL   | CURRENT
------------+---------------------+---------------+---------------------+---------+--^^----
 0x09010001 | IDLE                |  255 |  255   | 8m42.742200         |  94.811 |  76.151
 0x0a010002 | IRQS                |   96 |   96   | 13.475706           |   2.444 |  10.459
 0x0a010001 | TIME                |   98 |   98   | 7.681997            |   1.393 |   1.360
 0x0b010011 | (0x16f051)          |   88 |   88   | 0.987650            |   0.179 |   0.233
 0x0a01000a | _BSD                |  100 |  100   | 0.315542            |   0.057 |   0.061
 0x0b010010 | (0x16f051)          |   90 |   90   | 0.116437            |   0.021 |   0.019
 0x0a01000b | _BSD                |  100 |  100   | 0.044497            |   0.008 |   0.009
 0x0a01000c | _BSD                |  100 |  100   | 0.043485            |   0.007 |   0.010
 0x0b01000f | (0x16f051)          |   93 |   93   | 0.044410            |   0.008 |   0.009
 0x0b01000e | (0x16f051)          |   95 |   95   | 0.042639            |   0.007 |   0.007
 0x0a01000e | _BSD                |  100 |  100   | 0.020509            |   0.003 |   0.004
 0x0b01000d | (0x16f051)          |   98 |   98   | 0.011485            |   0.002 |   0.005
 0x0a010003 | _BSD                |  100 |  100   | 0.001054            |   0.000 |   0.000
 0x0a010004 | _BSD                |  100 |  100   | 0.004518            |   0.000 |   0.000
 0x0a010005 | _BSD                |  100 |  100   | 0.000019            |   0.000 |   0.000
 0x0a010006 | _BSD                |  100 |  100   | 0.000262            |   0.000 |   0.000
 0x0a010007 | _BSD                |  100 |  100   | 0.000020            |   0.000 |   0.000
 0x0a010008 | _BSD                |  100 |  100   | 0.000025            |   0.000 |   0.000
 0x0a010009 | _BSD                |  100 |  100   | 0.008112            |   0.001 |   0.000
 0x0a01000d | _BSD                |  100 |  100   | 0.000031            |   0.000 |   0.000
 0x0b01001b | (0x16f051)          |  204 |  204   | 0.663792            |   0.120 |   1.857
 0x0b01001c | (0x16f051)          |  204 |  204   | 0.653664            |   0.118 |   1.875
 0x0b01001e | (0x16f051)          |  204 |  204   | 0.666118            |   0.120 |   1.827
 0x0b010018 | (0x16f051)          |  204 |  204   | 0.644310            |   0.116 |   1.791
 0x0a01000f | DHCP                |  254 |  254   | 0.280300            |   0.050 |   0.000
[H[J ENTER:Exit  SPACE:Refresh  S:Scroll  A:All  <>:Order  +/-:Lines

Uptime: 9m35.729250          Period: 3.109925            
Tasks:   44  Load Average:    5.092%  Load:   22.962%  Idle:   77.037%
Mem:  213M free  35M used  20M stack

 ID         | NAME                | RPRI | CPRI   | TIME                | TOTAL   | CURRENT
------------+---------------------+---------------+---------------------+---------+--^^----
 0x09010001 | IDLE                |  255 |  255   | 8m45.138013         |  94.711 |  77.037
 0x0a010002 | IRQS                |   96 |   96   | 13.788855           |   2.486 |  10.069
 0x0a010001 | TIME                |   98 |   98   | 7.723952            |   1.393 |   1.349
 0x0b010011 | (0x16f051)          |   88 |   88   | 0.995246            |   0.179 |   0.244
 0x0a01000a | _BSD                |  100 |  100   | 0.317592            |   0.057 |   0.065
 0x0b010010 | (0x16f051)          |   90 |   90   | 0.117021            |   0.021 |   0.018
 0x0a01000b | _BSD                |  100 |  100   | 0.044722            |   0.008 |   0.007
 0x0b01000f | (0x16f051)          |   93 |   93   | 0.044640            |   0.008 |   0.007
 0x0a01000c | _BSD                |  100 |  100   | 0.043687            |   0.007 |   0.006
 0x0b01000e | (0x16f051)          |   95 |   95   | 0.042845            |   0.007 |   0.006
 0x0a01000e | _BSD                |  100 |  100   | 0.020606            |   0.003 |   0.003
 0x0b01000c | (0x16f051)          |  100 |  100   | 0.007875            |   0.001 |   0.003
 0x0b01000d | (0x16f051)          |   98 |   98   | 0.011534            |   0.002 |   0.001
 0x0a010003 | _BSD                |  100 |  100   | 0.001054            |   0.000 |   0.000
 0x0a010004 | _BSD                |  100 |  100   | 0.004518            |   0.000 |   0.000
 0x0a010005 | _BSD                |  100 |  100   | 0.000019            |   0.000 |   0.000
 0x0a010006 | _BSD                |  100 |  100   | 0.000262            |   0.000 |   0.000
 0x0a010007 | _BSD                |  100 |  100   | 0.000020            |   0.000 |   0.000
 0x0a010008 | _BSD                |  100 |  100   | 0.000025            |   0.000 |   0.000
 0x0a010009 | _BSD                |  100 |  100   | 0.008112            |   0.001 |   0.000
 0x0a01000d | _BSD                |  100 |  100   | 0.000031            |   0.000 |   0.000
 0x0a010012 | CPlt                |  254 |  254   | 0.363922            |   0.065 |   2.882
 0x0b01001c | (0x16f051)          |  204 |  204   | 0.712289            |   0.128 |   1.885
 0x0b01001e | (0x16f051)          |  204 |  204   | 0.721253            |   0.130 |   1.772
 0x0b010018 | (0x16f051)          |  204 |  204   | 0.698034            |   0.125 |   1.727

load monitoring stopped.
RTEMShost> epicsThreadShowAll 1
            NAME       EPICS ID   PTHREAD ID   OSIPRI  OSSPRI  STATE
          _main_       0x65e670            0      0       0       OK
          errlog       0x6637e0    184614915     10      26       OK
          taskwd       0x7f9160    184614916     10      26       OK
      timerQueue       0x7f9638    184614917     70     178       OK
           cbLow       0x7f97e0    184614918     59     150       OK
        cbMedium       0x7f99a0    184614919     64     162       OK
          cbHigh       0x7f9b60    184614920     71     180       OK
        dbCaLink       0x7f9d98    184614921     50     127       OK
        scanOnce       0xdfced8    184614922     67     170       OK
         scan-10       0xefd790    184614923     60     152       OK
          scan-5       0xffdf40    184614924     61     155       OK
          scan-2      0x10fe6f0    184614925     62     157       OK
          scan-1      0x11feea0    184614926     63     160       OK
        scan-0.5      0x12ff650    184614927     64     162       OK
        scan-0.2      0x13ffe00    184614928     65     165       OK
        scan-0.1      0x15005b0    184614929     66     167       OK
         CAS-TCP      0x16052c0    184614930     18      46       OK
         CAS-UDP      0x16053e8    184614931     16      41       OK
      CAS-beacon      0x1605cc8    184614932     17      44       OK
       CAS-event      0x181aac0    184614935     19      49       OK
      CAS-client      0x1aa7698    184614940     20      51       OK
       CAS-event      0x1aa79d8    184614937     19      49       OK
      CAS-client      0x1aa7ae8    184614936     20      51       OK
       CAS-event      0x1aa7f68    184614941     19      49       OK
      CAS-client      0x1aa8078    184614939     20      51       OK
       CAS-event      0x1aa8508    184614914     19      49       OK
      CAS-client      0x1aa8618    184614942     20      51       OK
OSD priority range min: 1 max 254, memory not locked
RTEMShost> casr 1
Channel Access Server V4.13
4 clients connected:
    TCP client at 10.0.2.2:35600 'probe':
        User 'probe', V4.13, Priority = 0, 2 Channels
    TCP client at 10.0.2.2:35610 'probe':
        User 'probe', V4.13, Priority = 0, 2 Channels
    TCP client at 10.0.2.2:35626 'probe':
        User 'probe', V4.13, Priority = 0, 2 Channels
    TCP client at 10.0.2.2:35636 'probe':
        User 'probe', V4.13, Priority = 0, 2 Channels
CAS-TCP server on 0.0.0.0:5164 with
    CAS-UDP name server on 0.0.0.0:5164
Sending CAS-beacons to 1 address:
    10.0.2.255:5065
RTEMShost> rt stackuse
                             STACK USAGE BY THREAD
ID         NAME                  LOW        HIGH       CURRENT     AVAIL   USED
0x09010001 IDLE                  0x006499d8 0x0064a9c7 0x0064a8a0   4080    560
0x0a010001 TIME                  0x006a8388 0x006b0377 0x006b02d8  32752   1312
0x0a010002 IRQS                  0x006b0a10 0x006b89ff 0x006b8960  32752   1788
0x0a010003 config_0              0x006cb0a8 0x006d3097 0x006d2fc0  32752    256
0x0a010004 swi6: task queu       0x006d3730 0x006db71f 0x006db648  32752   1320
0x0a010005 swi5: fast task       0x006dbdb8 0x006e3da7 0x006e3cd0  32752    256
0x0a010006 thread taskq          0x006e4440 0x006ec42f 0x006ec358  32752    256
0x0a010007 swi6: Giant tas       0x006ecac8 0x006f4ab7 0x006f49e0  32752    256
0x0a010008 kqueue_ctx task       0x006f5150 0x006fd13f 0x006fd068  32752    256
0x0a010009 swi1: netisr 0        0x006fd918 0x00705907 0x00705830  32752    484
0x0a01000a bufdaemon             0x007271e8 0x0072f1d7 0x0072f0c8  32752    724
0x0a01000b vnlru                 0x0072f870 0x0073785f 0x00737708  32752    384
0x0a01000c syncer                0x00737f58 0x0073ff47 0x0073fe00  32752    480
0x0a01000d softirq_0             0x007406d8 0x007486c7 0x007485f0  32752    256
0x0a01000e bufspacedaemon-       0x00748dc0 0x00750daf 0x00750cc0  32752    536
0x0a01000f DHCP                  0x00754e50 0x00756e3f 0x00756978   8176   3136
0x0b010001 _main_                0x0064b338 0x0065b327 0x0065a878  65520   6732
0x0b010002 CAS-client            0x022adda8 0x023add97 0x023adae8 1048560   2048
0x0b010003 errlog                0x006638f8 0x006a38e7 0x006a37f8 262128    672
0x0b010004 taskwd                0x0086ebb0 0x008aeb9f 0x008aeaa0 262128    360
0x0b010005 timerQueue            0x008af238 0x0092f227 0x0092f140 524272    296
0x0b010006 cbLow                 0x0092f8c0 0x00a2f8af 0x00a2f7f0 1048560    348
0x0b010007 cbMedium              0x00a2ff48 0x00b2ff37 0x00b2fe78 1048560    348
0x0b010008 cbHigh                0x00b32520 0x00c3250f 0x00c32450 1048560    348
0x0b010009 dbCaLink              0x00c32ba8 0x00d32b97 0x00d32aa0 1048560    956
0x0b01000a scanOnce              0x00dfcff0 0x00efcfdf 0x00efcf10 1048560    364
0x0b01000b scan-10               0x00efd8a8 0x00ffd897 0x00ffd778 1048560    444
0x0b01000c scan-5                0x00ffe058 0x010fe047 0x010fdf28 1048560    444
0x0b01000d scan-2                0x010fe808 0x011fe7f7 0x011fe6d8 1048560    444
0x0b01000e scan-1                0x011fefb8 0x012fefa7 0x012fee88 1048560   1076
0x0b01000f scan-0.5              0x012ff768 0x013ff757 0x013ff638 1048560    512
0x0b010010 scan-0.2              0x013fff18 0x014fff07 0x014ffde8 1048560    512
0x0b010011 scan-0.1              0x015006c8 0x016006b7 0x01600598 1048560   1320
0x0b010012 CAS-TCP               0x01605e40 0x01685e2f 0x01685b78 524272   1040
0x0b010013 CAS-UDP               0x016864c8 0x017064b7 0x017061e8 524272    760
0x0b010014 CAS-beacon            0x01716f70 0x01756f5f 0x01756d90 262128   1712
0x0b010015 CAS-client            0x01fab908 0x020ab8f7 0x020ab648 1048560   2024
0x0b010016 CAS-event             0x01da9f20 0x01e29f0f 0x01e29e30 524272   2088
0x0b010017 CAS-client            0x0212cb58 0x0222cb47 0x0222c898 1048560   2024
0x0b01001a CAS-event             0x01f2b170 0x01fab15f 0x01fab080 524272   2088
0x0b01001c CAS-event             0x0222d610 0x022ad5ff 0x022ad520 524272   2088
0x0b01001f CAS-event             0x020ac3c0 0x0212c3af 0x0212c2d0 524272   2064
0x0b010020 CAS-client            0x01e2a6b8 0x01f2a6a7 0x01f2a3f8 1048560   2024
0x00000000 Interrupt Stack       0x00637f90 0x00638f7f 0x00000000   4080    288
RTEMShost> rt top
[H[J ENTER:Exit  SPACE:Refresh  S:Scroll  A:All  <>:Order  +/-:Lines

Uptime: 11m19.398952         Period: 0.498343            
Tasks:   44  Load Average:    5.074%  Load:   13.463%  Idle:   86.537%
Mem:  213M free  35M used  20M stack

 ID         | NAME                | RPRI | CPRI   | TIME                | TOTAL   | CURRENT
------------+---------------------+---------------+---------------------+---------+--^^----
 0x09010001 | IDLE                |  255 |  255   | 10m18.075757        |  94.716 |  86.537
 0x0a010002 | IRQS                |   96 |   96   | 17.796071           |   2.727 |   5.006
 0x0a010001 | TIME                |   98 |   98   | 9.089438            |   1.392 |   1.264
 0x0b010011 | (0x16f051)          |   88 |   88   | 1.401594            |   0.214 |   0.830
 0x0a01000a | _BSD                |  100 |  100   | 0.381581            |   0.058 |   0.048
 0x0b010010 | (0x16f051)          |   90 |   90   | 0.137549            |   0.021 |   0.025
 0x0a01000b | _BSD                |  100 |  100   | 0.052811            |   0.008 |   0.013
 0x0b01000e | (0x16f051)          |   95 |   95   | 0.050889            |   0.007 |   0.016
 0x0a01000c | _BSD                |  100 |  100   | 0.050556            |   0.007 |   0.011
 0x0b01000f | (0x16f051)          |   93 |   93   | 0.052378            |   0.008 |   0.007
 0x0a01000e | _BSD                |  100 |  100   | 0.023965            |   0.003 |   0.006
 0x0a010003 | _BSD                |  100 |  100   | 0.001054            |   0.000 |   0.000
 0x0a010004 | _BSD                |  100 |  100   | 0.004518            |   0.000 |   0.000
 0x0a010005 | _BSD                |  100 |  100   | 0.000019            |   0.000 |   0.000
 0x0a010006 | _BSD                |  100 |  100   | 0.000262            |   0.000 |   0.000
 0x0a010007 | _BSD                |  100 |  100   | 0.000020            |   0.000 |   0.000
 0x0a010008 | _BSD                |  100 |  100   | 0.000025            |   0.000 |   0.000
 0x0a010009 | _BSD                |  100 |  100   | 0.008634            |   0.001 |   0.000
 0x0a01000d | _BSD                |  100 |  100   | 0.000031            |   0.000 |   0.000
 0x0b010020 | (0x16f051)          |  204 |  204   | 0.387106            |   0.059 |   0.815
 0x0b010002 | (0x16f051)          |  204 |  204   | 0.380590            |   0.058 |   0.777
 0x0b010015 | (0x16f051)          |  204 |  204   | 0.375755            |   0.057 |   0.809
 0x0b010016 | (0x16f051)          |  206 |  206   | 0.287026            |   0.043 |   0.827
 0x0b010017 | (0x16f051)          |  204 |  204   | 0.372788            |   0.057 |   0.753
 0x0b01001c | (0x16f051)          |  206 |  206   | 0.287092            |   0.043 |   0.758
[H[J ENTER:Exit  SPACE:Refresh  S:Scroll  A:All  <>:Order  +/-:Lines

Uptime: 11m22.499008         Period: 3.100055            
Tasks:   44  Load Average:    5.127%  Load:   16.595%  Idle:   83.404%
Mem:  213M free  35M used  20M stack

 ID         | NAME                | RPRI | CPRI   | TIME                | TOTAL   | CURRENT
------------+---------------------+---------------+---------------------+---------+--^^----
 0x09010001 | IDLE                |  255 |  255   | 10m20.661350        |  94.662 |  83.404
 0x0a010002 | IRQS                |   96 |   96   | 17.951897           |   2.738 |   5.026
 0x0a010001 | TIME                |   98 |   98   | 9.130861            |   1.392 |   1.336
 0x0b010011 | (0x16f051)          |   88 |   88   | 1.426510            |   0.217 |   0.803
 0x0a01000a | _BSD                |  100 |  100   | 0.383625            |   0.058 |   0.065
 0x0b010010 | (0x16f051)          |   90 |   90   | 0.138163            |   0.021 |   0.019
 0x0a01000b | _BSD                |  100 |  100   | 0.053033            |   0.008 |   0.007
 0x0b01000e | (0x16f051)          |   95 |   95   | 0.051133            |   0.007 |   0.007
 0x0b01000f | (0x16f051)          |   93 |   93   | 0.052614            |   0.008 |   0.007
 0x0a01000c | _BSD                |  100 |  100   | 0.050746            |   0.007 |   0.006
 0x0a01000e | _BSD                |  100 |  100   | 0.024066            |   0.003 |   0.003
 0x0b01000d | (0x16f051)          |   98 |   98   | 0.013574            |   0.002 |   0.002
 0x0a010003 | _BSD                |  100 |  100   | 0.001054            |   0.000 |   0.000
 0x0a010004 | _BSD                |  100 |  100   | 0.004518            |   0.000 |   0.000
 0x0a010005 | _BSD                |  100 |  100   | 0.000019            |   0.000 |   0.000
 0x0a010006 | _BSD                |  100 |  100   | 0.000262            |   0.000 |   0.000
 0x0a010007 | _BSD                |  100 |  100   | 0.000020            |   0.000 |   0.000
 0x0a010008 | _BSD                |  100 |  100   | 0.000025            |   0.000 |   0.000
 0x0a010009 | _BSD                |  100 |  100   | 0.008634            |   0.001 |   0.000
 0x0a01000d | _BSD                |  100 |  100   | 0.000031            |   0.000 |   0.000
 0x0b010020 | (0x16f051)          |  204 |  204   | 0.413952            |   0.063 |   0.865
 0x0b010002 | (0x16f051)          |  204 |  204   | 0.405901            |   0.061 |   0.816
 0x0b010015 | (0x16f051)          |  204 |  204   | 0.400706            |   0.061 |   0.804
 0x0b010017 | (0x16f051)          |  204 |  204   | 0.398346            |   0.060 |   0.824
 0x0b010016 | (0x16f051)          |  206 |  206   | 0.312285            |   0.047 |   0.814
[H[J ENTER:Exit  SPACE:Refresh  S:Scroll  A:All  <>:Order  +/-:Lines

Uptime: 11m25.608957         Period: 3.109949            
Tasks:   44  Load Average:    5.184%  Load:   17.804%  Idle:   82.196%
Mem:  213M free  35M used  20M stack

 ID         | NAME                | RPRI | CPRI   | TIME                | TOTAL   | CURRENT
------------+---------------------+---------------+---------------------+---------+--^^----
 0x09010001 | IDLE                |  255 |  255   | 10m23.217611        |  94.604 |  82.196
 0x0a010002 | IRQS                |   96 |   96   | 18.120774           |   2.750 |   5.430
 0x0a010001 | TIME                |   98 |   98   | 9.172178            |   1.392 |   1.328
 0x0b010011 | (0x16f051)          |   88 |   88   | 1.453345            |   0.220 |   0.862
 0x0a01000a | _BSD                |  100 |  100   | 0.385848            |   0.058 |   0.071
 0x0b010010 | (0x16f051)          |   90 |   90   | 0.138883            |   0.021 |   0.023
 0x0a01000b | _BSD                |  100 |  100   | 0.053301            |   0.008 |   0.008
 0x0b01000f | (0x16f051)          |   93 |   93   | 0.052836            |   0.008 |   0.007
 0x0a01000c | _BSD                |  100 |  100   | 0.050962            |   0.007 |   0.006
 0x0b01000e | (0x16f051)          |   95 |   95   | 0.051343            |   0.007 |   0.006
 0x0a01000e | _BSD                |  100 |  100   | 0.024159            |   0.003 |   0.003
 0x0b01000c | (0x16f051)          |  100 |  100   | 0.009245            |   0.001 |   0.002
 0x0a010009 | _BSD                |  100 |  100   | 0.008701            |   0.001 |   0.002
 0x0b01000d | (0x16f051)          |   98 |   98   | 0.013607            |   0.002 |   0.001
 0x0a010003 | _BSD                |  100 |  100   | 0.001054            |   0.000 |   0.000
 0x0a010004 | _BSD                |  100 |  100   | 0.004518            |   0.000 |   0.000
 0x0a010005 | _BSD                |  100 |  100   | 0.000019            |   0.000 |   0.000
 0x0a010006 | _BSD                |  100 |  100   | 0.000262            |   0.000 |   0.000
 0x0a010007 | _BSD                |  100 |  100   | 0.000020            |   0.000 |   0.000
 0x0a010008 | _BSD                |  100 |  100   | 0.000025            |   0.000 |   0.000
 0x0a01000d | _BSD                |  100 |  100   | 0.000031            |   0.000 |   0.000
 0x0b010002 | (0x16f051)          |  204 |  204   | 0.434092            |   0.065 |   0.906
 0x0b010020 | (0x16f051)          |  204 |  204   | 0.441199            |   0.066 |   0.876
 0x0b010015 | (0x16f051)          |  204 |  204   | 0.427932            |   0.064 |   0.875
 0x0b010016 | (0x16f051)          |  206 |  206   | 0.338332            |   0.051 |   0.837
[H[J ENTER:Exit  SPACE:Refresh  S:Scroll  A:All  <>:Order  +/-:Lines

Uptime: 11m28.728930         Period: 3.119973            
Tasks:   44  Load Average:    5.238%  Load:   17.146%  Idle:   82.852%
Mem:  213M free  35M used  20M stack

 ID         | NAME                | RPRI | CPRI   | TIME                | TOTAL   | CURRENT
------------+---------------------+---------------+---------------------+---------+--^^----
 0x09010001 | IDLE                |  255 |  255   | 10m25.802587        |  94.548 |  82.852
 0x0a010002 | IRQS                |   96 |   96   | 18.279226           |   2.761 |   5.078
 0x0a010001 | TIME                |   98 |   98   | 9.213310            |   1.391 |   1.318
 0x0b010011 | (0x16f051)          |   88 |   88   | 1.478218            |   0.223 |   0.797
 0x0a01000a | _BSD                |  100 |  100   | 0.388500            |   0.058 |   0.084
 0x0b010010 | (0x16f051)          |   90 |   90   | 0.139500            |   0.021 |   0.019
 0x0a01000b | _BSD                |  100 |  100   | 0.053518            |   0.008 |   0.006
 0x0a01000c | _BSD                |  100 |  100   | 0.051189            |   0.007 |   0.007
 0x0b01000e | (0x16f051)          |   95 |   95   | 0.051555            |   0.007 |   0.006
 0x0b01000f | (0x16f051)          |   93 |   93   | 0.053038            |   0.008 |   0.006
 0x0a01000e | _BSD                |  100 |  100   | 0.024288            |   0.003 |   0.004
 0x0b01000c | (0x16f051)          |  100 |  100   | 0.009313            |   0.001 |   0.002
 0x0b01000d | (0x16f051)          |   98 |   98   | 0.013671            |   0.002 |   0.002
 0x0a010003 | _BSD                |  100 |  100   | 0.001054            |   0.000 |   0.000
 0x0a010004 | _BSD                |  100 |  100   | 0.004518            |   0.000 |   0.000
 0x0a010005 | _BSD                |  100 |  100   | 0.000019            |   0.000 |   0.000
 0x0a010006 | _BSD                |  100 |  100   | 0.000262            |   0.000 |   0.000
 0x0a010007 | _BSD                |  100 |  100   | 0.000020            |   0.000 |   0.000
 0x0a010008 | _BSD                |  100 |  100   | 0.000025            |   0.000 |   0.000
 0x0a010009 | _BSD                |  100 |  100   | 0.008701            |   0.001 |   0.000
 0x0a01000d | _BSD                |  100 |  100   | 0.000031            |   0.000 |   0.000
 0x0a010013 | CPlt                |  254 |  254   | 0.298691            |   0.045 |   3.431
 0x0b010020 | (0x16f051)          |  204 |  204   | 0.467968            |   0.070 |   0.857
 0x0b010002 | (0x16f051)          |  204 |  204   | 0.460607            |   0.069 |   0.849
 0x0b010015 | (0x16f051)          |  204 |  204   | 0.453292            |   0.068 |   0.812
[H[J ENTER:Exit  SPACE:Refresh  S:Scroll  A:All  <>:Order  +/-:Lines

Uptime: 11m31.828948         Period: 3.100017            
Tasks:   44  Load Average:    5.287%  Load:   16.198%  Idle:   83.801%
Mem:  213M free  35M used  20M stack

 ID         | NAME                | RPRI | CPRI   | TIME                | TOTAL   | CURRENT
------------+---------------------+---------------+---------------------+---------+--^^----
 0x09010001 | IDLE                |  255 |  255   | 10m28.400462        |  94.498 |  83.801
 0x0a010002 | IRQS                |   96 |   96   | 18.434322           |   2.772 |   5.003
 0x0a010001 | TIME                |   98 |   98   | 9.253656            |   1.391 |   1.301
 0x0b010011 | (0x16f051)          |   88 |   88   | 1.501687            |   0.225 |   0.757
 0x0a01000a | _BSD                |  100 |  100   | 0.390639            |   0.058 |   0.069
 0x0b010010 | (0x16f051)          |   90 |   90   | 0.140147            |   0.021 |   0.020
 0x0a01000b | _BSD                |  100 |  100   | 0.053798            |   0.008 |   0.009
 0x0b01000e | (0x16f051)          |   95 |   95   | 0.051779            |   0.007 |   0.007
 0x0b01000f | (0x16f051)          |   93 |   93   | 0.053261            |   0.008 |   0.007
 0x0a01000c | _BSD                |  100 |  100   | 0.051412            |   0.007 |   0.007
 0x0a01000e | _BSD                |  100 |  100   | 0.024403            |   0.003 |   0.003
 0x0b01000d | (0x16f051)          |   98 |   98   | 0.013705            |   0.002 |   0.001
 0x0a010003 | _BSD                |  100 |  100   | 0.001054            |   0.000 |   0.000
 0x0a010004 | _BSD                |  100 |  100   | 0.004518            |   0.000 |   0.000
 0x0a010005 | _BSD                |  100 |  100   | 0.000019            |   0.000 |   0.000
 0x0a010006 | _BSD                |  100 |  100   | 0.000262            |   0.000 |   0.000
 0x0a010007 | _BSD                |  100 |  100   | 0.000020            |   0.000 |   0.000
 0x0a010008 | _BSD                |  100 |  100   | 0.000025            |   0.000 |   0.000
 0x0a010009 | _BSD                |  100 |  100   | 0.008701            |   0.001 |   0.000
 0x0a01000d | _BSD                |  100 |  100   | 0.000031            |   0.000 |   0.000
 0x0a010013 | CPlt                |  254 |  254   | 0.387477            |   0.058 |   2.864
 0x0b010020 | (0x16f051)          |  204 |  204   | 0.493688            |   0.074 |   0.829
 0x0b010002 | (0x16f051)          |  204 |  204   | 0.485819            |   0.073 |   0.813
 0x0b010015 | (0x16f051)          |  204 |  204   | 0.477797            |   0.071 |   0.790
 0x0b010017 | (0x16f051)          |  204 |  204   | 0.472842            |   0.071 |   0.763

load monitoring stopped.
RTEMShost> epicsThreadShowAll 1
            NAME       EPICS ID   PTHREAD ID   OSIPRI  OSSPRI  STATE
          _main_       0x65e670            0      0       0       OK
          errlog       0x6637e0    184614915     10      26       OK
          taskwd       0x7f9160    184614916     10      26       OK
      timerQueue       0x7f9638    184614917     70     178       OK
           cbLow       0x7f97e0    184614918     59     150       OK
        cbMedium       0x7f99a0    184614919     64     162       OK
          cbHigh       0x7f9b60    184614920     71     180       OK
        dbCaLink       0x7f9d98    184614921     50     127       OK
        scanOnce       0xdfced8    184614922     67     170       OK
         scan-10       0xefd790    184614923     60     152       OK
          scan-5       0xffdf40    184614924     61     155       OK
          scan-2      0x10fe6f0    184614925     62     157       OK
          scan-1      0x11feea0    184614926     63     160       OK
        scan-0.5      0x12ff650    184614927     64     162       OK
        scan-0.2      0x13ffe00    184614928     65     165       OK
        scan-0.1      0x15005b0    184614929     66     167       OK
         CAS-TCP      0x16052c0    184614930     18      46       OK
         CAS-UDP      0x16053e8    184614931     16      41       OK
      CAS-beacon      0x1605cc8    184614932     17      44       OK
       CAS-event      0x1aa7858    184614934     19      49       OK
      CAS-client      0x1e2a598    184614944     20      51       OK
       CAS-event      0x1f2b050    184614938     19      49       OK
      CAS-client      0x1fab7e8    184614933     20      51       OK
       CAS-event      0x20ac2a0    184614943     19      49       OK
      CAS-client      0x212ca38    184614935     20      51       OK
       CAS-event      0x222d4f0    184614940     19      49       OK
      CAS-client      0x22adc88    184614914     20      51       OK
OSD priority range min: 1 max 254, memory not locked
RTEMShost> rt top
[H[J ENTER:Exit  SPACE:Refresh  S:Scroll  A:All  <>:Order  +/-:Lines

Uptime: 13m14.138880         Period: 0.491998            
Tasks:   40  Load Average:    5.353%  Load:   29.345%  Idle:   68.265%
Mem:  214M free  34M used  17M stack

 ID         | NAME                | RPRI | CPRI   | TIME                | TOTAL   | CURRENT
------------+---------------------+---------------+---------------------+---------+--^^----
 0x09010001 | IDLE                |  255 |  255   | 11m59.223375        |  94.418 |  68.265
 0x0a010002 | IRQS                |   96 |   96   | 20.329070           |   2.668 |   4.089
 0x0a010001 | TIME                |   98 |   98   | 10.563962           |   1.386 |   1.275
 0x0b010011 | (0x16f051)          |   88 |   88   | 1.760146            |   0.231 |   0.146
 0x0a01000a | _BSD                |  100 |  100   | 0.454293            |   0.059 |   0.077
 0x0b010010 | (0x16f051)          |   90 |   90   | 0.159956            |   0.020 |   0.014
 0x0b01000f | (0x16f051)          |   93 |   93   | 0.060675            |   0.007 |   0.009
 0x0a010003 | _BSD                |  100 |  100   | 0.001054            |   0.000 |   0.000
 0x0a010004 | _BSD                |  100 |  100   | 0.004518            |   0.000 |   0.000
 0x0a010005 | _BSD                |  100 |  100   | 0.000019            |   0.000 |   0.000
 0x0a010006 | _BSD                |  100 |  100   | 0.000262            |   0.000 |   0.000
 0x0a010007 | _BSD                |  100 |  100   | 0.000020            |   0.000 |   0.000
 0x0a010008 | _BSD                |  100 |  100   | 0.000025            |   0.000 |   0.000
 0x0a010009 | _BSD                |  100 |  100   | 0.009201            |   0.001 |   0.000
 0x0a01000b | _BSD                |  100 |  100   | 0.061503            |   0.008 |   0.000
 0x0a01000c | _BSD                |  100 |  100   | 0.058130            |   0.007 |   0.000
 0x0a01000d | _BSD                |  100 |  100   | 0.000031            |   0.000 |   0.000
 0x0a01000e | _BSD                |  100 |  100   | 0.027928            |   0.003 |   0.000
 0x0b010012 | (0x16f051)          |  209 |  209   | 2.749477            |   0.360 |   9.741
 0x0b010013 | (0x16f051)          |  214 |  214   | 3.555741            |   0.466 |  13.945
 0x0a01000f | DHCP                |  254 |  254   | 0.280300            |   0.036 |   0.000
 0x0a010014 | CPlt                |  254 |  254   | 0.000339            |   0.000 |   0.047
 0x0b010001 | (0x176119)          |  254 |  254   | 2.279776            |   0.299 |   0.000
 0x0b010003 | (0x16f051)          |  229 |  229   | 0.014008            |   0.001 |   0.000
 0x0b010004 | (0x16f051)          |  229 |  229   | 0.010606            |   0.001 |   0.000
[H[J ENTER:Exit  SPACE:Refresh  S:Scroll  A:All  <>:Order  +/-:Lines

Uptime: 13m17.260855         Period: 3.121974            
Tasks:   40  Load Average:    5.462%  Load:   33.089%  Idle:   64.356%
Mem:  214M free  34M used  17M stack

 ID         | NAME                | RPRI | CPRI   | TIME                | TOTAL   | CURRENT
------------+---------------------+---------------+---------------------+---------+--^^----
 0x09010001 | IDLE                |  255 |  255   | 12m1.232576         |  94.305 |  64.356
 0x0a010002 | IRQS                |   96 |   96   | 20.460843           |   2.675 |   4.220
 0x0a010001 | TIME                |   98 |   98   | 10.602122           |   1.386 |   1.222
 0x0b010011 | (0x16f051)          |   88 |   88   | 1.765255            |   0.230 |   0.163
 0x0a01000a | _BSD                |  100 |  100   | 0.456073            |   0.059 |   0.057
 0x0b010010 | (0x16f051)          |   90 |   90   | 0.160548            |   0.020 |   0.018
 0x0a01000b | _BSD                |  100 |  100   | 0.061718            |   0.008 |   0.006
 0x0b01000e | (0x16f051)          |   95 |   95   | 0.059244            |   0.007 |   0.006
 0x0b01000f | (0x16f051)          |   93 |   93   | 0.060868            |   0.007 |   0.006
 0x0a01000c | _BSD                |  100 |  100   | 0.058318            |   0.007 |   0.005
 0x0a01000e | _BSD                |  100 |  100   | 0.028029            |   0.003 |   0.003
 0x0b01000d | (0x16f051)          |   98 |   98   | 0.015494            |   0.002 |   0.002
 0x0a010003 | _BSD                |  100 |  100   | 0.001054            |   0.000 |   0.000
 0x0a010004 | _BSD                |  100 |  100   | 0.004518            |   0.000 |   0.000
 0x0a010005 | _BSD                |  100 |  100   | 0.000019            |   0.000 |   0.000
 0x0a010006 | _BSD                |  100 |  100   | 0.000262            |   0.000 |   0.000
 0x0a010007 | _BSD                |  100 |  100   | 0.000020            |   0.000 |   0.000
 0x0a010008 | _BSD                |  100 |  100   | 0.000025            |   0.000 |   0.000
 0x0a010009 | _BSD                |  100 |  100   | 0.009201            |   0.001 |   0.000
 0x0a01000d | _BSD                |  100 |  100   | 0.000031            |   0.000 |   0.000
 0x0b010012 | (0x16f051)          |  209 |  209   | 3.077412            |   0.402 |  10.504
 0x0b010013 | (0x16f051)          |  214 |  214   | 3.992499            |   0.522 |  13.989
 0x0a01000f | DHCP                |  254 |  254   | 0.280300            |   0.036 |   0.000
 0x0a010014 | CPlt                |  254 |  254   | 0.090265            |   0.011 |   2.880
 0x0b010001 | (0x176119)          |  254 |  254   | 2.279776            |   0.298 |   0.000
[H[J ENTER:Exit  SPACE:Refresh  S:Scroll  A:All  <>:Order  +/-:Lines

Uptime: 13m20.388979         Period: 3.128123            
Tasks:   40  Load Average:    5.570%  Load:   33.266%  Idle:   64.208%
Mem:  214M free  34M used  17M stack

 ID         | NAME                | RPRI | CPRI   | TIME                | TOTAL   | CURRENT
------------+---------------------+---------------+---------------------+---------+--^^----
 0x09010001 | IDLE                |  255 |  255   | 12m3.241109         |  94.192 |  64.208
 0x0a010002 | IRQS                |   96 |   96   | 20.592064           |   2.681 |   4.194
 0x0a010001 | TIME                |   98 |   98   | 10.642095           |   1.385 |   1.277
 0x0b010011 | (0x16f051)          |   88 |   88   | 1.770033            |   0.230 |   0.152
 0x0a01000a | _BSD                |  100 |  100   | 0.458044            |   0.059 |   0.063
 0x0b010010 | (0x16f051)          |   90 |   90   | 0.161129            |   0.020 |   0.018
 0x0a01000b | _BSD                |  100 |  100   | 0.061993            |   0.008 |   0.008
 0x0a01000c | _BSD                |  100 |  100   | 0.058590            |   0.007 |   0.008
 0x0b01000e | (0x16f051)          |   95 |   95   | 0.059516            |   0.007 |   0.008
 0x0b01000f | (0x16f051)          |   93 |   93   | 0.061100            |   0.007 |   0.007
 0x0a01000e | _BSD                |  100 |  100   | 0.028157            |   0.003 |   0.004
 0x0b01000d | (0x16f051)          |   98 |   98   | 0.015564            |   0.002 |   0.002
 0x0b01000c | (0x16f051)          |  100 |  100   | 0.010621            |   0.001 |   0.001
 0x0a010003 | _BSD                |  100 |  100   | 0.001054            |   0.000 |   0.000
 0x0a010004 | _BSD                |  100 |  100   | 0.004518            |   0.000 |   0.000
 0x0a010005 | _BSD                |  100 |  100   | 0.000019            |   0.000 |   0.000
 0x0a010006 | _BSD                |  100 |  100   | 0.000262            |   0.000 |   0.000
 0x0a010007 | _BSD                |  100 |  100   | 0.000020            |   0.000 |   0.000
 0x0a010008 | _BSD                |  100 |  100   | 0.000025            |   0.000 |   0.000
 0x0a010009 | _BSD                |  100 |  100   | 0.009201            |   0.001 |   0.000
 0x0a01000d | _BSD                |  100 |  100   | 0.000031            |   0.000 |   0.000
 0x0b010012 | (0x16f051)          |  209 |  209   | 3.405739            |   0.443 |  10.495
 0x0b010013 | (0x16f051)          |  214 |  214   | 4.435958            |   0.577 |  14.176
 0x0a01000f | DHCP                |  254 |  254   | 0.280300            |   0.036 |   0.000
 0x0a010014 | CPlt                |  254 |  254   | 0.179230            |   0.023 |   2.844
[H[J ENTER:Exit  SPACE:Refresh  S:Scroll  A:All  <>:Order  +/-:Lines

Uptime: 13m23.520162         Period: 3.131183            
Tasks:   40  Load Average:    5.681%  Load:   33.911%  Idle:   63.532%
Mem:  214M free  34M used  17M stack

 ID         | NAME                | RPRI | CPRI   | TIME                | TOTAL   | CURRENT
------------+---------------------+---------------+---------------------+---------+--^^----
 0x09010001 | IDLE                |  255 |  255   | 12m5.230431         |  94.078 |  63.532
 0x0a010002 | IRQS                |   96 |   96   | 20.724164           |   2.688 |   4.218
 0x0a010001 | TIME                |   98 |   98   | 10.680503           |   1.385 |   1.226
 0x0b010011 | (0x16f051)          |   88 |   88   | 1.774855            |   0.230 |   0.154
 0x0a01000a | _BSD                |  100 |  100   | 0.459972            |   0.059 |   0.061
 0x0b010010 | (0x16f051)          |   90 |   90   | 0.161717            |   0.020 |   0.018
 0x0a01000b | _BSD                |  100 |  100   | 0.062187            |   0.008 |   0.006
 0x0b01000e | (0x16f051)          |   95 |   95   | 0.059737            |   0.007 |   0.007
 0x0a01000c | _BSD                |  100 |  100   | 0.058801            |   0.007 |   0.006
 0x0b01000f | (0x16f051)          |   93 |   93   | 0.061306            |   0.007 |   0.006
 0x0a01000e | _BSD                |  100 |  100   | 0.028256            |   0.003 |   0.003
 0x0b01000c | (0x16f051)          |  100 |  100   | 0.010701            |   0.001 |   0.002
 0x0a010009 | _BSD                |  100 |  100   | 0.009266            |   0.001 |   0.002
 0x0b01000d | (0x16f051)          |   98 |   98   | 0.015599            |   0.002 |   0.001
 0x0a010003 | _BSD                |  100 |  100   | 0.001054            |   0.000 |   0.000
 0x0a010004 | _BSD                |  100 |  100   | 0.004518            |   0.000 |   0.000
 0x0a010005 | _BSD                |  100 |  100   | 0.000019            |   0.000 |   0.000
 0x0a010006 | _BSD                |  100 |  100   | 0.000262            |   0.000 |   0.000
 0x0a010007 | _BSD                |  100 |  100   | 0.000020            |   0.000 |   0.000
 0x0a010008 | _BSD                |  100 |  100   | 0.000025            |   0.000 |   0.000
 0x0a01000d | _BSD                |  100 |  100   | 0.000031            |   0.000 |   0.000
 0x0b010012 | (0x16f051)          |  209 |  209   | 3.744774            |   0.485 |  10.827
 0x0b010013 | (0x16f051)          |  214 |  214   | 4.886149            |   0.633 |  14.377
 0x0a01000f | DHCP                |  254 |  254   | 0.280300            |   0.036 |   0.000
 0x0a010014 | CPlt                |  254 |  254   | 0.272527            |   0.035 |   2.979
[H[J ENTER:Exit  SPACE:Refresh  S:Scroll  A:All  <>:Order  +/-:Lines

Uptime: 13m26.648806         Period: 3.128644            
Tasks:   40  Load Average:    5.790%  Load:   33.743%  Idle:   63.764%
Mem:  214M free  34M used  17M stack

 ID         | NAME                | RPRI | CPRI   | TIME                | TOTAL   | CURRENT
------------+---------------------+---------------+---------------------+---------+--^^----
 0x09010001 | IDLE                |  255 |  255   | 12m7.225391         |  93.965 |  63.764
 0x0a010002 | IRQS                |   96 |   96   | 20.855565           |   2.694 |   4.199
 0x0a010001 | TIME                |   98 |   98   | 10.718604           |   1.384 |   1.217
 0x0b010011 | (0x16f051)          |   88 |   88   | 1.779694            |   0.229 |   0.154
 0x0a01000a | _BSD                |  100 |  100   | 0.461849            |   0.059 |   0.059
 0x0b010010 | (0x16f051)          |   90 |   90   | 0.162339            |   0.020 |   0.019
 0x0a01000b | _BSD                |  100 |  100   | 0.062369            |   0.008 |   0.005
 0x0b01000e | (0x16f051)          |   95 |   95   | 0.059938            |   0.007 |   0.006
 0x0b01000f | (0x16f051)          |   93 |   93   | 0.061503            |   0.007 |   0.006
 0x0a01000c | _BSD                |  100 |  100   | 0.058972            |   0.007 |   0.005
 0x0a01000e | _BSD                |  100 |  100   | 0.028357            |   0.003 |   0.003
 0x0b01000d | (0x16f051)          |   98 |   98   | 0.015664            |   0.002 |   0.002
 0x0a010003 | _BSD                |  100 |  100   | 0.001054            |   0.000 |   0.000
 0x0a010004 | _BSD                |  100 |  100   | 0.004518            |   0.000 |   0.000
 0x0a010005 | _BSD                |  100 |  100   | 0.000019            |   0.000 |   0.000
 0x0a010006 | _BSD                |  100 |  100   | 0.000262            |   0.000 |   0.000
 0x0a010007 | _BSD                |  100 |  100   | 0.000020            |   0.000 |   0.000
 0x0a010008 | _BSD                |  100 |  100   | 0.000025            |   0.000 |   0.000
 0x0a010009 | _BSD                |  100 |  100   | 0.009266            |   0.001 |   0.000
 0x0a01000d | _BSD                |  100 |  100   | 0.000031            |   0.000 |   0.000
 0x0b010012 | (0x16f051)          |  209 |  209   | 4.080899            |   0.527 |  10.743
 0x0b010013 | (0x16f051)          |  214 |  214   | 5.337637            |   0.689 |  14.430
 0x0a010014 | CPlt                |  254 |  254   | 0.362876            |   0.046 |   2.887
 0x0a01000f | DHCP                |  254 |  254   | 0.280300            |   0.036 |   0.000
 0x0b010001 | (0x176119)          |  254 |  254   | 2.279776            |   0.294 |   0.000

load monitoring stopped.
RTEMShost> qemu-system-arm: terminating on signal 15 from pid 2074664 (bash)
