qemu-system-arm: warning: nic cadence_gem.1 has no peer
WARNING: OS Clock time was read before being set.
Using 1990-01-02 00:00:00.000000 UTC

 initConsole --- Info ---
stdin: fileno: 0, ttyname: /dev/ttyS1
stdout: fileno: 1, ttyname: /dev/ttyS1
stderr: fileno: 2, ttyname: /dev/ttyS1
time set to : 04/14/14 07:30:06.000022839 UTC
Startup.
epicsThreadSetPriority called by non epics thread

***** RTEMS Version: rtems-6.0.0 (ARM/ARMv4/xilinx_zynq_a9_qemu) *****

***** Initializing network (libbsd, dhcpcd) *****
nexus0: <RTEMS Nexus device>
cgem0: <Cadence CGEM Gigabit Ethernet Interface> on nexus0
miibus0: <MII bus> on cgem0
e1000phy0: <Marvell 88E1111 Gigabit PHY> PHY 7 on miibus0
e1000phy0:  none, 10baseT, 10baseT-FDX, 100baseTX, 100baseTX-FDX, 1000baseT-FDX, 1000baseT-FDX-master, auto
info: cgem0: Ethernet address: 52:54:00:12:34:56
arasan_sdhci1: <Arasan SDIO> on nexus0
arasan_sdhci1-slot0: Hardware doesn't specify base clock frequency, using 50MHz as default.
arasan_sdhci1-slot0: Hardware doesn't specify timeout clock frequency, setting BROKEN_TIMEOUT quirk.
arasan_sdhci0: <Arasan SDIO> on nexus0
arasan_sdhci0-slot0: Hardware doesn't specify base clock frequency, using 50MHz as default.
arasan_sdhci0-slot0: Hardware doesn't specify timeout clock frequency, setting BROKEN_TIMEOUT quirk.
zy7_slcr0: <Zynq-7000 slcr block> on nexus0

***** ifconfig lo0 *****
info: lo0: link state changed to UP

***** add dhcpcd hook *****

***** Start default network dhcpcd *****

--Info (hpj)-- bsd task prio IRQS: 96  -----

--Info (hpj)-- bsd task prio TIME: 98  -----

 ---- Waiting for DHCP ...
info: version 6.2.1 starting
cgem0: cgem_mediachange: could not set ref clk0 to 25000000.
info: cgem0: link state changed to UP
debug: cgem0: executing `ioc boot' PREINIT

dhcpcd ---> 'interface=cgem0'
  'interface' = 'cgem0'
dhcpcd ---> 'reason=PREINIT'
  'reason' = 'PREINIT'
dhcpcd ---> 'pid=1'
dhcpcd ---> 'ifmetric=201'
dhcpcd ---> 'ifwireless=0'
dhcpcd ---> 'ifflags=4294936643'
dhcpcd ---> 'ifmtu=1500'
dhcpcd ---> 'interface_order=cgem0'
dhcpcd ---> 'if_up=false'
dhcpcd ---> 'if_down=true'
debug: cgem0: executing `ioc boot' CARRIER

dhcpcd ---> 'interface=cgem0'
  'interface' = 'cgem0'
dhcpcd ---> 'reason=CARRIER'
  'reason' = 'CARRIER'
dhcpcd ---> 'pid=1'
dhcpcd ---> 'ifmetric=201'
dhcpcd ---> 'ifwireless=0'
dhcpcd ---> 'ifflags=4294936643'
dhcpcd ---> 'ifmtu=1500'
dhcpcd ---> 'interface_order=cgem0'
dhcpcd ---> 'if_up=false'
dhcpcd ---> 'if_down=true'
info: DUID 00:01:00:01:1a:de:4a:fe:52:54:00:12:34:56
info: cgem0: IAID 00:12:34:56
info: cgem0: soliciting an IPv6 router
debug: cgem0: delaying Router Solicitation for LL address
debug: cgem0: using hwaddr 52:54:00:12:34:56
info: cgem0: soliciting a DHCP lease
debug: cgem0: sending DISCOVER (xid 0x903e8d7f), next in %0.1f seconds
info: cgem0: offered 10.0.2.15 from 10.0.2.2
debug: cgem0: sending REQUEST (xid 0x903e8d7f), next in %0.1f seconds
debug: cgem0: acknowledged 10.0.2.15 from 10.0.2.2
debug: cgem0: checking for 10.0.2.15
debug: cgem0: sending ARP probe (1 of 3), next in %0.1f seconds
info: cgem0: carrier lost
debug: cgem0: executing `ioc boot' NOCARRIER

dhcpcd ---> 'interface=cgem0'
  'interface' = 'cgem0'
dhcpcd ---> 'reason=NOCARRIER'
  'reason' = 'NOCARRIER'
dhcpcd ---> 'pid=1'
dhcpcd ---> 'ifmetric=201'
dhcpcd ---> 'ifwireless=0'
dhcpcd ---> 'ifflags=34818'
dhcpcd ---> 'ifmtu=1500'
dhcpcd ---> 'interface_order=cgem0'
dhcpcd ---> 'if_up=false'
dhcpcd ---> 'if_down=true'
info: cgem0: carrier acquired
debug: cgem0: executing `ioc boot' CARRIER

dhcpcd ---> 'interface=cgem0'
  'interface' = 'cgem0'
dhcpcd ---> 'reason=CARRIER'
  'reason' = 'CARRIER'
dhcpcd ---> 'pid=1'
dhcpcd ---> 'ifmetric=201'
dhcpcd ---> 'ifwireless=0'
dhcpcd ---> 'ifflags=4294936643'
dhcpcd ---> 'ifmtu=1500'
dhcpcd ---> 'interface_order=cgem0'
dhcpcd ---> 'if_up=false'
dhcpcd ---> 'if_down=true'
info: cgem0: IAID 00:12:34:56
info: cgem0: soliciting an IPv6 router
debug: cgem0: delaying Router Solicitation for LL address
debug: cgem0: using hwaddr 52:54:00:12:34:56
info: cgem0: soliciting a DHCP lease
debug: cgem0: sending DISCOVER (xid 0x4bbdca02), next in %0.1f seconds
info: cgem0: offered 10.0.2.15 from 10.0.2.2
debug: cgem0: sending REQUEST (xid 0x4bbdca02), next in %0.1f seconds
debug: cgem0: acknowledged 10.0.2.15 from 10.0.2.2
debug: cgem0: checking for 10.0.2.15
debug: cgem0: sending ARP probe (1 of 3), next in %0.1f seconds
debug: cgem0: sending ARP probe (2 of 3), next in %0.1f seconds
debug: cgem0: sending ARP probe (3 of 3), next in %0.1f seconds
info: cgem0: leased 10.0.2.15 for 86400 seconds
debug: cgem0: renew in 43200 seconds, rebind in 75600 seconds
debug: cgem0: adding IP address 10.0.2.15/24
info: cgem0: adding host route to 10.0.2.15 via 127.0.0.1
err: cgem0: ipv4_addroute: File exists
info: cgem0: adding route to 10.0.2.0/24
err: cgem0: ipv4_addroute: File exists
info: cgem0: adding default route via 10.0.2.2
debug: cgem0: writing lease `/var/db/dhcpcd-cgem0.lease'
debug: cgem0: executing `ioc boot' BOUND

dhcpcd ---> 'interface=cgem0'
  'interface' = 'cgem0'
dhcpcd ---> 'reason=BOUND'
  'reason' = 'BOUND'
  is BOUND
dhcpcd ---> 'pid=1'
dhcpcd ---> 'ifmetric=201'
dhcpcd ---> 'ifwireless=0'
dhcpcd ---> 'ifflags=4294936643'
dhcpcd ---> 'ifmtu=1500'
dhcpcd ---> 'interface_order=cgem0'
dhcpcd ---> 'if_up=true'
dhcpcd ---> 'if_down=false'
dhcpcd ---> 'new_ip_address=10.0.2.15'
dhcpcd ---> 'new_subnet_cidr=24'
dhcpcd ---> 'new_broadcast_address=10.0.2.255'
dhcpcd ---> 'new_network_number=10.0.2.0'
dhcpcd ---> 'new_subnet_mask=255.255.255.0'
dhcpcd ---> 'new_routers=10.0.2.2'
dhcpcd ---> 'new_domain_name_servers=10.0.2.3'
dhcpcd ---> 'new_dhcp_lease_time=86400'
dhcpcd ---> 'new_dhcp_message_type=5'
dhcpcd ---> 'new_dhcp_server_identifier=10.0.2.2'
dhcpd BOUND
debug: cgem0: sending ARP announce (1 of 2), next in 2.0 seconds
-------------- IFCONFIG -----------------
cgem0: flags=8843<UP,BROADCAST,RUNNING,SIMPLEX,MULTICAST> metric 0 mtu 1500
        options=80008<VLAN_MTU,LINKSTATE>
        ether 52:54:00:12:34:56
        inet6 fe80::5054:ff:fe12:3456%cgem0 prefixlen 64 scopeid 0x1
        inet 10.0.2.15 netmask 0xffffff00 broadcast 10.0.2.255
        nd6 options=21<PERFORMNUD,AUTO_LINKLOCAL>
        media: Ethernet autoselect (100baseTX <full-duplex>)
        status: active
lo0: flags=8049<UP,LOOPBACK,RUNNING,MULTICAST> metric 0 mtu 16384
        options=680003<RXCSUM,TXCSUM,LINKSTATE,RXCSUM_IPV6,TXCSUM_IPV6>
        inet 127.0.0.1 netmask 0xffffff00
        inet6 ::1 prefixlen 128
        inet6 fe80::1%lo0 prefixlen 64 scopeid 0x2
        nd6 options=21<PERFORMNUD,AUTO_LINKLOCAL>
        groups: lo
-------------- NETSTAT ------------------
Routing tables

Internet:
Destination        Gateway            Flags     Netif Expire
default            10.0.2.2           UGS       cgem0
10.0.2.0/24        link#1             U         cgem0
10.0.2.15          link#1             UHS         lo0
127.0.0.1          link#2             UH          lo0

Internet6:
Destination                       Gateway                       Flags     Netif Expire
::1                               link#2                        UH          lo0
fe80::%cgem0/64                   link#1                        U         cgem0
fe80::5054:ff:fe12:3456%cgem0     link#1                        UHS         lo0
fe80::%lo0/64                     link#2                        U           lo0
fe80::1%lo0                       link#2                        UHS         lo0

***** Until now no NTP support in RTEMS 5 with rtems-libbsd *****

***** Ask ntp server once... *****
***** No NTP server ...

***** Setting up file system *****
***** cioc: loading compiled-in memory filesystem *****
-> /st.cmd - ok
-> /dbd/cioc.dbd - ok
-> /db/cioctest.db - ok
***** Initializing NFS *****
 check for time registered , C++ initialization ...
***** Preparing EPICS application *****
chdir("/")
***** Starting EPICS application *****
[1mepicsEnvSet("EPICS_CA_SERVER_PORT","5164")[0m
[1mdbLoadDatabase("dbd/cioc.dbd")[0m
[1mcioc_registerRecordDeviceDriver(pdbbase)[0m
[1mdbLoadRecords("db/cioctest.db")[0m
[1miocInit[0m
Starting iocInit
############################################################################
## EPICS R7.0.10
## Rev. R7.0.10-dirty
## Rev. Date Git: 2025-12-15 17:11:22 -0600
############################################################################
iocRun: All initialization complete
[1mdbl[0m
CIOC:AI1
CIOC:AO
CIOC:BI1
CIOC:HB100
CIOC:HB1000
CIOC:LI1
CIOC:SI1
CIOC:WF
RTEMShost> cgem0: sending ARP announce (2 of 2)epicsEnvSet("EPICS_CA_NAME_SERVERS","10.0.2.2:5064")
RTEMShost> epicsEnvSet("EPICS_CA_ADDR_LIST","")
RTEMShost> epicsEnvSet("EPICS_CA_AUTO_ADDR_LIST","NO")
RTEMShost> caloop 8 TEST:AI 1
CALOOP done n=8 mode=1 connected=8 failed=0 ctxfail=0
RTEMShost> caloop 7 TEST:AI 1
CALOOP done n=7 mode=1 connected=7 failed=0 ctxfail=0
RTEMShost> timed outallowing 8 seconds for IPv4LL timeouttimed out#=== C0-mode1-baseline ===
RTEMShost> rt malloc
C Program Heap and RTEMS Workspace are the same.
Number of free blocks:                             237
Largest free block:                          224491840
Total bytes free:                            225799120
Number of used blocks:                           18835
Largest used block:                            8388616
Total bytes used:                             34754728
Size of the allocatable area in bytes:       260553848
Minimum free size ever in bytes:             225024480
Maximum number of free blocks ever:                240
Maximum number of blocks searched ever:            191
Lifetime number of bytes allocated:           86426040
Lifetime number of bytes freed:               51668936
Total number of searches:                        77524
Total number of successful allocations:          20509
Total number of failed allocations:                  0
Total number of successful frees:                 1674
Total number of successful resizes:                 51
RTEMShost> #=== END C0-mode1-baseline ===
RTEMShost> caloop 8 TEST:AI 1
CALOOP done n=8 mode=1 connected=8 failed=0 ctxfail=0
RTEMShost> caloop 8 TEST:AI 1
CALOOP done n=8 mode=1 connected=8 failed=0 ctxfail=0
RTEMShost> caloop 8 TEST:AI 1
CALOOP done n=8 mode=1 connected=8 failed=0 ctxfail=0
RTEMShost> caloop 8 TEST:AI 1
CALOOP done n=8 mode=1 connected=8 failed=0 ctxfail=0
RTEMShost> caloop 8 TEST:AI 1
CALOOP done n=8 mode=1 connected=8 failed=0 ctxfail=0
RTEMShost> #=== C1-mode1-batchA-40 ===
RTEMShost> rt malloc
C Program Heap and RTEMS Workspace are the same.
Number of free blocks:                             564
Largest free block:                          224491840
Total bytes free:                            225771928
Number of used blocks:                           19692
Largest used block:                            8388616
Total bytes used:                             34781920
Size of the allocatable area in bytes:       260553848
Minimum free size ever in bytes:             224997024
Maximum number of free blocks ever:                568
Maximum number of blocks searched ever:            519
Lifetime number of bytes allocated:          225228248
Lifetime number of bytes freed:              190442552
Total number of searches:                       245229
Total number of successful allocations:          24487
Total number of failed allocations:                  0
Total number of successful frees:                 4795
Total number of successful resizes:                 57
RTEMShost> #=== END C1-mode1-batchA-40 ===
RTEMShost> caloop 8 TEST:AI 1
CALOOP done n=8 mode=1 connected=8 failed=0 ctxfail=0
RTEMShost> caloop 8 TEST:AI 1
CALOOP done n=8 mode=1 connected=8 failed=0 ctxfail=0
RTEMShost> caloop 8 TEST:AI 1
CALOOP done n=8 mode=1 connected=8 failed=0 ctxfail=0
RTEMShost> caloop 8 TEST:AI 1
CALOOP done n=8 mode=1 connected=8 failed=0 ctxfail=0
RTEMShost> caloop 8 TEST:AI 1
CALOOP done n=8 mode=1 connected=8 failed=0 ctxfail=0
RTEMShost> #=== C2-mode1-batchB-40 ===
RTEMShost> rt malloc
C Program Heap and RTEMS Workspace are the same.
Number of free blocks:                             774
Largest free block:                          224491840
Total bytes free:                            225745200
Number of used blocks:                           20532
Largest used block:                            8388616
Total bytes used:                             34808648
Size of the allocatable area in bytes:       260553848
Minimum free size ever in bytes:             224970272
Maximum number of free blocks ever:                775
Maximum number of blocks searched ever:            725
Lifetime number of bytes allocated:          364030992
Lifetime number of bytes freed:              329217168
Total number of searches:                       568445
Total number of successful allocations:          28471
Total number of failed allocations:                  0
Total number of successful frees:                 7939
Total number of successful resizes:                 63
RTEMShost> #=== END C2-mode1-batchB-40 ===
RTEMShost> #=== SINGLE1 reset ===
RTEMShost> evtrace reset
EVTRACE reset
RTEMShost> evtrace on
EVTRACE on n=0
RTEMShost> caloop 1 TEST:AI 1
CALOOP done n=1 mode=1 connected=1 failed=0 ctxfail=0
RTEMShost> evtrace off
EVTRACE off n=40
RTEMShost> #=== SINGLE1 count ===
RTEMShost> evtrace count
EVTRACE count n=40 cap=20000 on=0
RTEMShost> #=== SINGLE1 dump ===
RTEMShost> evtrace dump
EVTRACE dump begin n=40 cap=20000 overflow=0
EVT 0 C 0x1b8ee98 0x16d70f
EVT 1 C 0x1b8e1e0 0x16d70f
EVT 2 C 0x1b73280 0x16d70f
EVT 3 C 0x1b98678 0x16d70f
EVT 4 C 0x1b95f88 0x16d70f
EVT 5 C 0x1b98a40 0x16d70f
EVT 6 C 0x1b8f3f0 0x16d70f
EVT 7 C 0x1b904d0 0x16d70f
EVT 8 C 0x1b904f0 0x16f49f
EVT 9 C 0x1b8e390 0x16d70f
EVT 10 C 0x1b8e3b0 0x16d70f
EVT 11 C 0x1b8ecb0 0x16f49f
EVT 12 C 0x1b8ecd0 0x16d70f
EVT 13 C 0x1b8ecf0 0x16d70f
EVT 14 C 0x1b907d8 0x16f49f
EVT 15 C 0x1b907f8 0x16d70f
EVT 16 C 0x1b8ff58 0x16d70f
EVT 17 C 0x1b8da68 0x16d70f
EVT 18 C 0x1b8ffd0 0x16d70f
EVT 19 C 0x1b8fff0 0x16f49f
EVT 20 D 0x1b8fff0 0x16f893
EVT 21 D 0x1b8ecb0 0x16f893
EVT 22 D 0x1b8ff58 0x16d743
EVT 23 D 0x1b907f8 0x16d743
EVT 24 D 0x1b8ecf0 0x16d743
EVT 25 D 0x1b8ecd0 0x16d743
EVT 26 D 0x1b8e3b0 0x16d743
EVT 27 D 0x1b8e390 0x16d743
EVT 28 D 0x1b907d8 0x16f893
EVT 29 D 0x1b8ffd0 0x16d743
EVT 30 D 0x1b8da68 0x16d743
EVT 31 D 0x1b904f0 0x16f893
EVT 32 D 0x1b904d0 0x16d743
EVT 33 D 0x1b8f3f0 0x16d743
EVT 34 D 0x1b98a40 0x16d743
EVT 35 D 0x1b95f88 0x16d743
EVT 36 D 0x1b98678 0x16d743
EVT 37 D 0x1b73280 0x16d743
EVT 38 D 0x1b8e1e0 0x16d743
EVT 39 D 0x1b8ee98 0x16d743
EVTRACE dump end
RTEMShost> #=== SINGLE1 end ===
RTEMShost> #=== SINGLE0 reset ===
RTEMShost> evtrace reset
EVTRACE reset
RTEMShost> evtrace on
EVTRACE on n=0
RTEMShost> caloop 1 TEST:AI 0
CALOOP done n=1 mode=0 connected=0 failed=0 ctxfail=0
RTEMShost> evtrace off
EVTRACE off n=4
RTEMShost> #=== SINGLE0 count ===
RTEMShost> evtrace count
EVTRACE count n=4 cap=20000 on=0
RTEMShost> #=== SINGLE0 dump ===
RTEMShost> evtrace dump
EVTRACE dump begin n=4 cap=20000 overflow=0
EVT 0 C 0x1b8fb38 0x16d70f
EVT 1 C 0x1b90c30 0x16d70f
EVT 2 D 0x1b90c30 0x16d743
EVT 3 D 0x1b8fb38 0x16d743
EVTRACE dump end
RTEMShost> #=== SINGLE0 end ===
RTEMShost> 