qemu-system-arm: warning: nic cadence_gem.1 has no peer
WARNING: OS Clock time was read before being set.
Using 1990-01-02 00:00:00.000000 UTC

 initConsole --- Info ---
stdin: fileno: 0, ttyname: /dev/ttyS1
stdout: fileno: 1, ttyname: /dev/ttyS1
stderr: fileno: 2, ttyname: /dev/ttyS1
time set to : 04/14/14 07:30:06.000022499 UTC
Startup.
epicsThreadSetPriority called by non epics thread

***** RTEMS Version: rtems-6.0.0 (ARM/ARMv4/xilinx_zynq_a9_qemu) *****

***** Initializing network (libbsd, dhcpcd) *****
nexus0: <RTEMS Nexus device>
cgem0: <Cadence CGEM Gigabit Ethernet Interface> on nexus0
miibus0: <MII bus> on cgem0
e1000phy0: <Marvell 88E1111 Gigabit PHY> PHY 7 on miibus0
e1000phy0:  none, 10baseT, 10baseT-FDX, 100baseTX, 100baseTX-FDX, 1000baseT-FDX, 1000baseT-FDX-master, auto
info: cgem0: Ethernet address: 52:54:00:12:34:56
arasan_sdhci1: <Arasan SDIO> on nexus0
arasan_sdhci1-slot0: Hardware doesn't specify base clock frequency, using 50MHz as default.
arasan_sdhci1-slot0: Hardware doesn't specify timeout clock frequency, setting BROKEN_TIMEOUT quirk.
arasan_sdhci0: <Arasan SDIO> on nexus0
arasan_sdhci0-slot0: Hardware doesn't specify base clock frequency, using 50MHz as default.
arasan_sdhci0-slot0: Hardware doesn't specify timeout clock frequency, setting BROKEN_TIMEOUT quirk.
zy7_slcr0: <Zynq-7000 slcr block> on nexus0

***** ifconfig lo0 *****
info: lo0: link state changed to UP

***** add dhcpcd hook *****

***** Start default network dhcpcd *****

--Info (hpj)-- bsd task prio IRQS: 96  -----

--Info (hpj)-- bsd task prio TIME: 98  -----

 ---- Waiting for DHCP ...
info: version 6.2.1 starting
cgem0: cgem_mediachange: could not set ref clk0 to 25000000.
info: cgem0: link state changed to UP
debug: cgem0: executing `ioc boot' PREINIT

dhcpcd ---> 'interface=cgem0'
  'interface' = 'cgem0'
dhcpcd ---> 'reason=PREINIT'
  'reason' = 'PREINIT'
dhcpcd ---> 'pid=1'
dhcpcd ---> 'ifmetric=201'
dhcpcd ---> 'ifwireless=0'
dhcpcd ---> 'ifflags=4294936643'
dhcpcd ---> 'ifmtu=1500'
dhcpcd ---> 'interface_order=cgem0'
dhcpcd ---> 'if_up=false'
dhcpcd ---> 'if_down=true'
debug: cgem0: executing `ioc boot' CARRIER

dhcpcd ---> 'interface=cgem0'
  'interface' = 'cgem0'
dhcpcd ---> 'reason=CARRIER'
  'reason' = 'CARRIER'
dhcpcd ---> 'pid=1'
dhcpcd ---> 'ifmetric=201'
dhcpcd ---> 'ifwireless=0'
dhcpcd ---> 'ifflags=4294936643'
dhcpcd ---> 'ifmtu=1500'
dhcpcd ---> 'interface_order=cgem0'
dhcpcd ---> 'if_up=false'
dhcpcd ---> 'if_down=true'
info: DUID 00:01:00:01:1a:de:4a:fe:52:54:00:12:34:56
info: cgem0: IAID 00:12:34:56
info: cgem0: soliciting an IPv6 router
debug: cgem0: delaying Router Solicitation for LL address
debug: cgem0: using hwaddr 52:54:00:12:34:56
info: cgem0: soliciting a DHCP lease
debug: cgem0: sending DISCOVER (xid 0x6295ba77), next in %0.1f seconds
info: cgem0: offered 10.0.2.15 from 10.0.2.2
debug: cgem0: sending REQUEST (xid 0x6295ba77), next in %0.1f seconds
debug: cgem0: acknowledged 10.0.2.15 from 10.0.2.2
debug: cgem0: checking for 10.0.2.15
debug: cgem0: sending ARP probe (1 of 3), next in %0.1f seconds
info: cgem0: carrier lost
debug: cgem0: executing `ioc boot' NOCARRIER

dhcpcd ---> 'interface=cgem0'
  'interface' = 'cgem0'
dhcpcd ---> 'reason=NOCARRIER'
  'reason' = 'NOCARRIER'
dhcpcd ---> 'pid=1'
dhcpcd ---> 'ifmetric=201'
dhcpcd ---> 'ifwireless=0'
dhcpcd ---> 'ifflags=34818'
dhcpcd ---> 'ifmtu=1500'
dhcpcd ---> 'interface_order=cgem0'
dhcpcd ---> 'if_up=false'
dhcpcd ---> 'if_down=true'
info: cgem0: carrier acquired
debug: cgem0: executing `ioc boot' CARRIER

dhcpcd ---> 'interface=cgem0'
  'interface' = 'cgem0'
dhcpcd ---> 'reason=CARRIER'
  'reason' = 'CARRIER'
dhcpcd ---> 'pid=1'
dhcpcd ---> 'ifmetric=201'
dhcpcd ---> 'ifwireless=0'
dhcpcd ---> 'ifflags=4294936643'
dhcpcd ---> 'ifmtu=1500'
dhcpcd ---> 'interface_order=cgem0'
dhcpcd ---> 'if_up=false'
dhcpcd ---> 'if_down=true'
info: cgem0: IAID 00:12:34:56
info: cgem0: soliciting an IPv6 router
debug: cgem0: delaying Router Solicitation for LL address
debug: cgem0: using hwaddr 52:54:00:12:34:56
info: cgem0: soliciting a DHCP lease
debug: cgem0: sending DISCOVER (xid 0x46270a18), next in %0.1f seconds
info: cgem0: offered 10.0.2.15 from 10.0.2.2
debug: cgem0: sending REQUEST (xid 0x46270a18), next in %0.1f seconds
debug: cgem0: acknowledged 10.0.2.15 from 10.0.2.2
debug: cgem0: checking for 10.0.2.15
debug: cgem0: sending ARP probe (1 of 3), next in %0.1f seconds
debug: cgem0: sending ARP probe (2 of 3), next in %0.1f seconds
debug: cgem0: sending ARP probe (3 of 3), next in %0.1f seconds
info: cgem0: leased 10.0.2.15 for 86400 seconds
debug: cgem0: renew in 43200 seconds, rebind in 75600 seconds
debug: cgem0: adding IP address 10.0.2.15/24
info: cgem0: adding host route to 10.0.2.15 via 127.0.0.1
err: cgem0: ipv4_addroute: File exists
info: cgem0: adding route to 10.0.2.0/24
err: cgem0: ipv4_addroute: File exists
info: cgem0: adding default route via 10.0.2.2
debug: cgem0: writing lease `/var/db/dhcpcd-cgem0.lease'
debug: cgem0: executing `ioc boot' BOUND

dhcpcd ---> 'interface=cgem0'
  'interface' = 'cgem0'
dhcpcd ---> 'reason=BOUND'
  'reason' = 'BOUND'
  is BOUND
dhcpcd ---> 'pid=1'
dhcpcd ---> 'ifmetric=201'
dhcpcd ---> 'ifwireless=0'
dhcpcd ---> 'ifflags=4294936643'
dhcpcd ---> 'ifmtu=1500'
dhcpcd ---> 'interface_order=cgem0'
dhcpcd ---> 'if_up=true'
dhcpcd ---> 'if_down=false'
dhcpcd ---> 'new_ip_address=10.0.2.15'
dhcpcd ---> 'new_subnet_cidr=24'
dhcpcd ---> 'new_broadcast_address=10.0.2.255'
dhcpcd ---> 'new_network_number=10.0.2.0'
dhcpcd ---> 'new_subnet_mask=255.255.255.0'
dhcpcd ---> 'new_routers=10.0.2.2'
dhcpcd ---> 'new_domain_name_servers=10.0.2.3'
dhcpcd ---> 'new_dhcp_lease_time=86400'
dhcpcd ---> 'new_dhcp_message_type=5'
dhcpcd ---> 'new_dhcp_server_identifier=10.0.2.2'
dhcpd BOUND
debug: cgem0: sending ARP announce (1 of 2), next in 2.0 seconds
-------------- IFCONFIG -----------------
cgem0: flags=8843<UP,BROADCAST,RUNNING,SIMPLEX,MULTICAST> metric 0 mtu 1500
        options=80008<VLAN_MTU,LINKSTATE>
        ether 52:54:00:12:34:56
        inet6 fe80::5054:ff:fe12:3456%cgem0 prefixlen 64 scopeid 0x1
        inet 10.0.2.15 netmask 0xffffff00 broadcast 10.0.2.255
        nd6 options=21<PERFORMNUD,AUTO_LINKLOCAL>
        media: Ethernet autoselect (100baseTX <full-duplex>)
        status: active
lo0: flags=8049<UP,LOOPBACK,RUNNING,MULTICAST> metric 0 mtu 16384
        options=680003<RXCSUM,TXCSUM,LINKSTATE,RXCSUM_IPV6,TXCSUM_IPV6>
        inet 127.0.0.1 netmask 0xffffff00
        inet6 ::1 prefixlen 128
        inet6 fe80::1%lo0 prefixlen 64 scopeid 0x2
        nd6 options=21<PERFORMNUD,AUTO_LINKLOCAL>
        groups: lo
-------------- NETSTAT ------------------
Routing tables

Internet:
Destination        Gateway            Flags     Netif Expire
default            10.0.2.2           UGS       cgem0
10.0.2.0/24        link#1             U         cgem0
10.0.2.15          link#1             UHS         lo0
127.0.0.1          link#2             UH          lo0

Internet6:
Destination                       Gateway                       Flags     Netif Expire
::1                               link#2                        UH          lo0
fe80::%cgem0/64                   link#1                        U         cgem0
fe80::5054:ff:fe12:3456%cgem0     link#1                        UHS         lo0
fe80::%lo0/64                     link#2                        U           lo0
fe80::1%lo0                       link#2                        UHS         lo0

***** Until now no NTP support in RTEMS 5 with rtems-libbsd *****

***** Ask ntp server once... *****
***** No NTP server ...

***** Setting up file system *****
***** cioc: loading compiled-in memory filesystem *****
-> /st.cmd - ok
-> /dbd/cioc.dbd - ok
-> /db/cioctest.db - ok
***** Initializing NFS *****
 check for time registered , C++ initialization ...
***** Preparing EPICS application *****
chdir("/")
***** Starting EPICS application *****
[1mepicsEnvSet("EPICS_CA_SERVER_PORT","5164")[0m
[1mdbLoadDatabase("dbd/cioc.dbd")[0m
[1mcioc_registerRecordDeviceDriver(pdbbase)[0m
[1mdbLoadRecords("db/cioctest.db")[0m
[1miocInit[0m
Starting iocInit
############################################################################
## EPICS R7.0.10
## Rev. R7.0.10-dirty
## Rev. Date Git: 2025-12-15 17:11:22 -0600
############################################################################
iocRun: All initialization complete
[1mdbl[0m
CIOC:AI1
CIOC:AO
CIOC:BI1
CIOC:HB100
CIOC:HB1000
CIOC:LI1
CIOC:SI1
CIOC:WF
RTEMShost> cgem0: sending ARP announce (2 of 2)timed outallowing 8 seconds for IPv4LL timeouttimed out#=== ATTR reset ===
RTEMShost> evtrace reset
EVTRACE reset
RTEMShost> evtrace on
EVTRACE on n=0
RTEMShost> evtrace off
EVTRACE off n=30
RTEMShost> #=== ATTR count ===
RTEMShost> evtrace count
EVTRACE count n=30 cap=20000 on=0
RTEMShost> #=== ATTR dump ===
RTEMShost> evtrace dump
EVTRACE dump begin n=30 cap=20000 overflow=0
EVT 0 C 0x7a06d8 0x147e17
EVT 1 C 0x7a08d0 0x12fdcb
EVT 2 C 0x7a0948 0x12fded
EVT 3 C 0x7a0a58 0x16f49f
EVT 4 C 0x7a0b88 0x16f49f
EVT 5 D 0x7a0a58 0x16f893
EVT 6 D 0x7a0948 0x12fe73
EVT 7 D 0x7a08d0 0x12fe7b
EVT 8 D 0x7a06d8 0x147c39
EVT 9 D 0x7a0b88 0x16f893
EVT 10 C 0x7a0a98 0x147e17
EVT 11 C 0x7a0b68 0x12fdcb
EVT 12 C 0x7a0d88 0x12fded
EVT 13 C 0x7a0e98 0x16f49f
EVT 14 C 0x7a0bc8 0x16f49f
EVT 15 D 0x7a0e98 0x16f893
EVT 16 D 0x7a0d88 0x12fe73
EVT 17 D 0x7a0b68 0x12fe7b
EVT 18 D 0x7a0a98 0x147c39
EVT 19 D 0x7a0bc8 0x16f893
EVT 20 C 0x1855538 0x147e17
EVT 21 C 0x1855608 0x12fdcb
EVT 22 C 0x7a0d48 0x12fded
EVT 23 C 0x7a0d68 0x16f49f
EVT 24 C 0x7a0ab8 0x16f49f
EVT 25 D 0x7a0d68 0x16f893
EVT 26 D 0x7a0d48 0x12fe73
EVT 27 D 0x1855608 0x12fe7b
EVT 28 D 0x1855538 0x147c39
EVT 29 D 0x7a0ab8 0x16f893
EVTRACE dump end
RTEMShost> #=== ATTR end ===
RTEMShost> epicsEnvSet("EPICS_CA_AUTO_ADDR_LIST","NO")
RTEMShost> epicsEnvSet("EPICS_CA_ADDR_LIST","10.0.2.15")
RTEMShost> epicsEnvSet("EPICS_CA_SERVER_PORT","5164")
RTEMShost> #=== CALOOP probe ===
RTEMShost> caloop 1 CIOC:AI1 1
dbContext: preemptive callback required for direct in
memory interfacing of CA channels to the DB.
CALOOP done n=1 mode=1 connected=0 failed=1 ctxfail=0
RTEMShost> epicsEnvSet("EPICS_CA_NAME_SERVERS","10.0.2.2:5064")
RTEMShost> epicsEnvSet("EPICS_CA_ADDR_LIST","")
RTEMShost> epicsEnvSet("EPICS_CA_AUTO_ADDR_LIST","NO")
RTEMShost> #=== CALOOP remote probe ===
RTEMShost> caloop 1 TEST:AI 1
CALOOP done n=1 mode=1 connected=1 failed=0 ctxfail=0
RTEMShost> #=== TIMING50 start ===
RTEMShost> caloop 50 TEST:AI 1
[zone: socket] kern.ipc.maxsockets limit reached
CALOOP done n=50 mode=1 connected=50 failed=0 ctxfail=0
RTEMShost> epicsEnvSet("EPICS_CA_NAME_SERVERS","10.0.2.2:5064")
RTEMShost> epicsEnvSet("EPICS_CA_ADDR_LIST","")
RTEMShost> epicsEnvSet("EPICS_CA_AUTO_ADDR_LIST","NO")
RTEMShost> caloop 25 TEST:AI 0
CALOOP done n=25 mode=0 connected=0 failed=0 ctxfail=0
RTEMShost> caloop 5 TEST:AI 0
CALOOP done n=5 mode=0 connected=0 failed=0 ctxfail=0
RTEMShost> #=== A0-mode0-baseline ===
RTEMShost> rt malloc
C Program Heap and RTEMS Workspace are the same.
Number of free blocks:                             705
Largest free block:                          142189816
Total bytes free:                            225484512
Number of used blocks:                           19671
Largest used block:                            8388616
Total bytes used:                             35069336
Size of the allocatable area in bytes:       260553848
Minimum free size ever in bytes:             224710200
Maximum number of free blocks ever:                742
Maximum number of blocks searched ever:             80
Lifetime number of bytes allocated:          216424352
Lifetime number of bytes freed:              181349504
Total number of searches:                        76607
Total number of successful allocations:          24471
Total number of failed allocations:                  0
Total number of successful frees:                 4800
Total number of successful resizes:                 66
RTEMShost> #=== END A0-mode0-baseline ===
RTEMShost> caloop 25 TEST:AI 0
CALOOP done n=25 mode=0 connected=0 failed=0 ctxfail=0
RTEMShost> caloop 25 TEST:AI 0
CALOOP done n=25 mode=0 connected=0 failed=0 ctxfail=0
RTEMShost> caloop 25 TEST:AI 0
CALOOP done n=25 mode=0 connected=0 failed=0 ctxfail=0
RTEMShost> caloop 25 TEST:AI 0
CALOOP done n=25 mode=0 connected=0 failed=0 ctxfail=0
RTEMShost> caloop 25 TEST:AI 0
CALOOP done n=25 mode=0 connected=0 failed=0 ctxfail=0
RTEMShost> caloop 25 TEST:AI 0
CALOOP done n=25 mode=0 connected=0 failed=0 ctxfail=0
RTEMShost> caloop 25 TEST:AI 0
CALOOP done n=25 mode=0 connected=0 failed=0 ctxfail=0
RTEMShost> caloop 25 TEST:AI 0
CALOOP done n=25 mode=0 connected=0 failed=0 ctxfail=0
RTEMShost> #=== A1-mode0-batchA ===
RTEMShost> rt malloc
C Program Heap and RTEMS Workspace are the same.
Number of free blocks:                             794
Largest free block:                          142189816
Total bytes free:                            225471712
Number of used blocks:                           20071
Largest used block:                            8388616
Total bytes used:                             35082136
Size of the allocatable area in bytes:       260553848
Minimum free size ever in bytes:             224710200
Maximum number of free blocks ever:                796
Maximum number of blocks searched ever:             80
Lifetime number of bytes allocated:          216554896
Lifetime number of bytes freed:              181465152
Total number of searches:                        80752
Total number of successful allocations:          26296
Total number of failed allocations:                  0
Total number of successful frees:                 6225
Total number of successful resizes:                 75
RTEMShost> #=== END A1-mode0-batchA ===
RTEMShost> caloop 25 TEST:AI 0
CALOOP done n=25 mode=0 connected=0 failed=0 ctxfail=0
RTEMShost> caloop 25 TEST:AI 0
CALOOP done n=25 mode=0 connected=0 failed=0 ctxfail=0
RTEMShost> caloop 25 TEST:AI 0
CALOOP done n=25 mode=0 connected=0 failed=0 ctxfail=0
RTEMShost> caloop 25 TEST:AI 0
CALOOP done n=25 mode=0 connected=0 failed=0 ctxfail=0
RTEMShost> caloop 25 TEST:AI 0
CALOOP done n=25 mode=0 connected=0 failed=0 ctxfail=0
RTEMShost> caloop 25 TEST:AI 0
CALOOP done n=25 mode=0 connected=0 failed=0 ctxfail=0
RTEMShost> caloop 25 TEST:AI 0
CALOOP done n=25 mode=0 connected=0 failed=0 ctxfail=0
RTEMShost> caloop 25 TEST:AI 0
CALOOP done n=25 mode=0 connected=0 failed=0 ctxfail=0
RTEMShost> #=== A2-mode0-batchB ===
RTEMShost> rt malloc
C Program Heap and RTEMS Workspace are the same.
Number of free blocks:                             794
Largest free block:                          142189816
Total bytes free:                            225458912
Number of used blocks:                           20471
Largest used block:                            8388616
Total bytes used:                             35094936
Size of the allocatable area in bytes:       260553848
Minimum free size ever in bytes:             224710200
Maximum number of free blocks ever:                831
Maximum number of blocks searched ever:             80
Lifetime number of bytes allocated:          216685632
Lifetime number of bytes freed:              181580992
Total number of searches:                        84552
Total number of successful allocations:          28121
Total number of failed allocations:                  0
Total number of successful frees:                 7650
Total number of successful resizes:                 84
RTEMShost> #=== END A2-mode0-batchB ===
RTEMShost> caloop 25 TEST:AI 1
CALOOP done n=25 mode=1 connected=25 failed=0 ctxfail=0
RTEMShost> caloop 5 TEST:AI 1
CALOOP done n=5 mode=1 connected=5 failed=0 ctxfail=0
RTEMShost> #=== B0-mode1-baseline ===
RTEMShost> rt malloc
C Program Heap and RTEMS Workspace are the same.
Number of free blocks:                            1169
Largest free block:                          120859280
Total bytes free:                            225438168
Number of used blocks:                           21131
Largest used block:                            8388616
Total bytes used:                             35115680
Size of the allocatable area in bytes:       260553848
Minimum free size ever in bytes:             224663536
Maximum number of free blocks ever:               1171
Maximum number of blocks searched ever:            103
Lifetime number of bytes allocated:          320786160
Lifetime number of bytes freed:              285660072
Total number of searches:                        92060
Total number of successful allocations:          31101
Total number of failed allocations:                  0
Total number of successful frees:                 9970
Total number of successful resizes:                 87
RTEMShost> #=== END B0-mode1-baseline ===
RTEMShost> caloop 25 TEST:AI 1
epicsSocketEnableAddressReuseDuringTimeWaitState: unable to set SO_REUSEADDR?
epicsSocketDestroy: failed to close a socket because "Bad file number"
../repeater.cpp: Unable to create repeater socket because "No buffer space available" - fatal
CAC: unable to create datagram socket because = "No buffer space available"
Thread  (0x91ddcd8) suspended
