qemu-system-arm: warning: nic cadence_gem.1 has no peer
WARNING: OS Clock time was read before being set.
Using 1990-01-02 00:00:00.000000 UTC

 initConsole --- Info ---
stdin: fileno: 0, ttyname: /dev/ttyS1
stdout: fileno: 1, ttyname: /dev/ttyS1
stderr: fileno: 2, ttyname: /dev/ttyS1
time set to : 04/14/14 07:30:06.000060009 UTC
Startup.
epicsThreadSetPriority called by non epics thread

***** RTEMS Version: rtems-6.0.0 (ARM/ARMv4/xilinx_zynq_a9_qemu) *****

***** Initializing network (libbsd, dhcpcd) *****
nexus0: <RTEMS Nexus device>
cgem0: <Cadence CGEM Gigabit Ethernet Interface> on nexus0
miibus0: <MII bus> on cgem0
e1000phy0: <Marvell 88E1111 Gigabit PHY> PHY 7 on miibus0
e1000phy0:  none, 10baseT, 10baseT-FDX, 100baseTX, 100baseTX-FDX, 1000baseT-FDX, 1000baseT-FDX-master, auto
info: cgem0: Ethernet address: 52:54:00:12:34:56
arasan_sdhci1: <Arasan SDIO> on nexus0
arasan_sdhci1-slot0: Hardware doesn't specify base clock frequency, using 50MHz as default.
arasan_sdhci1-slot0: Hardware doesn't specify timeout clock frequency, setting BROKEN_TIMEOUT quirk.
arasan_sdhci0: <Arasan SDIO> on nexus0
arasan_sdhci0-slot0: Hardware doesn't specify base clock frequency, using 50MHz as default.
arasan_sdhci0-slot0: Hardware doesn't specify timeout clock frequency, setting BROKEN_TIMEOUT quirk.
zy7_slcr0: <Zynq-7000 slcr block> on nexus0

***** ifconfig lo0 *****
info: lo0: link state changed to UP

***** add dhcpcd hook *****

***** Start default network dhcpcd *****

--Info (hpj)-- bsd task prio IRQS: 96  -----

--Info (hpj)-- bsd task prio TIME: 98  -----

 ---- Waiting for DHCP ...
info: version 6.2.1 starting
cgem0: cgem_mediachange: could not set ref clk0 to 25000000.
info: cgem0: link state changed to UP
debug: cgem0: executing `ioc boot' PREINIT

dhcpcd ---> 'interface=cgem0'
  'interface' = 'cgem0'
dhcpcd ---> 'reason=PREINIT'
  'reason' = 'PREINIT'
dhcpcd ---> 'pid=1'
dhcpcd ---> 'ifmetric=201'
dhcpcd ---> 'ifwireless=0'
dhcpcd ---> 'ifflags=4294936643'
dhcpcd ---> 'ifmtu=1500'
dhcpcd ---> 'interface_order=cgem0'
dhcpcd ---> 'if_up=false'
dhcpcd ---> 'if_down=true'
debug: cgem0: executing `ioc boot' CARRIER

dhcpcd ---> 'interface=cgem0'
  'interface' = 'cgem0'
dhcpcd ---> 'reason=CARRIER'
  'reason' = 'CARRIER'
dhcpcd ---> 'pid=1'
dhcpcd ---> 'ifmetric=201'
dhcpcd ---> 'ifwireless=0'
dhcpcd ---> 'ifflags=4294936643'
dhcpcd ---> 'ifmtu=1500'
dhcpcd ---> 'interface_order=cgem0'
dhcpcd ---> 'if_up=false'
dhcpcd ---> 'if_down=true'
info: DUID 00:01:00:01:1a:de:4a:fe:52:54:00:12:34:56
info: cgem0: IAID 00:12:34:56
info: cgem0: soliciting an IPv6 router
debug: cgem0: delaying Router Solicitation for LL address
debug: cgem0: using hwaddr 52:54:00:12:34:56
info: cgem0: soliciting a DHCP lease
debug: cgem0: sending DISCOVER (xid 0xd8a65554), next in %0.1f seconds
info: cgem0: offered 10.0.2.15 from 10.0.2.2
debug: cgem0: sending REQUEST (xid 0xd8a65554), next in %0.1f seconds
debug: cgem0: acknowledged 10.0.2.15 from 10.0.2.2
debug: cgem0: checking for 10.0.2.15
debug: cgem0: sending ARP probe (1 of 3), next in %0.1f seconds
info: cgem0: carrier lost
debug: cgem0: executing `ioc boot' NOCARRIER

dhcpcd ---> 'interface=cgem0'
  'interface' = 'cgem0'
dhcpcd ---> 'reason=NOCARRIER'
  'reason' = 'NOCARRIER'
dhcpcd ---> 'pid=1'
dhcpcd ---> 'ifmetric=201'
dhcpcd ---> 'ifwireless=0'
dhcpcd ---> 'ifflags=34818'
dhcpcd ---> 'ifmtu=1500'
dhcpcd ---> 'interface_order=cgem0'
dhcpcd ---> 'if_up=false'
dhcpcd ---> 'if_down=true'
info: cgem0: carrier acquired
debug: cgem0: executing `ioc boot' CARRIER

dhcpcd ---> 'interface=cgem0'
  'interface' = 'cgem0'
dhcpcd ---> 'reason=CARRIER'
  'reason' = 'CARRIER'
dhcpcd ---> 'pid=1'
dhcpcd ---> 'ifmetric=201'
dhcpcd ---> 'ifwireless=0'
dhcpcd ---> 'ifflags=4294936643'
dhcpcd ---> 'ifmtu=1500'
dhcpcd ---> 'interface_order=cgem0'
dhcpcd ---> 'if_up=false'
dhcpcd ---> 'if_down=true'
info: cgem0: IAID 00:12:34:56
info: cgem0: soliciting an IPv6 router
debug: cgem0: delaying Router Solicitation for LL address
debug: cgem0: using hwaddr 52:54:00:12:34:56
info: cgem0: soliciting a DHCP lease
debug: cgem0: sending DISCOVER (xid 0x43b5cd5d), next in %0.1f seconds
info: cgem0: offered 10.0.2.15 from 10.0.2.2
debug: cgem0: sending REQUEST (xid 0x43b5cd5d), next in %0.1f seconds
debug: cgem0: acknowledged 10.0.2.15 from 10.0.2.2
debug: cgem0: checking for 10.0.2.15
debug: cgem0: sending ARP probe (1 of 3), next in %0.1f seconds
debug: cgem0: sending ARP probe (2 of 3), next in %0.1f seconds
debug: cgem0: sending ARP probe (3 of 3), next in %0.1f seconds
info: cgem0: leased 10.0.2.15 for 86400 seconds
debug: cgem0: renew in 43200 seconds, rebind in 75600 seconds
debug: cgem0: adding IP address 10.0.2.15/24
info: cgem0: adding host route to 10.0.2.15 via 127.0.0.1
err: cgem0: ipv4_addroute: File exists
info: cgem0: adding route to 10.0.2.0/24
err: cgem0: ipv4_addroute: File exists
info: cgem0: adding default route via 10.0.2.2
debug: cgem0: writing lease `/var/db/dhcpcd-cgem0.lease'
debug: cgem0: executing `ioc boot' BOUND

dhcpcd ---> 'interface=cgem0'
  'interface' = 'cgem0'
dhcpcd ---> 'reason=BOUND'
  'reason' = 'BOUND'
  is BOUND
dhcpcd ---> 'pid=1'
dhcpcd ---> 'ifmetric=201'
dhcpcd ---> 'ifwireless=0'
dhcpcd ---> 'ifflags=4294936643'
dhcpcd ---> 'ifmtu=1500'
dhcpcd ---> 'interface_order=cgem0'
dhcpcd ---> 'if_up=true'
dhcpcd ---> 'if_down=false'
dhcpcd ---> 'new_ip_address=10.0.2.15'
dhcpcd ---> 'new_subnet_cidr=24'
dhcpcd ---> 'new_broadcast_address=10.0.2.255'
dhcpcd ---> 'new_network_number=10.0.2.0'
dhcpcd ---> 'new_subnet_mask=255.255.255.0'
dhcpcd ---> 'new_routers=10.0.2.2'
dhcpcd ---> 'new_domain_name_servers=10.0.2.3'
dhcpcd ---> 'new_dhcp_lease_time=86400'
dhcpcd ---> 'new_dhcp_message_type=5'
dhcpcd ---> 'new_dhcp_server_identifier=10.0.2.2'
dhcpd BOUND
debug: cgem0: sending ARP announce (1 of 2), next in 2.0 seconds
-------------- IFCONFIG -----------------
cgem0: flags=8843<UP,BROADCAST,RUNNING,SIMPLEX,MULTICAST> metric 0 mtu 1500
        options=80008<VLAN_MTU,LINKSTATE>
        ether 52:54:00:12:34:56
        inet6 fe80::5054:ff:fe12:3456%cgem0 prefixlen 64 scopeid 0x1
        inet 10.0.2.15 netmask 0xffffff00 broadcast 10.0.2.255
        nd6 options=21<PERFORMNUD,AUTO_LINKLOCAL>
        media: Ethernet autoselect (100baseTX <full-duplex>)
        status: active
lo0: flags=8049<UP,LOOPBACK,RUNNING,MULTICAST> metric 0 mtu 16384
        options=680003<RXCSUM,TXCSUM,LINKSTATE,RXCSUM_IPV6,TXCSUM_IPV6>
        inet 127.0.0.1 netmask 0xffffff00
        inet6 ::1 prefixlen 128
        inet6 fe80::1%lo0 prefixlen 64 scopeid 0x2
        nd6 options=21<PERFORMNUD,AUTO_LINKLOCAL>
        groups: lo
-------------- NETSTAT ------------------
Routing tables

Internet:
Destination        Gateway            Flags     Netif Expire
default            10.0.2.2           UGS       cgem0
10.0.2.0/24        link#1             U         cgem0
10.0.2.15          link#1             UHS         lo0
127.0.0.1          link#2             UH          lo0

Internet6:
Destination                       Gateway                       Flags     Netif Expire
::1                               link#2                        UH          lo0
fe80::%cgem0/64                   link#1                        U         cgem0
fe80::5054:ff:fe12:3456%cgem0     link#1                        UHS         lo0
fe80::%lo0/64                     link#2                        U           lo0
fe80::1%lo0                       link#2                        UHS         lo0

***** Until now no NTP support in RTEMS 5 with rtems-libbsd *****

***** Ask ntp server once... *****
***** No NTP server ...

***** Setting up file system *****
***** cioc: loading compiled-in memory filesystem *****
-> /st.cmd - ok
-> /dbd/cioc.dbd - ok
-> /db/cioctest.db - ok
***** Initializing NFS *****
 check for time registered , C++ initialization ...
***** Preparing EPICS application *****
chdir("/")
***** Starting EPICS application *****
[1mepicsEnvSet("EPICS_CA_SERVER_PORT","5164")[0m
[1mdbLoadDatabase("dbd/cioc.dbd")[0m
[1mcioc_registerRecordDeviceDriver(pdbbase)[0m
[1mdbLoadRecords("db/cioctest.db")[0m
[1miocInit[0m
Starting iocInit
############################################################################
## EPICS R7.0.10
## Rev. R7.0.10-dirty
## Rev. Date Git: 2025-12-15 17:11:22 -0600
############################################################################
iocRun: All initialization complete
[1mdbl[0m
CIOC:AI1
CIOC:AO
CIOC:BI1
CIOC:HB100
CIOC:HB1000
CIOC:LI1
CIOC:SI1
CIOC:WF
RTEMShost> cgem0: sending ARP announce (2 of 2)timed outallowing 8 seconds for IPv4LL timeouttimed out#=== T0-initial-after-20-smoke-cycles ===
RTEMShost> rt malloc
C Program Heap and RTEMS Workspace are the same.
Number of free blocks:                              36
Largest free block:                          230323352
Total bytes free:                            230348368
Number of used blocks:                           18440
Largest used block:                            8388616
Total bytes used:                             30445544
Size of the allocatable area in bytes:       260793912
Minimum free size ever in bytes:             230340936
Maximum number of free blocks ever:                 39
Maximum number of blocks searched ever:             13
Lifetime number of bytes allocated:           32702904
Lifetime number of bytes freed:                2256024
Total number of searches:                        66222
Total number of successful allocations:          18943
Total number of failed allocations:                  0
Total number of successful frees:                  503
Total number of successful resizes:                 44
RTEMShost> epicsThreadShowAll 1
            NAME       EPICS ID   PTHREAD ID   OSIPRI  OSSPRI  STATE
          _main_       0x65e670            0      0       0       OK
          errlog       0x6637e0    184614915     10      26       OK
          taskwd       0x7f9160    184614916     10      26       OK
      timerQueue       0x7f9638    184614917     70     178       OK
           cbLow       0x7f97e0    184614918     59     150       OK
        cbMedium       0x7f99a0    184614919     64     162       OK
          cbHigh       0x7f9b60    184614920     71     180       OK
        dbCaLink       0x7f9d98    184614921     50     127       OK
        scanOnce       0xdfced8    184614922     67     170       OK
         scan-10       0xefd790    184614923     60     152       OK
          scan-5       0xffdf40    184614924     61     155       OK
          scan-2      0x10fe6f0    184614925     62     157       OK
          scan-1      0x11feea0    184614926     63     160       OK
        scan-0.5      0x12ff650    184614927     64     162       OK
        scan-0.2      0x13ffe00    184614928     65     165       OK
        scan-0.1      0x15005b0    184614929     66     167       OK
         CAS-TCP      0x16052c0    184614930     18      46       OK
         CAS-UDP      0x16053e8    184614931     16      41       OK
      CAS-beacon      0x1605cc8    184614932     17      44       OK
OSD priority range min: 1 max 254, memory not locked
RTEMShost> #=== END T0-initial-after-20-smoke-cycles ===
RTEMShost> #=== HELD-1-connection ===
RTEMShost> epicsThreadShowAll 1
            NAME       EPICS ID   PTHREAD ID   OSIPRI  OSSPRI  STATE
          _main_       0x65e670            0      0       0       OK
          errlog       0x6637e0    184614915     10      26       OK
          taskwd       0x7f9160    184614916     10      26       OK
      timerQueue       0x7f9638    184614917     70     178       OK
           cbLow       0x7f97e0    184614918     59     150       OK
        cbMedium       0x7f99a0    184614919     64     162       OK
          cbHigh       0x7f9b60    184614920     71     180       OK
        dbCaLink       0x7f9d98    184614921     50     127       OK
        scanOnce       0xdfced8    184614922     67     170       OK
         scan-10       0xefd790    184614923     60     152       OK
          scan-5       0xffdf40    184614924     61     155       OK
          scan-2      0x10fe6f0    184614925     62     157       OK
          scan-1      0x11feea0    184614926     63     160       OK
        scan-0.5      0x12ff650    184614927     64     162       OK
        scan-0.2      0x13ffe00    184614928     65     165       OK
        scan-0.1      0x15005b0    184614929     66     167       OK
         CAS-TCP      0x16052c0    184614930     18      46       OK
         CAS-UDP      0x16053e8    184614931     16      41       OK
      CAS-beacon      0x1605cc8    184614932     17      44       OK
       CAS-event       0x765f68    184614933     19      49       OK
      CAS-client       0x766098    184614934     20      51       OK
OSD priority range min: 1 max 254, memory not locked
RTEMShost> rt malloc
C Program Heap and RTEMS Workspace are the same.
Number of free blocks:                              39
Largest free block:                          228475128
Total bytes free:                            228498416
Number of used blocks:                           18466
Largest used block:                            8388616
Total bytes used:                             32295496
Size of the allocatable area in bytes:       260793912
Minimum free size ever in bytes:             228498176
Maximum number of free blocks ever:                 39
Maximum number of blocks searched ever:             13
Lifetime number of bytes allocated:           34553992
Lifetime number of bytes freed:                2256456
Total number of searches:                        66288
Total number of successful allocations:          18978
Total number of failed allocations:                  0
Total number of successful frees:                  512
Total number of successful resizes:                 47
RTEMShost> #=== END HELD-1-connection ===
RTEMShost> #=== T1-idle-after-held-1 ===
RTEMShost> rt malloc
C Program Heap and RTEMS Workspace are the same.
Number of free blocks:                              43
Largest free block:                          228475128
Total bytes free:                            228499456
Number of used blocks:                           18456
Largest used block:                            8388616
Total bytes used:                             32294456
Size of the allocatable area in bytes:       260793912
Minimum free size ever in bytes:             228498176
Maximum number of free blocks ever:                 44
Maximum number of blocks searched ever:             13
Lifetime number of bytes allocated:           34554448
Lifetime number of bytes freed:                2257712
Total number of searches:                        66293
Total number of successful allocations:          18982
Total number of failed allocations:                  0
Total number of successful frees:                  526
Total number of successful resizes:                 48
RTEMShost> epicsThreadShowAll 1
            NAME       EPICS ID   PTHREAD ID   OSIPRI  OSSPRI  STATE
          _main_       0x65e670            0      0       0       OK
          errlog       0x6637e0    184614915     10      26       OK
          taskwd       0x7f9160    184614916     10      26       OK
      timerQueue       0x7f9638    184614917     70     178       OK
           cbLow       0x7f97e0    184614918     59     150       OK
        cbMedium       0x7f99a0    184614919     64     162       OK
          cbHigh       0x7f9b60    184614920     71     180       OK
        dbCaLink       0x7f9d98    184614921     50     127       OK
        scanOnce       0xdfced8    184614922     67     170       OK
         scan-10       0xefd790    184614923     60     152       OK
          scan-5       0xffdf40    184614924     61     155       OK
          scan-2      0x10fe6f0    184614925     62     157       OK
          scan-1      0x11feea0    184614926     63     160       OK
        scan-0.5      0x12ff650    184614927     64     162       OK
        scan-0.2      0x13ffe00    184614928     65     165       OK
        scan-0.1      0x15005b0    184614929     66     167       OK
         CAS-TCP      0x16052c0    184614930     18      46       OK
         CAS-UDP      0x16053e8    184614931     16      41       OK
      CAS-beacon      0x1605cc8    184614932     17      44       OK
OSD priority range min: 1 max 254, memory not locked
RTEMShost> #=== END T1-idle-after-held-1 ===
RTEMShost> #=== B0-baseline-after-60-warmup ===
RTEMShost> rt malloc
C Program Heap and RTEMS Workspace are the same.
Number of free blocks:                             153
Largest free block:                          227423856
Total bytes free:                            228489856
Number of used blocks:                           18756
Largest used block:                            8388616
Total bytes used:                             32304056
Size of the allocatable area in bytes:       260793912
Minimum free size ever in bytes:             228488808
Maximum number of free blocks ever:                154
Maximum number of blocks searched ever:            104
Lifetime number of bytes allocated:          129206912
Lifetime number of bytes freed:               96900104
Total number of searches:                        71054
Total number of successful allocations:          20128
Total number of failed allocations:                  0
Total number of successful frees:                 1372
Total number of successful resizes:                 50
RTEMShost> epicsThreadShowAll 1
            NAME       EPICS ID   PTHREAD ID   OSIPRI  OSSPRI  STATE
          _main_       0x65e670            0      0       0       OK
          errlog       0x6637e0    184614915     10      26       OK
          taskwd       0x7f9160    184614916     10      26       OK
      timerQueue       0x7f9638    184614917     70     178       OK
           cbLow       0x7f97e0    184614918     59     150       OK
        cbMedium       0x7f99a0    184614919     64     162       OK
          cbHigh       0x7f9b60    184614920     71     180       OK
        dbCaLink       0x7f9d98    184614921     50     127       OK
        scanOnce       0xdfced8    184614922     67     170       OK
         scan-10       0xefd790    184614923     60     152       OK
          scan-5       0xffdf40    184614924     61     155       OK
          scan-2      0x10fe6f0    184614925     62     157       OK
          scan-1      0x11feea0    184614926     63     160       OK
        scan-0.5      0x12ff650    184614927     64     162       OK
        scan-0.2      0x13ffe00    184614928     65     165       OK
        scan-0.1      0x15005b0    184614929     66     167       OK
         CAS-TCP      0x16052c0    184614930     18      46       OK
         CAS-UDP      0x16053e8    184614931     16      41       OK
      CAS-beacon      0x1605cc8    184614932     17      44       OK
OSD priority range min: 1 max 254, memory not locked
RTEMShost> #=== END B0-baseline-after-60-warmup ===
RTEMShost> #=== B1-after-batchA-250 ===
RTEMShost> rt malloc
C Program Heap and RTEMS Workspace are the same.
Number of free blocks:                             592
Largest free block:                          227423856
Total bytes free:                            228449856
Number of used blocks:                           20006
Largest used block:                            8388616
Total bytes used:                             32344056
Size of the allocatable area in bytes:       260793912
Minimum free size ever in bytes:             228448808
Maximum number of free blocks ever:                593
Maximum number of blocks searched ever:            543
Lifetime number of bytes allocated:          523589696
Lifetime number of bytes freed:              491242416
Total number of searches:                       159139
Total number of successful allocations:          24884
Total number of failed allocations:                  0
Total number of successful frees:                 4878
Total number of successful resizes:                 52
RTEMShost> epicsThreadShowAll 1
            NAME       EPICS ID   PTHREAD ID   OSIPRI  OSSPRI  STATE
          _main_       0x65e670            0      0       0       OK
          errlog       0x6637e0    184614915     10      26       OK
          taskwd       0x7f9160    184614916     10      26       OK
      timerQueue       0x7f9638    184614917     70     178       OK
           cbLow       0x7f97e0    184614918     59     150       OK
        cbMedium       0x7f99a0    184614919     64     162       OK
          cbHigh       0x7f9b60    184614920     71     180       OK
        dbCaLink       0x7f9d98    184614921     50     127       OK
        scanOnce       0xdfced8    184614922     67     170       OK
         scan-10       0xefd790    184614923     60     152       OK
          scan-5       0xffdf40    184614924     61     155       OK
          scan-2      0x10fe6f0    184614925     62     157       OK
          scan-1      0x11feea0    184614926     63     160       OK
        scan-0.5      0x12ff650    184614927     64     162       OK
        scan-0.2      0x13ffe00    184614928     65     165       OK
        scan-0.1      0x15005b0    184614929     66     167       OK
         CAS-TCP      0x16052c0    184614930     18      46       OK
         CAS-UDP      0x16053e8    184614931     16      41       OK
      CAS-beacon      0x1605cc8    184614932     17      44       OK
OSD priority range min: 1 max 254, memory not locked
RTEMShost> #=== END B1-after-batchA-250 ===
RTEMShost> #=== B2-after-batchB-600 ===
RTEMShost> rt malloc
C Program Heap and RTEMS Workspace are the same.
Number of free blocks:                            1644
Largest free block:                          227423856
Total bytes free:                            228353856
Number of used blocks:                           23006
Largest used block:                            8388616
Total bytes used:                             32440056
Size of the allocatable area in bytes:       260793912
Minimum free size ever in bytes:             228352808
Maximum number of free blocks ever:               1645
Maximum number of blocks searched ever:           1593
Lifetime number of bytes allocated:         1470107280
Lifetime number of bytes freed:             1437663528
Total number of searches:                       817664
Total number of successful allocations:          36290
Total number of failed allocations:                  0
Total number of successful frees:                13284
Total number of successful resizes:                 54
RTEMShost> epicsThreadShowAll 1
            NAME       EPICS ID   PTHREAD ID   OSIPRI  OSSPRI  STATE
          _main_       0x65e670            0      0       0       OK
          errlog       0x6637e0    184614915     10      26       OK
          taskwd       0x7f9160    184614916     10      26       OK
      timerQueue       0x7f9638    184614917     70     178       OK
           cbLow       0x7f97e0    184614918     59     150       OK
        cbMedium       0x7f99a0    184614919     64     162       OK
          cbHigh       0x7f9b60    184614920     71     180       OK
        dbCaLink       0x7f9d98    184614921     50     127       OK
        scanOnce       0xdfced8    184614922     67     170       OK
         scan-10       0xefd790    184614923     60     152       OK
          scan-5       0xffdf40    184614924     61     155       OK
          scan-2      0x10fe6f0    184614925     62     157       OK
          scan-1      0x11feea0    184614926     63     160       OK
        scan-0.5      0x12ff650    184614927     64     162       OK
        scan-0.2      0x13ffe00    184614928     65     165       OK
        scan-0.1      0x15005b0    184614929     66     167       OK
         CAS-TCP      0x16052c0    184614930     18      46       OK
         CAS-UDP      0x16053e8    184614931     16      41       OK
      CAS-beacon      0x1605cc8    184614932     17      44       OK
OSD priority range min: 1 max 254, memory not locked
RTEMShost> #=== END B2-after-batchB-600 ===
RTEMShost> #=== M0-baseline-after-60-warmup ===
RTEMShost> rt malloc
C Program Heap and RTEMS Workspace are the same.
Number of free blocks:                            1722
Largest free block:                          227423856
Total bytes free:                            228083944
Number of used blocks:                           23317
Largest used block:                            8388616
Total bytes used:                             32709968
Size of the allocatable area in bytes:       260793912
Minimum free size ever in bytes:             228082864
Maximum number of free blocks ever:               1723
Maximum number of blocks searched ever:           1671
Lifetime number of bytes allocated:         1565027248
Lifetime number of bytes freed:             1532313112
Total number of searches:                       919425
Total number of successful allocations:          37566
Total number of failed allocations:                  0
Total number of successful frees:                14249
Total number of successful resizes:                 56
RTEMShost> epicsThreadShowAll 1
            NAME       EPICS ID   PTHREAD ID   OSIPRI  OSSPRI  STATE
          _main_       0x65e670            0      0       0       OK
          errlog       0x6637e0    184614915     10      26       OK
          taskwd       0x7f9160    184614916     10      26       OK
      timerQueue       0x7f9638    184614917     70     178       OK
           cbLow       0x7f97e0    184614918     59     150       OK
        cbMedium       0x7f99a0    184614919     64     162       OK
          cbHigh       0x7f9b60    184614920     71     180       OK
        dbCaLink       0x7f9d98    184614921     50     127       OK
        scanOnce       0xdfced8    184614922     67     170       OK
         scan-10       0xefd790    184614923     60     152       OK
          scan-5       0xffdf40    184614924     61     155       OK
          scan-2      0x10fe6f0    184614925     62     157       OK
          scan-1      0x11feea0    184614926     63     160       OK
        scan-0.5      0x12ff650    184614927     64     162       OK
        scan-0.2      0x13ffe00    184614928     65     165       OK
        scan-0.1      0x15005b0    184614929     66     167       OK
         CAS-TCP      0x16052c0    184614930     18      46       OK
         CAS-UDP      0x16053e8    184614931     16      41       OK
      CAS-beacon      0x1605cc8    184614932     17      44       OK
OSD priority range min: 1 max 254, memory not locked
RTEMShost> #=== END M0-baseline-after-60-warmup ===
RTEMShost> #=== M1-after-batchA-200 ===
RTEMShost> rt malloc
C Program Heap and RTEMS Workspace are the same.
Number of free blocks:                            1883
Largest free block:                          227423856
Total bytes free:                            228051928
Number of used blocks:                           24317
Largest used block:                            8388616
Total bytes used:                             32741984
Size of the allocatable area in bytes:       260793912
Minimum free size ever in bytes:             228050848
Maximum number of free blocks ever:               1884
Maximum number of blocks searched ever:           1833
Lifetime number of bytes allocated:         1880559208
Lifetime number of bytes freed:             1847812584
Total number of searches:                      1380206
Total number of successful allocations:          41772
Total number of failed allocations:                  0
Total number of successful frees:                17455
Total number of successful resizes:                 58
RTEMShost> epicsThreadShowAll 1
            NAME       EPICS ID   PTHREAD ID   OSIPRI  OSSPRI  STATE
          _main_       0x65e670            0      0       0       OK
          errlog       0x6637e0    184614915     10      26       OK
          taskwd       0x7f9160    184614916     10      26       OK
      timerQueue       0x7f9638    184614917     70     178       OK
           cbLow       0x7f97e0    184614918     59     150       OK
        cbMedium       0x7f99a0    184614919     64     162       OK
          cbHigh       0x7f9b60    184614920     71     180       OK
        dbCaLink       0x7f9d98    184614921     50     127       OK
        scanOnce       0xdfced8    184614922     67     170       OK
         scan-10       0xefd790    184614923     60     152       OK
          scan-5       0xffdf40    184614924     61     155       OK
          scan-2      0x10fe6f0    184614925     62     157       OK
          scan-1      0x11feea0    184614926     63     160       OK
        scan-0.5      0x12ff650    184614927     64     162       OK
        scan-0.2      0x13ffe00    184614928     65     165       OK
        scan-0.1      0x15005b0    184614929     66     167       OK
         CAS-TCP      0x16052c0    184614930     18      46       OK
         CAS-UDP      0x16053e8    184614931     16      41       OK
      CAS-beacon      0x1605cc8    184614932     17      44       OK
OSD priority range min: 1 max 254, memory not locked
RTEMShost> #=== END M1-after-batchA-200 ===
RTEMShost> #=== M2-after-batchB-400 ===
RTEMShost> rt malloc
C Program Heap and RTEMS Workspace are the same.
Number of free blocks:                            2303
Largest free block:                          227423856
Total bytes free:                            227987856
Number of used blocks:                           26319
Largest used block:                            8388616
Total bytes used:                             32806056
Size of the allocatable area in bytes:       260793912
Minimum free size ever in bytes:             227986776
Maximum number of free blocks ever:               2303
Maximum number of blocks searched ever:           2252
Lifetime number of bytes allocated:         2511622424
Lifetime number of bytes freed:             2478811256
Total number of searches:                      2516092
Total number of successful allocations:          50180
Total number of failed allocations:                  0
Total number of successful frees:                23861
Total number of successful resizes:                 60
RTEMShost> epicsThreadShowAll 1
            NAME       EPICS ID   PTHREAD ID   OSIPRI  OSSPRI  STATE
          _main_       0x65e670            0      0       0       OK
          errlog       0x6637e0    184614915     10      26       OK
          taskwd       0x7f9160    184614916     10      26       OK
      timerQueue       0x7f9638    184614917     70     178       OK
           cbLow       0x7f97e0    184614918     59     150       OK
        cbMedium       0x7f99a0    184614919     64     162       OK
          cbHigh       0x7f9b60    184614920     71     180       OK
        dbCaLink       0x7f9d98    184614921     50     127       OK
        scanOnce       0xdfced8    184614922     67     170       OK
         scan-10       0xefd790    184614923     60     152       OK
          scan-5       0xffdf40    184614924     61     155       OK
          scan-2      0x10fe6f0    184614925     62     157       OK
          scan-1      0x11feea0    184614926     63     160       OK
        scan-0.5      0x12ff650    184614927     64     162       OK
        scan-0.2      0x13ffe00    184614928     65     165       OK
        scan-0.1      0x15005b0    184614929     66     167       OK
         CAS-TCP      0x16052c0    184614930     18      46       OK
         CAS-UDP      0x16053e8    184614931     16      41       OK
      CAS-beacon      0x1605cc8    184614932     17      44       OK
OSD priority range min: 1 max 254, memory not locked
RTEMShost> #=== END M2-after-batchB-400 ===
RTEMShost> 