########## 1024M-stack2M ##########
          OS Memory Size: ~958MB
MQ sysctl hw.physmem       rc=-1 errno=2
MQ sysctl hw.usermem       rc=-1 errno=2
MQ sysctl hw.pagesize      rc=-1 errno=2
MQ sysctl kern.memtop(41)  rc=-1 errno=2
MQ sysctl kern.physmemtop(42) rc=-1 errno=2
MQ base  n=0    reserved=0            memFindMax=261744       st=0 free=261760       maxfree=261744       alloc=0            maxalloc=0
MQ step  n=8    reserved=16777216     memFindMax=261744       st=0 free=261760       maxfree=261744       alloc=0            maxalloc=0
MQ step  n=16   reserved=33554432     memFindMax=261744       st=0 free=261760       maxfree=261744       alloc=0            maxalloc=0
MQ step  n=24   reserved=50331648     memFindMax=261744       st=0 free=261760       maxfree=261744       alloc=0            maxalloc=0
MQ step  n=32   reserved=67108864     memFindMax=261744       st=0 free=261760       maxfree=261744       alloc=0            maxalloc=0
MQ step  n=40   reserved=83886080     memFindMax=261744       st=0 free=261760       maxfree=261744       alloc=0            maxalloc=0
MQ step  n=48   reserved=100663296    memFindMax=261744       st=0 free=261760       maxfree=261744       alloc=0            maxalloc=0
MQ step  n=56   reserved=117440512    memFindMax=261744       st=0 free=261760       maxfree=261744       alloc=0            maxalloc=0
MQ step  n=64   reserved=134217728    memFindMax=261744       st=0 free=261760       maxfree=261744       alloc=0            maxalloc=0
MQ step  n=72   reserved=150994944    memFindMax=261744       st=0 free=261760       maxfree=261744       alloc=0            maxalloc=0
MQ step  n=80   reserved=167772160    memFindMax=261744       st=0 free=261760       maxfree=261744       alloc=0            maxalloc=0
MQ step  n=88   reserved=184549376    memFindMax=261744       st=0 free=261760       maxfree=261744       alloc=0            maxalloc=0
MQ step  n=96   reserved=201326592    memFindMax=261744       st=0 free=261760       maxfree=261744       alloc=0            maxalloc=0
MQ step  n=104  reserved=218103808    memFindMax=261744       st=0 free=261760       maxfree=261744       alloc=0            maxalloc=0
MQ step  n=112  reserved=234881024    memFindMax=261744       st=0 free=261760       maxfree=261744       alloc=0            maxalloc=0
MQ step  n=120  reserved=251658240    memFindMax=261744       st=0 free=261760       maxfree=261744       alloc=0            maxalloc=0
MQ WALL n=127 rc=11 errno=11796494 reserved=266338304
MQ wall  n=127  reserved=266338304    memFindMax=261744       st=0 free=261760       maxfree=261744       alloc=0            maxalloc=0
MQ done n=127 reserved=266338304

########## 1024M-s2M-mmap ##########
          OS Memory Size: ~958MB
MQ sysctl hw.physmem       rc=-1 errno=2
MQ sysctl hw.usermem       rc=-1 errno=2
MQ sysctl hw.pagesize      rc=-1 errno=2
MQ sysctl kern.memtop(41)  rc=-1 errno=2
MQ sysctl kern.physmemtop(42) rc=-1 errno=2
MQ base  n=0    reserved=0            memFindMax=261744       st=0 free=261760       maxfree=261744       alloc=0            maxalloc=0
MQ mmap  chunk=2097152 held=127 total=266338304 errno=12
MQ unmap n=0    reserved=0            memFindMax=261744       st=0 free=261760       maxfree=261744       alloc=0            maxalloc=0
MQ step  n=16   reserved=33554432     memFindMax=261744       st=0 free=261760       maxfree=261744       alloc=0            maxalloc=0
MQ step  n=32   reserved=67108864     memFindMax=261744       st=0 free=261760       maxfree=261744       alloc=0            maxalloc=0
MQ step  n=48   reserved=100663296    memFindMax=261744       st=0 free=261760       maxfree=261744       alloc=0            maxalloc=0
MQ step  n=64   reserved=134217728    memFindMax=261744       st=0 free=261760       maxfree=261744       alloc=0            maxalloc=0
MQ step  n=80   reserved=167772160    memFindMax=261744       st=0 free=261760       maxfree=261744       alloc=0            maxalloc=0
MQ step  n=96   reserved=201326592    memFindMax=261744       st=0 free=261760       maxfree=261744       alloc=0            maxalloc=0
MQ step  n=112  reserved=234881024    memFindMax=261744       st=0 free=261760       maxfree=261744       alloc=0            maxalloc=0
MQ WALL n=127 rc=11 errno=11796494 reserved=266338304
MQ wall  n=127  reserved=266338304    memFindMax=261744       st=0 free=261760       maxfree=261744       alloc=0            maxalloc=0
MQ done n=127 reserved=266338304

########## 1024M-s1M-mmap ##########
          OS Memory Size: ~958MB
MQ sysctl hw.physmem       rc=-1 errno=2
MQ sysctl hw.usermem       rc=-1 errno=2
MQ sysctl hw.pagesize      rc=-1 errno=2
MQ sysctl kern.memtop(41)  rc=-1 errno=2
MQ sysctl kern.physmemtop(42) rc=-1 errno=2
MQ base  n=0    reserved=0            memFindMax=261744       st=0 free=261760       maxfree=261744       alloc=0            maxalloc=0
MQ mmap  chunk=1048576 held=254 total=266338304 errno=12
MQ unmap n=0    reserved=0            memFindMax=261744       st=0 free=261760       maxfree=261744       alloc=0            maxalloc=0
MQ step  n=64   reserved=67108864     memFindMax=261744       st=0 free=261760       maxfree=261744       alloc=0            maxalloc=0
MQ step  n=128  reserved=134217728    memFindMax=261744       st=0 free=261760       maxfree=261744       alloc=0            maxalloc=0
MQ step  n=192  reserved=201326592    memFindMax=261744       st=0 free=261760       maxfree=261744       alloc=0            maxalloc=0
MQ WALL n=254 rc=11 errno=11796494 reserved=266338304
MQ wall  n=254  reserved=266338304    memFindMax=261744       st=0 free=261760       maxfree=261744       alloc=0            maxalloc=0
MQ done n=254 reserved=266338304

########## 1024M-s512K-mmap ##########
          OS Memory Size: ~958MB
MQ sysctl hw.physmem       rc=-1 errno=2
MQ sysctl hw.usermem       rc=-1 errno=2
MQ sysctl hw.pagesize      rc=-1 errno=2
MQ sysctl kern.memtop(41)  rc=-1 errno=2
MQ sysctl kern.physmemtop(42) rc=-1 errno=2
MQ base  n=0    reserved=0            memFindMax=261744       st=0 free=261760       maxfree=261744       alloc=0            maxalloc=0
MQ mmap  chunk=524288 held=509 total=266862592 errno=12
MQ unmap n=0    reserved=0            memFindMax=261744       st=0 free=261760       maxfree=261744       alloc=0            maxalloc=0
MQ step  n=128  reserved=67108864     memFindMax=261744       st=0 free=261760       maxfree=261744       alloc=0            maxalloc=0
MQ step  n=256  reserved=134217728    memFindMax=261744       st=0 free=261760       maxfree=261744       alloc=0            maxalloc=0
MQ step  n=384  reserved=201326592    memFindMax=261744       st=0 free=261760       maxfree=261744       alloc=0            maxalloc=0
MQ WALL n=509 rc=11 errno=11796494 reserved=266862592
MQ wall  n=509  reserved=266862592    memFindMax=261744       st=0 free=261760       maxfree=261744       alloc=0            maxalloc=0
MQ done n=509 reserved=266862592

########## 1024M-s2M-single ##########
          OS Memory Size: ~958MB
MQ sysctl hw.physmem       rc=-1 errno=2
MQ sysctl hw.usermem       rc=-1 errno=2
MQ sysctl hw.pagesize      rc=-1 errno=2
MQ sysctl kern.memtop(41)  rc=-1 errno=2
MQ sysctl kern.physmemtop(42) rc=-1 errno=2
MQ base  n=0    reserved=0            memFindMax=261744       st=0 free=261760       maxfree=261744       alloc=0            maxalloc=0
MQ single size=1073741824   FAIL errno=12 us=483333
MQ single size=805306368    FAIL errno=12 us=433334
MQ single size=536870912    FAIL errno=12 us=450000
MQ single size=402653184    FAIL errno=12 us=433333
MQ single size=335544320    FAIL errno=12 us=466667
MQ single size=301989888    FAIL errno=12 us=416666
MQ single size=285212672    FAIL errno=12 us=466667
MQ single size=276824064    FAIL errno=12 us=500000
MQ single size=268435456    FAIL errno=12 us=416667
MQ single size=201326592    OK   us=316666
MQ single size=134217728    OK   us=133333
MQ single size=67108864     OK   us=50000
MQ unmap n=0    reserved=0            memFindMax=261744       st=0 free=261760       maxfree=261744       alloc=0            maxalloc=0
MQ step  n=32   reserved=67108864     memFindMax=261744       st=0 free=261760       maxfree=261744       alloc=0            maxalloc=0
MQ step  n=64   reserved=134217728    memFindMax=261744       st=0 free=261760       maxfree=261744       alloc=0            maxalloc=0
MQ step  n=96   reserved=201326592    memFindMax=261744       st=0 free=261760       maxfree=261744       alloc=0            maxalloc=0
MQ WALL n=127 rc=11 errno=11796494 reserved=266338304
MQ wall  n=127  reserved=266338304    memFindMax=261744       st=0 free=261760       maxfree=261744       alloc=0            maxalloc=0
MQ done n=127 reserved=266338304

########## 1536M-s2M-mmap ##########
          OS Memory Size: ~1470MB
MQ sysctl hw.physmem       rc=-1 errno=2
MQ sysctl hw.usermem       rc=-1 errno=2
MQ sysctl hw.pagesize      rc=-1 errno=2
MQ sysctl kern.memtop(41)  rc=-1 errno=2
MQ sysctl kern.physmemtop(42) rc=-1 errno=2
MQ base  n=0    reserved=0            memFindMax=261744       st=0 free=261760       maxfree=261744       alloc=0            maxalloc=0
MQ mmap  chunk=2097152 held=382 total=801112064 errno=12
MQ unmap n=0    reserved=0            memFindMax=261744       st=0 free=261760       maxfree=261744       alloc=0            maxalloc=0
MQ step  n=64   reserved=134217728    memFindMax=261744       st=0 free=261760       maxfree=261744       alloc=0            maxalloc=0
MQ step  n=128  reserved=268435456    memFindMax=261744       st=0 free=261760       maxfree=261744       alloc=0            maxalloc=0
MQ step  n=192  reserved=402653184    memFindMax=261744       st=0 free=261760       maxfree=261744       alloc=0            maxalloc=0
MQ step  n=256  reserved=536870912    memFindMax=261744       st=0 free=261760       maxfree=261744       alloc=0            maxalloc=0
MQ step  n=320  reserved=671088640    memFindMax=261744       st=0 free=261760       maxfree=261744       alloc=0            maxalloc=0
MQ WALL n=382 rc=11 errno=11796494 reserved=801112064
MQ wall  n=382  reserved=801112064    memFindMax=261744       st=0 free=261760       maxfree=261744       alloc=0            maxalloc=0
MQ done n=382 reserved=801112064

