[    0.2s] fix1024 monitors=5 ceiling=200 hold=0s deadline=150s
[    0.2s] fix1024 SAMPLE idle         CONN_CNT=0.0 REFUSED=0.0 FD_CNT=5.0 FD_MAX=1000.0 MEM_USED=16998400.0
[    0.3s] fix1024 UP n=  1 total=  6 total_s= 0.043 connect= 0.000 search= 0.024 create= 0.006 read= 0.013
[    0.3s] fix1024 UP n=  2 total=  7 total_s= 0.070 connect= 0.000 search= 0.062 create= 0.004 read= 0.004
[    0.4s] fix1024 UP n=  3 total=  8 total_s= 0.030 connect= 0.000 search= 0.022 create= 0.004 read= 0.003
[    0.4s] fix1024 UP n=  4 total=  9 total_s= 0.032 connect= 0.000 search= 0.023 create= 0.005 read= 0.004
[    0.4s] fix1024 UP n=  5 total= 10 total_s= 0.031 connect= 0.000 search= 0.022 create= 0.004 read= 0.004
[    0.5s] fix1024 UP n=  6 total= 11 total_s= 0.031 connect= 0.000 search= 0.023 create= 0.004 read= 0.003
[    0.5s] fix1024 UP n=  7 total= 12 total_s= 0.031 connect= 0.000 search= 0.023 create= 0.004 read= 0.003
[    0.5s] fix1024 UP n=  8 total= 13 total_s= 0.032 connect= 0.000 search= 0.024 create= 0.004 read= 0.003
[    0.5s] fix1024 UP n=  9 total= 14 total_s= 0.029 connect= 0.000 search= 0.022 create= 0.004 read= 0.003
[    0.6s] fix1024 UP n= 10 total= 15 total_s= 0.073 connect= 0.000 search= 0.065 create= 0.004 read= 0.003
[    0.6s] fix1024 UP n= 11 total= 16 total_s= 0.031 connect= 0.000 search= 0.023 create= 0.004 read= 0.004
[    0.7s] fix1024 UP n= 12 total= 17 total_s= 0.033 connect= 0.000 search= 0.026 create= 0.004 read= 0.003
[    0.7s] fix1024 UP n= 13 total= 18 total_s= 0.031 connect= 0.000 search= 0.023 create= 0.004 read= 0.004
[    0.7s] fix1024 UP n= 14 total= 19 total_s= 0.031 connect= 0.000 search= 0.023 create= 0.005 read= 0.004
[    0.8s] fix1024 UP n= 15 total= 20 total_s= 0.030 connect= 0.000 search= 0.022 create= 0.004 read= 0.004
[    0.8s] fix1024 UP n= 16 total= 21 total_s= 0.032 connect= 0.000 search= 0.023 create= 0.004 read= 0.004
[    0.8s] fix1024 UP n= 17 total= 22 total_s= 0.029 connect= 0.000 search= 0.021 create= 0.004 read= 0.004
[    0.9s] fix1024 UP n= 18 total= 23 total_s= 0.071 connect= 0.000 search= 0.062 create= 0.004 read= 0.004
[    0.9s] fix1024 UP n= 19 total= 24 total_s= 0.030 connect= 0.000 search= 0.022 create= 0.004 read= 0.004
[    1.0s] fix1024 UP n= 20 total= 25 total_s= 0.031 connect= 0.000 search= 0.023 create= 0.004 read= 0.004
[    1.0s] fix1024 UP n= 21 total= 26 total_s= 0.030 connect= 0.000 search= 0.022 create= 0.004 read= 0.003
[    1.0s] fix1024 UP n= 22 total= 27 total_s= 0.032 connect= 0.000 search= 0.024 create= 0.004 read= 0.004
[    1.1s] fix1024 UP n= 23 total= 28 total_s= 0.036 connect= 0.000 search= 0.022 create= 0.010 read= 0.003
[    1.1s] fix1024 UP n= 24 total= 29 total_s= 0.031 connect= 0.000 search= 0.023 create= 0.004 read= 0.003
[    1.1s] fix1024 UP n= 25 total= 30 total_s= 0.030 connect= 0.000 search= 0.022 create= 0.004 read= 0.003
[    1.2s] fix1024 UP n= 26 total= 31 total_s= 0.069 connect= 0.000 search= 0.061 create= 0.004 read= 0.004
[    1.2s] fix1024 UP n= 27 total= 32 total_s= 0.032 connect= 0.000 search= 0.024 create= 0.005 read= 0.003
[    1.3s] fix1024 UP n= 28 total= 33 total_s= 0.032 connect= 0.000 search= 0.022 create= 0.006 read= 0.004
[    1.3s] fix1024 UP n= 29 total= 34 total_s= 0.032 connect= 0.000 search= 0.023 create= 0.005 read= 0.004
[    1.3s] fix1024 UP n= 30 total= 35 total_s= 0.030 connect= 0.000 search= 0.022 create= 0.004 read= 0.004
[    1.4s] fix1024 UP n= 31 total= 36 total_s= 0.031 connect= 0.000 search= 0.023 create= 0.004 read= 0.004
[    1.4s] fix1024 UP n= 32 total= 37 total_s= 0.030 connect= 0.000 search= 0.022 create= 0.004 read= 0.004
[    1.4s] fix1024 UP n= 33 total= 38 total_s= 0.032 connect= 0.000 search= 0.024 create= 0.004 read= 0.004
[    1.5s] fix1024 UP n= 34 total= 39 total_s= 0.074 connect= 0.000 search= 0.065 create= 0.004 read= 0.004
[    1.5s] fix1024 UP n= 35 total= 40 total_s= 0.033 connect= 0.000 search= 0.024 create= 0.004 read= 0.005
[    1.6s] fix1024 UP n= 36 total= 41 total_s= 0.030 connect= 0.000 search= 0.022 create= 0.004 read= 0.003
[    1.6s] fix1024 UP n= 37 total= 42 total_s= 0.031 connect= 0.000 search= 0.024 create= 0.004 read= 0.003
[    1.6s] fix1024 UP n= 38 total= 43 total_s= 0.051 connect= 0.000 search= 0.043 create= 0.004 read= 0.004
[    1.7s] fix1024 UP n= 39 total= 44 total_s= 0.033 connect= 0.000 search= 0.025 create= 0.004 read= 0.003
[    1.7s] fix1024 UP n= 40 total= 45 total_s= 0.031 connect= 0.000 search= 0.023 create= 0.004 read= 0.003
[    1.7s] fix1024 UP n= 41 total= 46 total_s= 0.032 connect= 0.000 search= 0.024 create= 0.004 read= 0.004
[    2.8s] fix1024 FAIL attempt=42 held=41 total=46 elapsed=1.07s ACCEPTED_THEN_EOF
[    2.8s] fix1024 FAIL attempt=42 held=41 total=46 elapsed=0.00s CONNECT_FAIL(errno=104 ECONNRESET)
[    2.8s] fix1024 FAIL attempt=42 held=41 total=46 elapsed=0.00s CONNECT_FAIL(errno=104 ECONNRESET)
[    2.8s] fix1024 FAIL attempt=42 held=41 total=46 elapsed=0.00s CONNECT_FAIL(errno=104 ECONNRESET)
[    2.8s] fix1024 === TOP ===
[    2.8s] fix1024 D1 client-side served = 41 ramp + 5 monitor = 46
[    2.8s] fix1024 deadline_hit=False consecutive_failures=4 ceiling_hit=False
[    2.8s] fix1024 SAMPLE top          CONN_CNT=ERR:OTHER(RuntimeError: EOF) REFUSED=ERR:OTHER(RuntimeError: EOF) FD_CNT=ERR:OTHER(RuntimeError: EOF) FD_MAX=ERR:OTHER(RuntimeError: EOF) MEM_USED=ERR:OTHER(RuntimeError: EOF)
[    2.8s] fix1024 D2 server-side RTEMS:CA_CONN_CNT = ERR:OTHER(RuntimeError: EOF)
[    2.8s] fix1024 first failure at ramp attempt 42, t=2.8s
[    2.8s] fix1024 first failure verbatim: ACCEPTED_THEN_EOF
[    2.8s] fix1024 phaseramp done
