[    0.1s] e11-2048M monitor RTEMS:CA_CONN_CNT      initial=0.0
[    0.1s] e11-2048M monitor RTEMS:CA_REFUSED_CNT   initial=0.0
[    0.1s] e11-2048M monitor RTEMS:FD_CNT           initial=5.0
[    0.2s] e11-2048M monitor RTEMS:FD_MAX           initial=1000.0
[    0.2s] e11-2048M monitor RTEMS:MEM_USED         initial=16998400.0
[    0.2s] e11-2048M monitors=5 ceiling=200 refusals_wanted=8 deadline=500s
[    0.2s] e11-2048M SAMPLE idle           CONN_CNT=0.0 REFUSED=0.0 FD_CNT=5.0 FD_MAX=1000.0 MEM_USED=16998400.0
[    0.5s] e11-2048M UP held=8 total=13 last_conn=0.03s
[    0.8s] e11-2048M UP held=16 total=21 last_conn=0.03s
[    1.1s] e11-2048M UP held=24 total=29 last_conn=0.03s
[    1.4s] e11-2048M UP held=32 total=37 last_conn=0.03s
[    1.7s] e11-2048M UP held=40 total=45 last_conn=0.03s
[    2.0s] e11-2048M UP held=48 total=53 last_conn=0.03s
[    2.4s] e11-2048M UP held=56 total=61 last_conn=0.03s
[    2.7s] e11-2048M UP held=64 total=69 last_conn=0.03s
[    3.1s] e11-2048M UP held=72 total=77 last_conn=0.03s
[    3.4s] e11-2048M UP held=80 total=85 last_conn=0.03s
[   48.0s] e11-2048M UP held=88 total=93 last_conn=7.35s
[  108.9s] e11-2048M UP held=96 total=101 last_conn=8.34s
[  170.1s] e11-2048M UP held=104 total=109 last_conn=7.36s
[  229.1s] e11-2048M UP held=112 total=117 last_conn=7.42s
[  292.0s] e11-2048M UP held=120 total=125 last_conn=9.18s
[  351.5s] e11-2048M UP held=128 total=133 last_conn=7.52s
[  410.5s] e11-2048M UP held=136 total=141 last_conn=7.48s
[  414.2s] e11-2048M WALL attempt=137 held=136 elapsed_conn=3.78s REFUSED_BY_SERVER(status=48 text='CAS: no resources for a new client (worker pool at capacity: 141 concurrent clients)')
[  414.3s] e11-2048M REFUSAL 2/8 elapsed_conn=0.01s REFUSED_BY_SERVER(status=48 text='CAS: no resources for a new client (worker pool at capacity: 141 concurrent clients)')
[  414.3s] e11-2048M REFUSAL 3/8 elapsed_conn=0.01s REFUSED_BY_SERVER(status=48 text='CAS: no resources for a new client (worker pool at capacity: 141 concurrent clients)')
[  414.3s] e11-2048M REFUSAL 4/8 elapsed_conn=0.01s REFUSED_BY_SERVER(status=48 text='CAS: no resources for a new client (worker pool at capacity: 141 concurrent clients)')
[  414.3s] e11-2048M REFUSAL 5/8 elapsed_conn=0.01s REFUSED_BY_SERVER(status=48 text='CAS: no resources for a new client (worker pool at capacity: 141 concurrent clients)')
[  414.3s] e11-2048M REFUSAL 6/8 elapsed_conn=0.01s REFUSED_BY_SERVER(status=48 text='CAS: no resources for a new client (worker pool at capacity: 141 concurrent clients)')
[  414.3s] e11-2048M REFUSAL 7/8 elapsed_conn=0.01s REFUSED_BY_SERVER(status=48 text='CAS: no resources for a new client (worker pool at capacity: 141 concurrent clients)')
[  414.3s] e11-2048M REFUSAL 8/8 elapsed_conn=0.01s REFUSED_BY_SERVER(status=48 text='CAS: no resources for a new client (worker pool at capacity: 141 concurrent clients)')
[  414.3s] e11-2048M === TOP ===
[  414.3s] e11-2048M D1 client-side served = 136 ramp + 5 monitor = 141
[  414.3s] e11-2048M refusals observed client-side = 8
[  414.3s] e11-2048M refusal 1 frame status=48 len=120 text='CAS: no resources for a new client (worker pool at capacity: 141 concurrent clients)'
[  414.3s] e11-2048M refusal 1 hex=000b006800000000ffffffff00000030000000000000000000000000000000004341533a206e6f207265736f757263657320666f722061206e657720636c69656e742028776f726b657220706f6f6c2061742063617061636974793a2031343120636f6e63757272656e7420636c69656e74732900000000
[  414.3s] e11-2048M refusal 2 frame status=48 len=120 text='CAS: no resources for a new client (worker pool at capacity: 141 concurrent clients)'
[  414.3s] e11-2048M refusal 2 hex=000b006800000000ffffffff00000030000000000000000000000000000000004341533a206e6f207265736f757263657320666f722061206e657720636c69656e742028776f726b657220706f6f6c2061742063617061636974793a2031343120636f6e63757272656e7420636c69656e74732900000000
[  414.3s] e11-2048M refusal 3 frame status=48 len=120 text='CAS: no resources for a new client (worker pool at capacity: 141 concurrent clients)'
[  414.3s] e11-2048M refusal 3 hex=000b006800000000ffffffff00000030000000000000000000000000000000004341533a206e6f207265736f757263657320666f722061206e657720636c69656e742028776f726b657220706f6f6c2061742063617061636974793a2031343120636f6e63757272656e7420636c69656e74732900000000
[  414.3s] e11-2048M refusal 4 frame status=48 len=120 text='CAS: no resources for a new client (worker pool at capacity: 141 concurrent clients)'
[  414.3s] e11-2048M refusal 4 hex=000b006800000000ffffffff00000030000000000000000000000000000000004341533a206e6f207265736f757263657320666f722061206e657720636c69656e742028776f726b657220706f6f6c2061742063617061636974793a2031343120636f6e63757272656e7420636c69656e74732900000000
[  414.3s] e11-2048M refusal 5 frame status=48 len=120 text='CAS: no resources for a new client (worker pool at capacity: 141 concurrent clients)'
[  414.3s] e11-2048M refusal 5 hex=000b006800000000ffffffff00000030000000000000000000000000000000004341533a206e6f207265736f757263657320666f722061206e657720636c69656e742028776f726b657220706f6f6c2061742063617061636974793a2031343120636f6e63757272656e7420636c69656e74732900000000
[  414.3s] e11-2048M refusal 6 frame status=48 len=120 text='CAS: no resources for a new client (worker pool at capacity: 141 concurrent clients)'
[  414.3s] e11-2048M refusal 6 hex=000b006800000000ffffffff00000030000000000000000000000000000000004341533a206e6f207265736f757263657320666f722061206e657720636c69656e742028776f726b657220706f6f6c2061742063617061636974793a2031343120636f6e63757272656e7420636c69656e74732900000000
[  414.3s] e11-2048M refusal 7 frame status=48 len=120 text='CAS: no resources for a new client (worker pool at capacity: 141 concurrent clients)'
[  414.3s] e11-2048M refusal 7 hex=000b006800000000ffffffff00000030000000000000000000000000000000004341533a206e6f207265736f757263657320666f722061206e657720636c69656e742028776f726b657220706f6f6c2061742063617061636974793a2031343120636f6e63757272656e7420636c69656e74732900000000
[  414.3s] e11-2048M refusal 8 frame status=48 len=120 text='CAS: no resources for a new client (worker pool at capacity: 141 concurrent clients)'
[  414.3s] e11-2048M refusal 8 hex=000b006800000000ffffffff00000030000000000000000000000000000000004341533a206e6f207265736f757263657320666f722061206e657720636c69656e742028776f726b657220706f6f6c2061742063617061636974793a2031343120636f6e63757272656e7420636c69656e74732900000000
[  414.3s] e11-2048M SAMPLE top            CONN_CNT=0.0 REFUSED=0.0 FD_CNT=5.0 FD_MAX=1000.0 MEM_USED=16998400.0
[  414.4s] e11-2048M spot-check: 10/10 sampled held connections still answer a fresh READ_NOTIFY
[  414.4s] e11-2048M released 136 ramp connections
[  414.4s] e11-2048M refusalprobe done deadline_hit=False
