[    0.1s] e11-poolfix1024 monitor RTEMS:CA_CONN_CNT      initial=0.0
[    0.1s] e11-poolfix1024 monitor RTEMS:CA_REFUSED_CNT   initial=0.0
[    0.1s] e11-poolfix1024 monitor RTEMS:FD_CNT           initial=5.0
[    0.2s] e11-poolfix1024 monitor RTEMS:FD_MAX           initial=1000.0
[    0.2s] e11-poolfix1024 monitor RTEMS:MEM_USED         initial=16998400.0
[    0.2s] e11-poolfix1024 monitors=5 ceiling=200 refusals_wanted=8 deadline=900s
[    0.2s] e11-poolfix1024 SAMPLE idle           CONN_CNT=0.0 REFUSED=0.0 FD_CNT=5.0 FD_MAX=1000.0 MEM_USED=16998400.0
[    0.5s] e11-poolfix1024 UP held=8 total=13 last_conn=0.03s
[    0.8s] e11-poolfix1024 UP held=16 total=21 last_conn=0.03s
[    1.1s] e11-poolfix1024 UP held=24 total=29 last_conn=0.03s
[    1.2s] e11-poolfix1024 WALL attempt=28 held=27 elapsed_conn=0.01s REFUSED_BY_SERVER(status=48 text='CAS: no resources for a new client (worker pool at its thread-memory budget: this set needs 5120 KiB, 160 of 160 MiB already reserved â\x80\x94 raise EPICS_RS_POOL_RESERVATION_MB if the target has the memory)')
[    1.2s] e11-poolfix1024 REFUSAL 2/8 elapsed_conn=0.02s REFUSED_BY_SERVER(status=48 text='CAS: no resources for a new client (worker pool at its thread-memory budget: this set needs 5120 KiB, 160 of 160 MiB already reserved â\x80\x94 raise EPICS_RS_POOL_RESERVATION_MB if the target has the memory)')
[    1.3s] e11-poolfix1024 REFUSAL 3/8 elapsed_conn=0.01s REFUSED_BY_SERVER(status=48 text='CAS: no resources for a new client (worker pool at its thread-memory budget: this set needs 5120 KiB, 160 of 160 MiB already reserved â\x80\x94 raise EPICS_RS_POOL_RESERVATION_MB if the target has the memory)')
[    1.3s] e11-poolfix1024 REFUSAL 4/8 elapsed_conn=0.01s REFUSED_BY_SERVER(status=48 text='CAS: no resources for a new client (worker pool at its thread-memory budget: this set needs 5120 KiB, 160 of 160 MiB already reserved â\x80\x94 raise EPICS_RS_POOL_RESERVATION_MB if the target has the memory)')
[    1.3s] e11-poolfix1024 REFUSAL 5/8 elapsed_conn=0.01s REFUSED_BY_SERVER(status=48 text='CAS: no resources for a new client (worker pool at its thread-memory budget: this set needs 5120 KiB, 160 of 160 MiB already reserved â\x80\x94 raise EPICS_RS_POOL_RESERVATION_MB if the target has the memory)')
[    1.3s] e11-poolfix1024 REFUSAL 6/8 elapsed_conn=0.01s REFUSED_BY_SERVER(status=48 text='CAS: no resources for a new client (worker pool at its thread-memory budget: this set needs 5120 KiB, 160 of 160 MiB already reserved â\x80\x94 raise EPICS_RS_POOL_RESERVATION_MB if the target has the memory)')
[    1.3s] e11-poolfix1024 REFUSAL 7/8 elapsed_conn=0.01s REFUSED_BY_SERVER(status=48 text='CAS: no resources for a new client (worker pool at its thread-memory budget: this set needs 5120 KiB, 160 of 160 MiB already reserved â\x80\x94 raise EPICS_RS_POOL_RESERVATION_MB if the target has the memory)')
[    1.3s] e11-poolfix1024 REFUSAL 8/8 elapsed_conn=0.01s REFUSED_BY_SERVER(status=48 text='CAS: no resources for a new client (worker pool at its thread-memory budget: this set needs 5120 KiB, 160 of 160 MiB already reserved â\x80\x94 raise EPICS_RS_POOL_RESERVATION_MB if the target has the memory)')
[    1.3s] e11-poolfix1024 === TOP ===
[    1.3s] e11-poolfix1024 D1 client-side served = 27 ramp + 5 monitor = 32
[    1.3s] e11-poolfix1024 refusals observed client-side = 8
[    1.3s] e11-poolfix1024 refusal 1 frame status=48 len=240 text='CAS: no resources for a new client (worker pool at its thread-memory budget: this set needs 5120 KiB, 160 of 160 MiB already reserved â\x80\x94 raise EPICS_RS_POOL_RESERVATION_MB if the target has the memory)'
[    1.3s] e11-poolfix1024 refusal 1 hex=000b00e000000000ffffffff00000030000000000000000000000000000000004341533a206e6f207265736f757263657320666f722061206e657720636c69656e742028776f726b657220706f6f6c20617420697473207468726561642d6d656d6f7279206275646765743a207468697320736574206e656564732035313230204b69422c20313630206f6620313630204d694220616c726561647920726573657276656420e280942072616973652045504943535f52535f504f4f4c5f5245534552564154494f4e5f4d4220696620746865207461726765742068617320746865206d656d6f727929000000000000
[    1.3s] e11-poolfix1024 refusal 2 frame status=48 len=240 text='CAS: no resources for a new client (worker pool at its thread-memory budget: this set needs 5120 KiB, 160 of 160 MiB already reserved â\x80\x94 raise EPICS_RS_POOL_RESERVATION_MB if the target has the memory)'
[    1.3s] e11-poolfix1024 refusal 2 hex=000b00e000000000ffffffff00000030000000000000000000000000000000004341533a206e6f207265736f757263657320666f722061206e657720636c69656e742028776f726b657220706f6f6c20617420697473207468726561642d6d656d6f7279206275646765743a207468697320736574206e656564732035313230204b69422c20313630206f6620313630204d694220616c726561647920726573657276656420e280942072616973652045504943535f52535f504f4f4c5f5245534552564154494f4e5f4d4220696620746865207461726765742068617320746865206d656d6f727929000000000000
[    1.3s] e11-poolfix1024 refusal 3 frame status=48 len=240 text='CAS: no resources for a new client (worker pool at its thread-memory budget: this set needs 5120 KiB, 160 of 160 MiB already reserved â\x80\x94 raise EPICS_RS_POOL_RESERVATION_MB if the target has the memory)'
[    1.3s] e11-poolfix1024 refusal 3 hex=000b00e000000000ffffffff00000030000000000000000000000000000000004341533a206e6f207265736f757263657320666f722061206e657720636c69656e742028776f726b657220706f6f6c20617420697473207468726561642d6d656d6f7279206275646765743a207468697320736574206e656564732035313230204b69422c20313630206f6620313630204d694220616c726561647920726573657276656420e280942072616973652045504943535f52535f504f4f4c5f5245534552564154494f4e5f4d4220696620746865207461726765742068617320746865206d656d6f727929000000000000
[    1.3s] e11-poolfix1024 refusal 4 frame status=48 len=240 text='CAS: no resources for a new client (worker pool at its thread-memory budget: this set needs 5120 KiB, 160 of 160 MiB already reserved â\x80\x94 raise EPICS_RS_POOL_RESERVATION_MB if the target has the memory)'
[    1.3s] e11-poolfix1024 refusal 4 hex=000b00e000000000ffffffff00000030000000000000000000000000000000004341533a206e6f207265736f757263657320666f722061206e657720636c69656e742028776f726b657220706f6f6c20617420697473207468726561642d6d656d6f7279206275646765743a207468697320736574206e656564732035313230204b69422c20313630206f6620313630204d694220616c726561647920726573657276656420e280942072616973652045504943535f52535f504f4f4c5f5245534552564154494f4e5f4d4220696620746865207461726765742068617320746865206d656d6f727929000000000000
[    1.3s] e11-poolfix1024 refusal 5 frame status=48 len=240 text='CAS: no resources for a new client (worker pool at its thread-memory budget: this set needs 5120 KiB, 160 of 160 MiB already reserved â\x80\x94 raise EPICS_RS_POOL_RESERVATION_MB if the target has the memory)'
[    1.3s] e11-poolfix1024 refusal 5 hex=000b00e000000000ffffffff00000030000000000000000000000000000000004341533a206e6f207265736f757263657320666f722061206e657720636c69656e742028776f726b657220706f6f6c20617420697473207468726561642d6d656d6f7279206275646765743a207468697320736574206e656564732035313230204b69422c20313630206f6620313630204d694220616c726561647920726573657276656420e280942072616973652045504943535f52535f504f4f4c5f5245534552564154494f4e5f4d4220696620746865207461726765742068617320746865206d656d6f727929000000000000
[    1.3s] e11-poolfix1024 refusal 6 frame status=48 len=240 text='CAS: no resources for a new client (worker pool at its thread-memory budget: this set needs 5120 KiB, 160 of 160 MiB already reserved â\x80\x94 raise EPICS_RS_POOL_RESERVATION_MB if the target has the memory)'
[    1.3s] e11-poolfix1024 refusal 6 hex=000b00e000000000ffffffff00000030000000000000000000000000000000004341533a206e6f207265736f757263657320666f722061206e657720636c69656e742028776f726b657220706f6f6c20617420697473207468726561642d6d656d6f7279206275646765743a207468697320736574206e656564732035313230204b69422c20313630206f6620313630204d694220616c726561647920726573657276656420e280942072616973652045504943535f52535f504f4f4c5f5245534552564154494f4e5f4d4220696620746865207461726765742068617320746865206d656d6f727929000000000000
[    1.3s] e11-poolfix1024 refusal 7 frame status=48 len=240 text='CAS: no resources for a new client (worker pool at its thread-memory budget: this set needs 5120 KiB, 160 of 160 MiB already reserved â\x80\x94 raise EPICS_RS_POOL_RESERVATION_MB if the target has the memory)'
[    1.3s] e11-poolfix1024 refusal 7 hex=000b00e000000000ffffffff00000030000000000000000000000000000000004341533a206e6f207265736f757263657320666f722061206e657720636c69656e742028776f726b657220706f6f6c20617420697473207468726561642d6d656d6f7279206275646765743a207468697320736574206e656564732035313230204b69422c20313630206f6620313630204d694220616c726561647920726573657276656420e280942072616973652045504943535f52535f504f4f4c5f5245534552564154494f4e5f4d4220696620746865207461726765742068617320746865206d656d6f727929000000000000
[    1.3s] e11-poolfix1024 refusal 8 frame status=48 len=240 text='CAS: no resources for a new client (worker pool at its thread-memory budget: this set needs 5120 KiB, 160 of 160 MiB already reserved â\x80\x94 raise EPICS_RS_POOL_RESERVATION_MB if the target has the memory)'
[    1.3s] e11-poolfix1024 refusal 8 hex=000b00e000000000ffffffff00000030000000000000000000000000000000004341533a206e6f207265736f757263657320666f722061206e657720636c69656e742028776f726b657220706f6f6c20617420697473207468726561642d6d656d6f7279206275646765743a207468697320736574206e656564732035313230204b69422c20313630206f6620313630204d694220616c726561647920726573657276656420e280942072616973652045504943535f52535f504f4f4c5f5245534552564154494f4e5f4d4220696620746865207461726765742068617320746865206d656d6f727929000000000000
[    1.3s] e11-poolfix1024 SAMPLE top            CONN_CNT=0.0 REFUSED=0.0 FD_CNT=5.0 FD_MAX=1000.0 MEM_USED=16998400.0
[    1.4s] e11-poolfix1024 spot-check: 10/10 sampled held connections still answer a fresh READ_NOTIFY
[    1.4s] e11-poolfix1024 released 27 ramp connections
[    1.4s] e11-poolfix1024 refusalprobe done deadline_hit=False
