[    0.2s] chain-1 channels=28
[    0.2s] chain-1 put H=200.0 notify=True  elapsed=0.025s  OK
[    3.2s] chain-1 put H=1200.0 notify=False  elapsed=0.000s  OK
[    6.3s] chain-1 put FAN=207.0 notify=True elapsed=0.010s OK
[    9.3s] chain-1 H          = 1200.0
[    9.3s] chain-1 L1  depth=1  = 1201.0
[    9.3s] chain-1 L2  depth=2  = 1202.0
[    9.3s] chain-1 L3  depth=3  = 1203.0
[    9.3s] chain-1 L4  depth=4  = 1204.0
[    9.3s] chain-1 L5  depth=5  = 1205.0
[    9.3s] chain-1 L6  depth=6  = 1206.0
[    9.3s] chain-1 L7  depth=7  = 1207.0
[    9.3s] chain-1 L8  depth=8  = 1208.0
[    9.3s] chain-1 L9  depth=9  = 1209.0
[    9.3s] chain-1 L10 depth=10 = 1210.0
[    9.3s] chain-1 L11 depth=11 = 1211.0
[    9.3s] chain-1 L12 depth=12 = 1212.0
[    9.3s] chain-1 L13 depth=13 = 1213.0
[    9.3s] chain-1 L14 depth=14 = 1214.0
[    9.3s] chain-1 L15 depth=15 = 1215.0
[    9.3s] chain-1 L16 depth=16 = 0.0
[    9.3s] chain-1 L17 depth=17 = 0.0
[    9.3s] chain-1 L18 depth=18 = 0.0
[    9.3s] chain-1 F1         = 207.0
[    9.3s] chain-1 F2         = 207.0
[    9.3s] chain-1 F3         = 207.0
[    9.3s] chain-1 F4         = 207.0
[    9.3s] chain-1 F5         = 207.0
[    9.3s] chain-1 F6         = 207.0
[    9.3s] chain-1 F7         = 207.0
[    9.3s] chain-1 F8         = 207.0
[    9.3s] chain-1 chainprobe done
