-> MTXPROBE semaphores_created=1
POOLPROBE seq=1 BUSY=0 SETS=0 CAP=141 WORKERS=0 REFUSED=0 CONNS=0
C6 seq=1 dialpool workers=1 attempts=1 queued=0 dialing=0 MEM_FREE=-1 MEM_USED=43278336
POOLPROBE seq=2 BUSY=0 SETS=0 CAP=141 WORKERS=0 REFUSED=0 CONNS=0
C6 seq=2 dialpool workers=1 attempts=1 queued=0 dialing=0 MEM_FREE=-1 MEM_USED=43278336
POOLPROBE seq=3 BUSY=0 SETS=0 CAP=141 WORKERS=0 REFUSED=0 CONNS=0
C6 seq=3 dialpool workers=1 attempts=2 queued=0 dialing=0 MEM_FREE=-1 MEM_USED=43278336
POOLPROBE seq=4 BUSY=0 SETS=0 CAP=141 WORKERS=0 REFUSED=0 CONNS=0
C6 seq=4 dialpool workers=1 attempts=2 queued=0 dialing=0 MEM_FREE=-1 MEM_USED=43278336
link chain depth limit reached at record RTEMS:E8:L16
POOLPROBE seq=5 BUSY=4 SETS=4 CAP=141 WORKERS=8 REFUSED=0 CONNS=4
C6 seq=5 dialpool workers=1 attempts=2 queued=0 dialing=0 MEM_FREE=-1 MEM_USED=211804160
POOLPROBE seq=6 BUSY=4 SETS=4 CAP=141 WORKERS=8 REFUSED=0 CONNS=4
C6 seq=6 dialpool workers=1 attempts=3 queued=0 dialing=0 MEM_FREE=-1 MEM_USED=211804160
STACKUSE begin tag=c6-6 count=27 capacity=unbounded dropped=0 source=registry
STACKUSE scope tag=c6-6 lists only threads that called runtime::task::enter_ioc_thread, plus main; VxWorks has no RTP task enumerator (taskIdListGet is kernel-only), so a std::thread spawned outside the runtime seam is invisible here
STACKUSE tag=c6-6 id=0x00010000 name=iRealtime-ca-ioc size=65536 current=8032 high=19728 margin=45808
STACKUSE tag=c6-6 id=0x00010017 name=cbLow size=2097152 current=1008 high=3520 margin=2093632
STACKUSE tag=c6-6 id=0x0001001b name=cbMedium size=2097152 current=1008 high=206800 margin=1890352
STACKUSE tag=c6-6 id=0x0001005f name=CAC-dial 0 size=524288 current=1024 high=3248 margin=521040
STACKUSE tag=c6-6 id=0x0001001f name=cbHigh size=2097152 current=1008 high=3680 margin=2093472
STACKUSE tag=c6-6 id=0x00010023 name=cbTimer size=1048576 current=1152 high=3456 margin=1045120
STACKUSE tag=c6-6 id=0x00010027 name=scanOnce size=2097152 current=1008 high=3520 margin=2093632
STACKUSE tag=c6-6 id=0x00010034 name=scan-owner size=1048576 current=2096 high=6664 margin=1041912
STACKUSE tag=c6-6 id=0x00010081 name=scan-10 size=2097152 current=2240 high=4672 margin=2092480
STACKUSE tag=c6-6 id=0x00010085 name=scan-5 size=2097152 current=2240 high=4544 margin=2092608
STACKUSE tag=c6-6 id=0x00010089 name=scan-2 size=2097152 current=2240 high=4544 margin=2092608
STACKUSE tag=c6-6 id=0x0001008d name=scan-1 size=2097152 current=2240 high=4544 margin=2092608
STACKUSE tag=c6-6 id=0x00010091 name=scan-0.5 size=2097152 current=2240 high=4544 margin=2092608
STACKUSE tag=c6-6 id=0x00010095 name=scan-0.2 size=2097152 current=2240 high=4544 margin=2092608
STACKUSE tag=c6-6 id=0x00010099 name=scan-0.1 size=2097152 current=2240 high=4544 margin=2092608
STACKUSE tag=c6-6 id=0x00010038 name=status-pv size=524288 current=1520 high=4728 margin=519560
STACKUSE tag=c6-6 id=0x0001003c name=CAS-TCP size=1048576 current=2384 high=5568 margin=1043008
STACKUSE tag=c6-6 id=0x00010040 name=CAS-UDP size=1048576 current=2528 high=5056 margin=1043520
STACKUSE tag=c6-6 id=0x000100a4 name=c6-probe size=1048576 current=2000 high=4544 margin=1044032
STACKUSE tag=c6-6 id=0x000300d3 name=CAS-client 0 size=2097152 current=6096 high=65912 margin=2031240
STACKUSE tag=c6-6 id=0x00030053 name=CAS-event 0 size=1048576 current=2736 high=7592 margin=1040984
STACKUSE tag=c6-6 id=0x000300e2 name=CAS-client 1 size=2097152 current=6096 high=12992 margin=2084160
STACKUSE tag=c6-6 id=0x000300e6 name=CAS-event 1 size=1048576 current=2736 high=7592 margin=1040984
STACKUSE tag=c6-6 id=0x000300ee name=CAS-client 2 size=2097152 current=6096 high=12992 margin=2084160
STACKUSE tag=c6-6 id=0x000300f2 name=CAS-event 2 size=1048576 current=2736 high=7592 margin=1040984
STACKUSE tag=c6-6 id=0x000300fb name=CAS-client 3 size=2097152 current=6096 high=12992 margin=2084160
STACKUSE tag=c6-6 id=0x000300ff name=CAS-event 3 size=1048576 current=2736 high=7592 margin=1040984
STACKUSE end tag=c6-6
MTXPROBE semaphores_created=512
POOLPROBE seq=7 BUSY=4 SETS=4 CAP=141 WORKERS=8 REFUSED=0 CONNS=4
C6 seq=7 dialpool workers=1 attempts=3 queued=0 dialing=0 MEM_FREE=-1 MEM_USED=211804160
link chain depth limit reached at record RTEMS:E8:L16
link chain depth limit reached at record RTEMS:E8:L16
memory allocation of 1048576 bytes failed
0xffff80000988a800 (CAS-client 3): RTP 0xffff800009444000 has been deleted due to signal 6.
memory allocation of 1048576 bytes failed
