POOLPROBE seq=51 BUSY=0 SETS=4 CAP=141 WORKERS=8 REFUSED=0 CONNS=0
C6 seq=51 dialpool workers=1 attempts=43 queued=0 dialing=0 MEM_FREE=-1 MEM_USED=203874304
MTXPROBE semaphores_created=1
0xffff800008c06200 (scan-owner): RTP 0xffff800008be8000 has been deleted due to signal 6.
MTXPROBE semaphores_created=7680
POOLPROBE seq=52 BUSY=0 SETS=4 CAP=141 WORKERS=8 REFUSED=0 CONNS=0
C6 seq=52 dialpool workers=1 attempts=44 queued=0 dialing=0 MEM_FREE=-1 MEM_USED=203874304
POOLPROBE seq=53 BUSY=0 SETS=4 CAP=141 WORKERS=8 REFUSED=0 CONNS=0
C6 seq=53 dialpool workers=1 attempts=44 queued=0 dialing=0 MEM_FREE=-1 MEM_USED=203874304
POOLPROBE seq=54 BUSY=0 SETS=4 CAP=141 WORKERS=8 REFUSED=0 CONNS=0
C6 seq=54 dialpool workers=1 attempts=44 queued=0 dialing=0 MEM_FREE=-1 MEM_USED=203874304
STACKUSE begin tag=c6-54 count=27 capacity=unbounded dropped=0 source=registry
STACKUSE scope tag=c6-54 lists only threads that called runtime::task::enter_ioc_thread, plus main; VxWorks has no RTP task enumerator (taskIdListGet is kernel-only), so a std::thread spawned outside the runtime seam is invisible here
STACKUSE tag=c6-54 id=0x00010000 name=iRealtime-ca-ioc size=65536 current=8032 high=19728 margin=45808
STACKUSE tag=c6-54 id=0x00010017 name=cbLow size=2097152 current=1008 high=3520 margin=2093632
STACKUSE tag=c6-54 id=0x0001001b name=cbMedium size=2097152 current=1008 high=206800 margin=1890352
STACKUSE tag=c6-54 id=0x0001005e name=CAC-dial 0 size=524288 current=1024 high=3248 margin=521040
STACKUSE tag=c6-54 id=0x0001001f name=cbHigh size=2097152 current=1008 high=3680 margin=2093472
STACKUSE tag=c6-54 id=0x00010023 name=cbTimer size=1048576 current=1152 high=3456 margin=1045120
STACKUSE tag=c6-54 id=0x00010027 name=scanOnce size=2097152 current=1008 high=3520 margin=2093632
STACKUSE tag=c6-54 id=0x00010034 name=scan-owner size=1048576 current=2096 high=6664 margin=1041912
STACKUSE tag=c6-54 id=0x00010080 name=scan-10 size=2097152 current=2240 high=4672 margin=2092480
STACKUSE tag=c6-54 id=0x00010084 name=scan-5 size=2097152 current=2240 high=4544 margin=2092608
STACKUSE tag=c6-54 id=0x00010088 name=scan-2 size=2097152 current=2240 high=4544 margin=2092608
STACKUSE tag=c6-54 id=0x0001008c name=scan-1 size=2097152 current=2240 high=4544 margin=2092608
STACKUSE tag=c6-54 id=0x00010090 name=scan-0.5 size=2097152 current=2240 high=4544 margin=2092608
STACKUSE tag=c6-54 id=0x00010094 name=scan-0.2 size=2097152 current=2240 high=4544 margin=2092608
STACKUSE tag=c6-54 id=0x00010098 name=scan-0.1 size=2097152 current=2240 high=4544 margin=2092608
STACKUSE tag=c6-54 id=0x00010038 name=status-pv size=524288 current=1520 high=4728 margin=519560
STACKUSE tag=c6-54 id=0x0001003c name=CAS-TCP size=1048576 current=2384 high=5568 margin=1043008
STACKUSE tag=c6-54 id=0x00010040 name=CAS-UDP size=1048576 current=2528 high=5056 margin=1043520
STACKUSE tag=c6-54 id=0x000100a3 name=c6-probe size=1048576 current=2000 high=4544 margin=1044032
STACKUSE tag=c6-54 id=0x00030047 name=CAS-client 0 size=2097152 current=1536 high=65912 margin=2031240
STACKUSE tag=c6-54 id=0x00030069 name=CAS-event 0 size=1048576 current=1536 high=7120 margin=1041456
STACKUSE tag=c6-54 id=0x000300ac name=CAS-client 1 size=2097152 current=1536 high=65912 margin=2031240
STACKUSE tag=c6-54 id=0x000300b0 name=CAS-event 1 size=1048576 current=1536 high=7120 margin=1041456
STACKUSE tag=c6-54 id=0x000300b9 name=CAS-client 2 size=2097152 current=1536 high=65912 margin=2031240
STACKUSE tag=c6-54 id=0x000300bd name=CAS-event 2 size=1048576 current=1536 high=7120 margin=1041456
STACKUSE tag=c6-54 id=0x000300c5 name=CAS-client 3 size=2097152 current=1536 high=65912 margin=2031240
STACKUSE tag=c6-54 id=0x000300c9 name=CAS-event 3 size=1048576 current=1536 high=7120 margin=1041456
STACKUSE end tag=c6-54
link chain depth limit reached at record RTEMS:E8:L16
link chain depth limit reached at record RTEMS:E8:L16
link chain depth limit reached at record RTEMS:E8:L16
link chain depth limit reached at record RTEMS:E8:L16
link chain depth limit reached at record RTEMS:E8:L16
link chain depth limit reached at record RTEMS:E8:L16
link chain depth limit reached at record RTEMS:E8:L16
link chain depth limit reached at record RTEMS:E8:L16
link chain depth limit reached at record RTEMS:E8:L16
link chain depth limit reached at record RTEMS:E8:L16
link chain depth limit reached at record RTEMS:E8:L16
link chain depth limit reached at record RTEMS:E8:L16
link chain depth limit reached at record RTEMS:E8:L16
link chain depth limit reached at record RTEMS:E8:L16
link chain depth limit reached at record RTEMS:E8:L16
MTXPROBE semaphores_created=8192
link chain depth limit reached at record RTEMS:E8:L16
link chain depth limit reached at record RTEMS:E8:L16
link chain depth limit reached at record RTEMS:E8:L16
link chain depth limit reached at record RTEMS:E8:L16
link chain depth limit reached at record RTEMS:E8:L16
link chain depth limit reached at record RTEMS:E8:L16
link chain depth limit reached at record RTEMS:E8:L16
link chain depth limit reached at record RTEMS:E8:L16
link chain depth limit reached at record RTEMS:E8:L16
link chain depth limit reached at record RTEMS:E8:L16
link chain depth limit reached at record RTEMS:E8:L16
link chain depth limit reached at record RTEMS:E8:L16
link chain depth limit reached at record RTEMS:E8:L16
link chain depth limit reached at record RTEMS:E8:L16
link chain depth limit reached at record RTEMS:E8:L16
link chain depth limit reached at record RTEMS:E8:L16
link chain depth limit reached at record RTEMS:E8:L16
link chain depth limit reached at record RTEMS:E8:L16
link chain depth limit reached at record RTEMS:E8:L16
link chain depth limit reached at record RTEMS:E8:L16
link chain depth limit reached at record RTEMS:E8:L16
link chain depth limit reached at record RTEMS:E8:L16
link chain depth limit reached at record RTEMS:E8:L16
link chain depth limit reached at record RTEMS:E8:L16
link chain depth limit reached at record RTEMS:E8:L16
link chain depth limit reached at record RTEMS:E8:L16
MTXPROBE semaphores_created=8704
link chain depth limit reached at record RTEMS:E8:L16
link chain depth limit reached at record RTEMS:E8:L16
link chain depth limit reached at record RTEMS:E8:L16
link chain depth limit reached at record RTEMS:E8:L16
link chain depth limit reached at record RTEMS:E8:L16
link chain depth limit reached at record RTEMS:E8:L16
link chain depth limit reached at record RTEMS:E8:L16
link chain depth limit reached at record RTEMS:E8:L16
link chain depth limit reached at record RTEMS:E8:L16
link chain depth limit reached at record RTEMS:E8:L16
link chain depth limit reached at record RTEMS:E8:L16
link chain depth limit reached at record RTEMS:E8:L16
link chain depth limit reached at record RTEMS:E8:L16
link chain depth limit reached at record RTEMS:E8:L16
link chain depth limit reached at record RTEMS:E8:L16
link chain depth limit reached at record RTEMS:E8:L16
link chain depth limit reached at record RTEMS:E8:L16
link chain depth limit reached at record RTEMS:E8:L16
link chain depth limit reached at record RTEMS:E8:L16
link chain depth limit reached at record RTEMS:E8:L16
link chain depth limit reached at record RTEMS:E8:L16
link chain depth limit reached at record RTEMS:E8:L16
link chain depth limit reached at record RTEMS:E8:L16
link chain depth limit reached at record RTEMS:E8:L16
link chain depth limit reached at record RTEMS:E8:L16
link chain depth limit reached at record RTEMS:E8:L16
link chain depth limit reached at record RTEMS:E8:L16
link chain depth limit reached at record RTEMS:E8:L16
link chain depth limit reached at record RTEMS:E8:L16
link chain depth limit reached at record RTEMS:E8:L16
link chain depth limit reached at record RTEMS:E8:L16
link chain depth limit reached at record RTEMS:E8:L16
link chain depth limit reached at record RTEMS:E8:L16
link chain depth limit reached at record RTEMS:E8:L16
link chain depth limit reached at record RTEMS:E8:L16
link chain depth limit reached at record RTEMS:E8:L16
link chain depth limit reached at record RTEMS:E8:L16
link chain depth limit reached at record RTEMS:E8:L16
link chain depth limit reached at record RTEMS:E8:L16
link chain depth limit reached at record RTEMS:E8:L16
link chain depth limit reached at record RTEMS:E8:L16
link chain depth limit reached at record RTEMS:E8:L16
link chain depth limit reached at record RTEMS:E8:L16
MTXPROBE semaphores_created=9216
link chain depth limit reached at record RTEMS:E8:L16
link chain depth limit reached at record RTEMS:E8:L16
link chain depth limit reached at record RTEMS:E8:L16
link chain depth limit reached at record RTEMS:E8:L16
link chain depth limit reached at record RTEMS:E8:L16
link chain depth limit reached at record RTEMS:E8:L16
link chain depth limit reached at record RTEMS:E8:L16
link chain depth limit reached at record RTEMS:E8:L16
link chain depth limit reached at record RTEMS:E8:L16
link chain depth limit reached at record RTEMS:E8:L16
link chain depth limit reached at record RTEMS:E8:L16
link chain depth limit reached at record RTEMS:E8:L16
link chain depth limit reached at record RTEMS:E8:L16
link chain depth limit reached at record RTEMS:E8:L16
link chain depth limit reached at record RTEMS:E8:L16
link chain depth limit reached at record RTEMS:E8:L16
link chain depth limit reached at record RTEMS:E8:L16
link chain depth limit reached at record RTEMS:E8:L16
link chain depth limit reached at record RTEMS:E8:L16
link chain depth limit reached at record RTEMS:E8:L16
link chain depth limit reached at record RTEMS:E8:L16
link chain depth limit reached at record RTEMS:E8:L16
link chain depth limit reached at record RTEMS:E8:L16
link chain depth limit reached at record RTEMS:E8:L16
link chain depth limit reached at record RTEMS:E8:L16
link chain depth limit reached at record RTEMS:E8:L16
link chain depth limit reached at record RTEMS:E8:L16
link chain depth limit reached at record RTEMS:E8:L16
link chain depth limit reached at record RTEMS:E8:L16
link chain depth limit reached at record RTEMS:E8:L16
link chain depth limit reached at record RTEMS:E8:L16
link chain depth limit reached at record RTEMS:E8:L16
link chain depth limit reached at record RTEMS:E8:L16
link chain depth limit reached at record RTEMS:E8:L16
link chain depth limit reached at record RTEMS:E8:L16
link chain depth limit reached at record RTEMS:E8:L16
link chain depth limit reached at record RTEMS:E8:L16
link chain depth limit reached at record RTEMS:E8:L16
link chain depth limit reached at record RTEMS:E8:L16
link chain depth limit reached at record RTEMS:E8:L16
link chain depth limit reached at record RTEMS:E8:L16
link chain depth limit reached at record RTEMS:E8:L16
link chain depth limit reached at record RTEMS:E8:L16
link chain depth limit reached at record RTEMS:E8:L16
link chain depth limit reached at record RTEMS:E8:L16
link chain depth limit reached at record RTEMS:E8:L16
link chain depth limit reached at record RTEMS:E8:L16
link chain depth limit reached at record RTEMS:E8:L16
MTXPROBE semaphores_created=9728
link chain depth limit reached at record RTEMS:E8:L16
link chain depth limit reached at record RTEMS:E8:L16
link chain depth limit reached at record RTEMS:E8:L16
link chain depth limit reached at record RTEMS:E8:L16
link chain depth limit reached at record RTEMS:E8:L16
link chain depth limit reached at record RTEMS:E8:L16
link chain depth limit reached at record RTEMS:E8:L16
link chain depth limit reached at record RTEMS:E8:L16
link chain depth limit reached at record RTEMS:E8:L16
link chain depth limit reached at record RTEMS:E8:L16
link chain depth limit reached at record RTEMS:E8:L16
link chain depth limit reached at record RTEMS:E8:L16
link chain depth limit reached at record RTEMS:E8:L16
link chain depth limit reached at record RTEMS:E8:L16
link chain depth limit reached at record RTEMS:E8:L16
link chain depth limit reached at record RTEMS:E8:L16
link chain depth limit reached at record RTEMS:E8:L16
link chain depth limit reached at record RTEMS:E8:L16
link chain depth limit reached at record RTEMS:E8:L16
link chain depth limit reached at record RTEMS:E8:L16
link chain depth limit reached at record RTEMS:E8:L16
link chain depth limit reached at record RTEMS:E8:L16
link chain depth limit reached at record RTEMS:E8:L16
link chain depth limit reached at record RTEMS:E8:L16
link chain depth limit reached at record RTEMS:E8:L16
link chain depth limit reached at record RTEMS:E8:L16
link chain depth limit reached at record RTEMS:E8:L16
link chain depth limit reached at record RTEMS:E8:L16
link chain depth limit reached at record RTEMS:E8:L16
link chain depth limit reached at record RTEMS:E8:L16
link chain depth limit reached at record RTEMS:E8:L16
link chain depth limit reached at record RTEMS:E8:L16
link chain depth limit reached at record RTEMS:E8:L16
link chain depth limit reached at record RTEMS:E8:L16
link chain depth limit reached at record RTEMS:E8:L16
link chain depth limit reached at record RTEMS:E8:L16
link chain depth limit reached at record RTEMS:E8:L16
link chain depth limit reached at record RTEMS:E8:L16
link chain depth limit reached at record RTEMS:E8:L16
link chain depth limit reached at record RTEMS:E8:L16
link chain depth limit reached at record RTEMS:E8:L16
link chain depth limit reached at record RTEMS:E8:L16
link chain depth limit reached at record RTEMS:E8:L16
link chain depth limit reached at record RTEMS:E8:L16
link chain depth limit reached at record RTEMS:E8:L16
link chain depth limit reached at record RTEMS:E8:L16
link chain depth limit reached at record RTEMS:E8:L16
link chain depth limit reached at record RTEMS:E8:L16
MTXPROBE semaphores_created=10240
link chain depth limit reached at record RTEMS:E8:L16
link chain depth limit reached at record RTEMS:E8:L16
link chain depth limit reached at record RTEMS:E8:L16
link chain depth limit reached at record RTEMS:E8:L16
link chain depth limit reached at record RTEMS:E8:L16
link chain depth limit reached at record RTEMS:E8:L16
link chain depth limit reached at record RTEMS:E8:L16
link chain depth limit reached at record RTEMS:E8:L16
link chain depth limit reached at record RTEMS:E8:L16
link chain depth limit reached at record RTEMS:E8:L16
link chain depth limit reached at record RTEMS:E8:L16
link chain depth limit reached at record RTEMS:E8:L16
link chain depth limit reached at record RTEMS:E8:L16
link chain depth limit reached at record RTEMS:E8:L16
link chain depth limit reached at record RTEMS:E8:L16
link chain depth limit reached at record RTEMS:E8:L16
link chain depth limit reached at record RTEMS:E8:L16
link chain depth limit reached at record RTEMS:E8:L16
link chain depth limit reached at record RTEMS:E8:L16
link chain depth limit reached at record RTEMS:E8:L16
link chain depth limit reached at record RTEMS:E8:L16
link chain depth limit reached at record RTEMS:E8:L16
link chain depth limit reached at record RTEMS:E8:L16
link chain depth limit reached at record RTEMS:E8:L16
link chain depth limit reached at record RTEMS:E8:L16
link chain depth limit reached at record RTEMS:E8:L16
link chain depth limit reached at record RTEMS:E8:L16
link chain depth limit reached at record RTEMS:E8:L16
link chain depth limit reached at record RTEMS:E8:L16
link chain depth limit reached at record RTEMS:E8:L16
link chain depth limit reached at record RTEMS:E8:L16
link chain depth limit reached at record RTEMS:E8:L16
link chain depth limit reached at record RTEMS:E8:L16
link chain depth limit reached at record RTEMS:E8:L16
link chain depth limit reached at record RTEMS:E8:L16
link chain depth limit reached at record RTEMS:E8:L16
link chain depth limit reached at record RTEMS:E8:L16
link chain depth limit reached at record RTEMS:E8:L16
link chain depth limit reached at record RTEMS:E8:L16
link chain depth limit reached at record RTEMS:E8:L16
link chain depth limit reached at record RTEMS:E8:L16
link chain depth limit reached at record RTEMS:E8:L16
link chain depth limit reached at record RTEMS:E8:L16
link chain depth limit reached at record RTEMS:E8:L16
link chain depth limit reached at record RTEMS:E8:L16
link chain depth limit reached at record RTEMS:E8:L16
link chain depth limit reached at record RTEMS:E8:L16
link chain depth limit reached at record RTEMS:E8:L16
link chain depth limit reached at record RTEMS:E8:L16
MTXPROBE semaphores_created=10752
link chain depth limit reached at record RTEMS:E8:L16
link chain depth limit reached at record RTEMS:E8:L16
link chain depth limit reached at record RTEMS:E8:L16
link chain depth limit reached at record RTEMS:E8:L16
link chain depth limit reached at record RTEMS:E8:L16
link chain depth limit reached at record RTEMS:E8:L16
link chain depth limit reached at record RTEMS:E8:L16
link chain depth limit reached at record RTEMS:E8:L16
link chain depth limit reached at record RTEMS:E8:L16
link chain depth limit reached at record RTEMS:E8:L16
link chain depth limit reached at record RTEMS:E8:L16
POOLPROBE seq=55 BUSY=0 SETS=4 CAP=141 WORKERS=8 REFUSED=0 CONNS=0
C6 seq=55 dialpool workers=1 attempts=63 queued=0 dialing=0 MEM_FREE=-1 MEM_USED=209641472
