[    0.2s] wall-mtx2 monitors=5 ceiling=120 hold=90s deadline=440s
[    0.3s] wall-mtx2 SAMPLE idle         CONN_CNT=0.0 REFUSED=0.0 FD_CNT=5.0 FD_MAX=1000.0 MEM_USED=43278336.0
[    0.3s] wall-mtx2 UP n=  1 total=  6 total_s= 0.047 connect= 0.000 search= 0.030 create= 0.006 read= 0.012
[    0.3s] wall-mtx2 UP n=  2 total=  7 total_s= 0.040 connect= 0.000 search= 0.032 create= 0.004 read= 0.004
[    0.4s] wall-mtx2 UP n=  3 total=  8 total_s= 0.038 connect= 0.000 search= 0.030 create= 0.004 read= 0.003
[    0.4s] wall-mtx2 UP n=  4 total=  9 total_s= 0.041 connect= 0.000 search= 0.032 create= 0.004 read= 0.003
[    0.5s] wall-mtx2 UP n=  5 total= 10 total_s= 0.037 connect= 0.000 search= 0.029 create= 0.004 read= 0.003
[    0.5s] wall-mtx2 UP n=  6 total= 11 total_s= 0.040 connect= 0.000 search= 0.032 create= 0.004 read= 0.004
[    0.5s] wall-mtx2 UP n=  7 total= 12 total_s= 0.037 connect= 0.000 search= 0.028 create= 0.004 read= 0.003
[    0.6s] wall-mtx2 UP n=  8 total= 13 total_s= 0.041 connect= 0.000 search= 0.033 create= 0.004 read= 0.004
[    0.6s] wall-mtx2 UP n=  9 total= 14 total_s= 0.037 connect= 0.000 search= 0.029 create= 0.004 read= 0.004
[    0.7s] wall-mtx2 UP n= 10 total= 15 total_s= 0.040 connect= 0.000 search= 0.031 create= 0.005 read= 0.003
[    0.7s] wall-mtx2 UP n= 11 total= 16 total_s= 0.038 connect= 0.000 search= 0.030 create= 0.004 read= 0.003
[    0.7s] wall-mtx2 UP n= 12 total= 17 total_s= 0.039 connect= 0.000 search= 0.031 create= 0.004 read= 0.003
[    0.8s] wall-mtx2 UP n= 13 total= 18 total_s= 0.036 connect= 0.000 search= 0.028 create= 0.004 read= 0.004
[    0.8s] wall-mtx2 UP n= 14 total= 19 total_s= 0.038 connect= 0.000 search= 0.029 create= 0.005 read= 0.003
[    0.8s] wall-mtx2 UP n= 15 total= 20 total_s= 0.037 connect= 0.000 search= 0.029 create= 0.004 read= 0.003
[    0.9s] wall-mtx2 UP n= 16 total= 21 total_s= 0.039 connect= 0.000 search= 0.031 create= 0.004 read= 0.004
[    0.9s] wall-mtx2 UP n= 17 total= 22 total_s= 0.037 connect= 0.000 search= 0.029 create= 0.004 read= 0.004
[    1.0s] wall-mtx2 UP n= 18 total= 23 total_s= 0.042 connect= 0.000 search= 0.035 create= 0.004 read= 0.003
[    1.0s] wall-mtx2 UP n= 19 total= 24 total_s= 0.043 connect= 0.000 search= 0.035 create= 0.005 read= 0.003
[    1.0s] wall-mtx2 UP n= 20 total= 25 total_s= 0.039 connect= 0.000 search= 0.031 create= 0.004 read= 0.003
[    1.1s] wall-mtx2 UP n= 21 total= 26 total_s= 0.036 connect= 0.000 search= 0.029 create= 0.004 read= 0.003
[    1.1s] wall-mtx2 UP n= 22 total= 27 total_s= 0.041 connect= 0.000 search= 0.032 create= 0.005 read= 0.003
[    1.2s] wall-mtx2 UP n= 23 total= 28 total_s= 0.038 connect= 0.000 search= 0.028 create= 0.006 read= 0.004
[    1.2s] wall-mtx2 UP n= 24 total= 29 total_s= 0.040 connect= 0.000 search= 0.032 create= 0.004 read= 0.004
[    1.3s] wall-mtx2 UP n= 25 total= 30 total_s= 0.083 connect= 0.000 search= 0.075 create= 0.004 read= 0.003
[    1.3s] wall-mtx2 UP n= 26 total= 31 total_s= 0.041 connect= 0.000 search= 0.032 create= 0.005 read= 0.003
[    1.5s] wall-mtx2 UP n= 27 total= 32 total_s= 0.128 connect= 0.000 search= 0.120 create= 0.004 read= 0.004
[    1.5s] wall-mtx2 UP n= 28 total= 33 total_s= 0.037 connect= 0.000 search= 0.029 create= 0.004 read= 0.003
[    1.5s] wall-mtx2 UP n= 29 total= 34 total_s= 0.044 connect= 0.000 search= 0.036 create= 0.004 read= 0.004
[    1.6s] wall-mtx2 UP n= 30 total= 35 total_s= 0.040 connect= 0.000 search= 0.032 create= 0.005 read= 0.003
[    1.6s] wall-mtx2 UP n= 31 total= 36 total_s= 0.040 connect= 0.000 search= 0.032 create= 0.004 read= 0.003
[    1.6s] wall-mtx2 UP n= 32 total= 37 total_s= 0.036 connect= 0.000 search= 0.028 create= 0.004 read= 0.003
[    1.7s] wall-mtx2 UP n= 33 total= 38 total_s= 0.088 connect= 0.000 search= 0.079 create= 0.004 read= 0.004
[    1.8s] wall-mtx2 UP n= 34 total= 39 total_s= 0.040 connect= 0.000 search= 0.032 create= 0.004 read= 0.004
[    1.8s] wall-mtx2 UP n= 35 total= 40 total_s= 0.041 connect= 0.000 search= 0.033 create= 0.004 read= 0.004
[    1.9s] wall-mtx2 UP n= 36 total= 41 total_s= 0.036 connect= 0.000 search= 0.028 create= 0.004 read= 0.004
[    1.9s] wall-mtx2 UP n= 37 total= 42 total_s= 0.039 connect= 0.000 search= 0.032 create= 0.004 read= 0.003
[    1.9s] wall-mtx2 UP n= 38 total= 43 total_s= 0.038 connect= 0.000 search= 0.030 create= 0.004 read= 0.003
[    2.0s] wall-mtx2 UP n= 39 total= 44 total_s= 0.042 connect= 0.000 search= 0.034 create= 0.005 read= 0.003
[    2.0s] wall-mtx2 UP n= 40 total= 45 total_s= 0.037 connect= 0.000 search= 0.030 create= 0.004 read= 0.004
[    2.1s] wall-mtx2 UP n= 41 total= 46 total_s= 0.085 connect= 0.000 search= 0.077 create= 0.004 read= 0.003
[    2.1s] wall-mtx2 UP n= 42 total= 47 total_s= 0.043 connect= 0.000 search= 0.035 create= 0.005 read= 0.003
[    2.2s] wall-mtx2 UP n= 43 total= 48 total_s= 0.043 connect= 0.000 search= 0.035 create= 0.004 read= 0.004
[   22.2s] wall-mtx2 FAIL attempt=44 held=43 total=48 elapsed=20.02s OTHER(TimeoutError: timed out)
[   22.2s] wall-mtx2 FAIL attempt=44 held=43 total=48 elapsed=0.01s ACCEPTED_THEN_EOF
[   22.2s] wall-mtx2 FAIL attempt=44 held=43 total=48 elapsed=0.02s REFUSED_BY_SERVER(CA_PROTO_ERROR:CAS: no resources for a new client (resource unavailable try again (os error 11))|hex=000b006800000000ffffffff00000030000000000000000000000000000000004341533a206e6f207265736f757263657320666f722061206e657720636c69656e7420287265736f7572636520756e617661696c61626c652074727920616761696e20286f73206572726f72203131292900000000000000)
[   22.3s] wall-mtx2 FAIL attempt=44 held=43 total=48 elapsed=0.03s REFUSED_BY_SERVER(CA_PROTO_ERROR:CAS: no resources for a new client (resource unavailable try again (os error 11))|hex=000b006800000000ffffffff00000030000000000000000000000000000000004341533a206e6f207265736f757263657320666f722061206e657720636c69656e7420287265736f7572636520756e617661696c61626c652074727920616761696e20286f73206572726f72203131292900000000000000)
[   22.3s] wall-mtx2 === TOP ===
[   22.3s] wall-mtx2 D1 client-side served = 43 ramp + 5 monitor = 48
[   22.3s] wall-mtx2 deadline_hit=False consecutive_failures=4 ceiling_hit=False
[   22.3s] wall-mtx2 SAMPLE top          CONN_CNT=48.0 REFUSED=0.0 FD_CNT=53.0 FD_MAX=1000.0 MEM_USED=69636096.0
[   22.3s] wall-mtx2 D2 server-side RTEMS:CA_CONN_CNT = 48.0
[   22.3s] wall-mtx2 first failure at ramp attempt 44, t=22.2s
[   22.3s] wall-mtx2 first failure verbatim: OTHER(TimeoutError: timed out)
[   22.3s] wall-mtx2 holding the top 90s so a full census pass lands there
[  112.3s] wall-mtx2 SAMPLE top-held     CONN_CNT=48.0 REFUSED=2.0 FD_CNT=53.0 FD_MAX=1000.0 MEM_USED=69636096.0
[  112.3s] wall-mtx2 phaseramp done
