[    0.0s] stackload5 connections=4 rounds=12 hold=380s
[    0.2s] stackload5 conn 1 up, 8 channels
[    0.3s] stackload5 conn 2 up, 8 channels
[    0.5s] stackload5 conn 3 up, 8 channels
[    0.7s] stackload5 conn 4 up, 8 channels
[    2.4s] stackload5 monitors established on 4 connections (monbig=0)
[   17.1s] stackload5 round1 get_BIG_ctrl ok bytes=1048656
[   17.1s] stackload5 round1 get_SA     ok bytes=32768
[   17.1s] stackload5 round1 get_SA_ctrl ok bytes=32848
[   17.1s] stackload5 round1 get_WF     ok bytes=262144
[   17.1s] stackload5 round1 get_WF2    ok bytes=65536
[   17.1s] stackload5 round1 get_WFBIG  ok bytes=1048576
[   17.1s] stackload5 round1 get_WF_ctrl ok bytes=262224
[   17.1s] stackload5 round1 get_WF_time ok bytes=262160
[   17.1s] stackload5 round1 put_WF     ok
[   17.1s] stackload5 round1 put_WFBIG  ok
[   17.1s] stackload5 round1 put_chain  ok
[   17.1s] stackload5 round1 put_fan    ok
[  157.6s] stackload5 12 rounds done over 4 connections
[  157.6s] stackload5 OP get_BIG_ctrl ok=48   fail=0    worst=  1.171s first=ok bytes=1048656 firstfail=None
[  157.6s] stackload5 OP get_SA     ok=48   fail=0    worst=  0.040s first=ok bytes=32768 firstfail=None
[  157.6s] stackload5 OP get_SA_ctrl ok=48   fail=0    worst=  0.037s first=ok bytes=32848 firstfail=None
[  157.6s] stackload5 OP get_WF     ok=48   fail=0    worst=  0.217s first=ok bytes=262144 firstfail=None
[  157.6s] stackload5 OP get_WF2    ok=48   fail=0    worst=  0.042s first=ok bytes=65536 firstfail=None
[  157.6s] stackload5 OP get_WFBIG  ok=48   fail=0    worst=  0.865s first=ok bytes=1048576 firstfail=None
[  157.6s] stackload5 OP get_WF_ctrl ok=48   fail=0    worst=  0.154s first=ok bytes=262224 firstfail=None
[  157.6s] stackload5 OP get_WF_time ok=48   fail=0    worst=  0.164s first=ok bytes=262160 firstfail=None
[  157.6s] stackload5 OP put_WF     ok=48   fail=0    worst=  0.457s first=ok firstfail=None
[  157.6s] stackload5 OP put_WFBIG  ok=48   fail=0    worst=  1.495s first=ok firstfail=None
[  157.6s] stackload5 OP put_chain  ok=48   fail=0    worst=  0.057s first=ok firstfail=None
[  157.6s] stackload5 OP put_fan    ok=48   fail=0    worst=  0.008s first=ok firstfail=None
[  157.6s] stackload5 holding 380s so a census pass lands at the deepest point
[  543.2s] stackload5 HOLD ok=192 fail=0 firstfail=None
[  543.2s] stackload5 stackload done
