[    0.2s] poolMedium monitors=5 ceiling=200 hold=0s deadline=300s
[    0.2s] poolMedium SAMPLE idle         CONN_CNT=0.0 REFUSED=0.0 FD_CNT=5.0 FD_MAX=1000.0 MEM_USED=43278336.0
[    0.3s] poolMedium UP n=  1 total=  6 total_s= 0.045 connect= 0.000 search= 0.030 create= 0.006 read= 0.009
[    0.3s] poolMedium UP n=  2 total=  7 total_s= 0.042 connect= 0.000 search= 0.031 create= 0.007 read= 0.004
[    0.4s] poolMedium UP n=  3 total=  8 total_s= 0.036 connect= 0.000 search= 0.028 create= 0.004 read= 0.004
[    0.4s] poolMedium UP n=  4 total=  9 total_s= 0.034 connect= 0.000 search= 0.026 create= 0.004 read= 0.004
[    0.4s] poolMedium UP n=  5 total= 10 total_s= 0.034 connect= 0.000 search= 0.026 create= 0.004 read= 0.004
[    0.5s] poolMedium UP n=  6 total= 11 total_s= 0.034 connect= 0.000 search= 0.026 create= 0.004 read= 0.004
[    0.5s] poolMedium UP n=  7 total= 12 total_s= 0.035 connect= 0.000 search= 0.027 create= 0.004 read= 0.004
[    0.5s] poolMedium UP n=  8 total= 13 total_s= 0.037 connect= 0.000 search= 0.029 create= 0.004 read= 0.004
[    0.6s] poolMedium UP n=  9 total= 14 total_s= 0.034 connect= 0.000 search= 0.026 create= 0.004 read= 0.004
[    0.6s] poolMedium UP n= 10 total= 15 total_s= 0.034 connect= 0.000 search= 0.026 create= 0.004 read= 0.004
[    0.6s] poolMedium UP n= 11 total= 16 total_s= 0.035 connect= 0.000 search= 0.026 create= 0.005 read= 0.004
[    0.7s] poolMedium UP n= 12 total= 17 total_s= 0.034 connect= 0.000 search= 0.026 create= 0.005 read= 0.004
[    0.7s] poolMedium UP n= 13 total= 18 total_s= 0.036 connect= 0.000 search= 0.025 create= 0.006 read= 0.004
[    0.7s] poolMedium UP n= 14 total= 19 total_s= 0.034 connect= 0.000 search= 0.027 create= 0.004 read= 0.004
[    0.8s] poolMedium UP n= 15 total= 20 total_s= 0.034 connect= 0.000 search= 0.026 create= 0.004 read= 0.004
[    0.8s] poolMedium UP n= 16 total= 21 total_s= 0.034 connect= 0.000 search= 0.026 create= 0.004 read= 0.004
[    0.8s] poolMedium UP n= 17 total= 22 total_s= 0.035 connect= 0.000 search= 0.027 create= 0.004 read= 0.004
[    0.9s] poolMedium UP n= 18 total= 23 total_s= 0.034 connect= 0.000 search= 0.026 create= 0.004 read= 0.004
[    0.9s] poolMedium UP n= 19 total= 24 total_s= 0.036 connect= 0.000 search= 0.028 create= 0.004 read= 0.004
[    1.0s] poolMedium UP n= 20 total= 25 total_s= 0.038 connect= 0.000 search= 0.030 create= 0.004 read= 0.004
[    1.0s] poolMedium UP n= 21 total= 26 total_s= 0.034 connect= 0.000 search= 0.026 create= 0.005 read= 0.004
[    1.0s] poolMedium UP n= 22 total= 27 total_s= 0.034 connect= 0.000 search= 0.026 create= 0.005 read= 0.004
[    1.1s] poolMedium UP n= 23 total= 28 total_s= 0.035 connect= 0.000 search= 0.027 create= 0.005 read= 0.004
[    1.1s] poolMedium UP n= 24 total= 29 total_s= 0.034 connect= 0.000 search= 0.025 create= 0.005 read= 0.004
[    1.2s] poolMedium UP n= 25 total= 30 total_s= 0.076 connect= 0.000 search= 0.067 create= 0.004 read= 0.004
[    1.2s] poolMedium UP n= 26 total= 31 total_s= 0.034 connect= 0.000 search= 0.026 create= 0.004 read= 0.004
[    1.2s] poolMedium UP n= 27 total= 32 total_s= 0.035 connect= 0.000 search= 0.026 create= 0.004 read= 0.005
[    1.3s] poolMedium UP n= 28 total= 33 total_s= 0.110 connect= 0.000 search= 0.102 create= 0.004 read= 0.004
[    1.4s] poolMedium UP n= 29 total= 34 total_s= 0.035 connect= 0.000 search= 0.027 create= 0.004 read= 0.004
[    1.4s] poolMedium UP n= 30 total= 35 total_s= 0.036 connect= 0.000 search= 0.027 create= 0.005 read= 0.004
[    1.5s] poolMedium UP n= 31 total= 36 total_s= 0.036 connect= 0.000 search= 0.027 create= 0.004 read= 0.004
[    1.5s] poolMedium UP n= 32 total= 37 total_s= 0.034 connect= 0.000 search= 0.026 create= 0.005 read= 0.004
[    1.6s] poolMedium UP n= 33 total= 38 total_s= 0.076 connect= 0.000 search= 0.068 create= 0.005 read= 0.004
[    1.6s] poolMedium UP n= 34 total= 39 total_s= 0.038 connect= 0.000 search= 0.029 create= 0.004 read= 0.005
[    1.6s] poolMedium UP n= 35 total= 40 total_s= 0.035 connect= 0.000 search= 0.026 create= 0.004 read= 0.005
[    1.7s] poolMedium UP n= 36 total= 41 total_s= 0.034 connect= 0.000 search= 0.025 create= 0.004 read= 0.004
[    1.7s] poolMedium UP n= 37 total= 42 total_s= 0.036 connect= 0.000 search= 0.026 create= 0.006 read= 0.004
[    1.7s] poolMedium UP n= 38 total= 43 total_s= 0.035 connect= 0.000 search= 0.026 create= 0.005 read= 0.004
[    1.8s] poolMedium UP n= 39 total= 44 total_s= 0.034 connect= 0.000 search= 0.026 create= 0.004 read= 0.004
[    1.8s] poolMedium UP n= 40 total= 45 total_s= 0.034 connect= 0.000 search= 0.026 create= 0.004 read= 0.004
[    1.9s] poolMedium UP n= 41 total= 46 total_s= 0.073 connect= 0.000 search= 0.064 create= 0.004 read= 0.004
[    1.9s] poolMedium UP n= 42 total= 47 total_s= 0.038 connect= 0.000 search= 0.029 create= 0.004 read= 0.004
[    2.0s] poolMedium UP n= 43 total= 48 total_s= 0.055 connect= 0.000 search= 0.047 create= 0.004 read= 0.004
[    2.0s] poolMedium UP n= 44 total= 49 total_s= 0.035 connect= 0.000 search= 0.027 create= 0.004 read= 0.004
[    2.0s] poolMedium UP n= 45 total= 50 total_s= 0.036 connect= 0.000 search= 0.028 create= 0.004 read= 0.004
[    2.1s] poolMedium UP n= 46 total= 51 total_s= 0.034 connect= 0.000 search= 0.026 create= 0.004 read= 0.004
[    2.1s] poolMedium UP n= 47 total= 52 total_s= 0.037 connect= 0.000 search= 0.028 create= 0.004 read= 0.005
[    2.2s] poolMedium UP n= 48 total= 53 total_s= 0.035 connect= 0.000 search= 0.026 create= 0.004 read= 0.004
[    2.3s] poolMedium UP n= 49 total= 54 total_s= 0.109 connect= 0.000 search= 0.101 create= 0.004 read= 0.004
[    2.3s] poolMedium UP n= 50 total= 55 total_s= 0.035 connect= 0.000 search= 0.027 create= 0.004 read= 0.004
[    2.3s] poolMedium UP n= 51 total= 56 total_s= 0.038 connect= 0.000 search= 0.028 create= 0.004 read= 0.005
[    2.4s] poolMedium UP n= 52 total= 57 total_s= 0.036 connect= 0.000 search= 0.027 create= 0.005 read= 0.004
[    2.4s] poolMedium UP n= 53 total= 58 total_s= 0.036 connect= 0.000 search= 0.026 create= 0.006 read= 0.004
[   22.4s] poolMedium FAIL attempt=54 held=53 total=58 elapsed=20.02s OTHER(TimeoutError: timed out)
[   42.4s] poolMedium FAIL attempt=54 held=53 total=58 elapsed=20.02s OTHER(TimeoutError: timed out)
[   62.5s] poolMedium FAIL attempt=54 held=53 total=58 elapsed=20.02s OTHER(TimeoutError: timed out)
[   82.5s] poolMedium FAIL attempt=54 held=53 total=58 elapsed=20.02s OTHER(TimeoutError: timed out)
[   82.5s] poolMedium === TOP ===
[   82.5s] poolMedium D1 client-side served = 53 ramp + 5 monitor = 58
[   82.5s] poolMedium deadline_hit=False consecutive_failures=4 ceiling_hit=False
[   82.5s] poolMedium SAMPLE top          CONN_CNT=58.0 REFUSED=0.0 FD_CNT=64.0 FD_MAX=1000.0 MEM_USED=86659072.0
[   82.5s] poolMedium D2 server-side RTEMS:CA_CONN_CNT = 58.0
[   82.5s] poolMedium first failure at ramp attempt 54, t=22.4s
[   82.5s] poolMedium first failure verbatim: OTHER(TimeoutError: timed out)
[   82.5s] poolMedium phaseramp done
